Archive member included to satisfy reference by file (symbol)

/home/huynhtai/Downloads/STM32-master/stm32f4_bluetooth/stdperiph.a(stm32f4xx_gpio.o)
                              sensor.o (GPIO_Init)
/home/huynhtai/Downloads/STM32-master/stm32f4_bluetooth/stdperiph.a(stm32f4xx_flash.o)
                              EEPROM.o (FLASH_Unlock)
/home/huynhtai/Downloads/STM32-master/stm32f4_bluetooth/stdperiph.a(misc.o)
                              sensor.o (NVIC_Init)
/home/huynhtai/Downloads/STM32-master/stm32f4_bluetooth/stdperiph.a(stm32f4xx_usart.o)
                              main.o (USART_DeInit)
/home/huynhtai/Downloads/STM32-master/stm32f4_bluetooth/stdperiph.a(stm32f4xx_exti.o)
                              sensor.o (EXTI_Init)
/home/huynhtai/Downloads/STM32-master/stm32f4_bluetooth/stdperiph.a(stm32f4xx_rtc.o)
                              stm32f4xx_it.o (RTC_ClearFlag)
/home/huynhtai/Downloads/STM32-master/stm32f4_bluetooth/stdperiph.a(stm32f4xx_rcc.o)
                              /home/huynhtai/Downloads/STM32-master/stm32f4_bluetooth/stdperiph.a(stm32f4xx_usart.o) (RCC_GetClocksFreq)
/home/huynhtai/Downloads/STM32-master/stm32f4_bluetooth/stdperiph.a(stm32f4xx_syscfg.o)
                              sensor.o (SYSCFG_EXTILineConfig)
/home/huynhtai/Downloads/STM32-master/stm32f4_bluetooth/stdperiph.a(stm32f4xx_tim.o)
                              sensor.o (TIM_DeInit)

Allocating common symbols
Common symbol       size              file

GPIO_InitStructure  0x8               sensor.o
NVIC_InitStructure  0x4               sensor.o
EXTI_InitStructure  0x8               sensor.o
dis                 0x4               sensor.o
TIM_TimeBaseInitStruct
                    0xc               sensor.o

Discarded input sections

 .text          0x00000000       0x5c EEPROM.o
 .data          0x00000000        0x0 EEPROM.o
 .bss           0x00000000        0x0 EEPROM.o
 .debug_info    0x00000000      0x273 EEPROM.o
 .debug_abbrev  0x00000000      0x10d EEPROM.o
 .debug_loc     0x00000000      0x14b EEPROM.o
 .debug_aranges
                0x00000000       0x20 EEPROM.o
 .debug_line    0x00000000      0x17e EEPROM.o
 .debug_str     0x00000000      0x2cd EEPROM.o
 .comment       0x00000000       0x6f EEPROM.o
 .debug_frame   0x00000000       0x70 EEPROM.o
 .ARM.attributes
                0x00000000       0x33 EEPROM.o
 .text          0x00000000      0x1f0 sensor.o
 .data          0x00000000        0x0 sensor.o
 .bss           0x00000000        0x1 sensor.o
 .debug_info    0x00000000      0xc77 sensor.o
 .debug_abbrev  0x00000000      0x1d1 sensor.o
 .debug_aranges
                0x00000000       0x20 sensor.o
 .debug_ranges  0x00000000       0x20 sensor.o
 .debug_line    0x00000000      0x256 sensor.o
 .debug_str     0x00000000      0xc81 sensor.o
 .comment       0x00000000       0x6f sensor.o
 .debug_frame   0x00000000       0xa8 sensor.o
 .ARM.attributes
                0x00000000       0x33 sensor.o
 COMMON         0x00000000       0x24 sensor.o
 .data          0x00000000        0x0 startup_stm32f4xx.o
 .bss           0x00000000        0x0 startup_stm32f4xx.o
 .data          0x00000000        0x0 main.o
 .data          0x00000000        0x0 stm32f4xx_it.o
 .bss           0x00000000        0x0 stm32f4xx_it.o
 .bss           0x00000000        0x0 system_stm32f4xx.o
 .text          0x00000000       0x18 CortexM4asmOps.o
 .data          0x00000000        0x0 CortexM4asmOps.o
 .bss           0x00000000        0x0 CortexM4asmOps.o
 .ARM.attributes
                0x00000000       0x14 CortexM4asmOps.o
 .data          0x00000000        0x0 /home/huynhtai/Downloads/STM32-master/stm32f4_bluetooth/stdperiph.a(stm32f4xx_gpio.o)
 .bss           0x00000000        0x0 /home/huynhtai/Downloads/STM32-master/stm32f4_bluetooth/stdperiph.a(stm32f4xx_gpio.o)
 .text          0x00000000      0x55c /home/huynhtai/Downloads/STM32-master/stm32f4_bluetooth/stdperiph.a(stm32f4xx_flash.o)
 .data          0x00000000        0x0 /home/huynhtai/Downloads/STM32-master/stm32f4_bluetooth/stdperiph.a(stm32f4xx_flash.o)
 .bss           0x00000000        0x0 /home/huynhtai/Downloads/STM32-master/stm32f4_bluetooth/stdperiph.a(stm32f4xx_flash.o)
 .debug_info    0x00000000      0x9f0 /home/huynhtai/Downloads/STM32-master/stm32f4_bluetooth/stdperiph.a(stm32f4xx_flash.o)
 .debug_abbrev  0x00000000      0x21c /home/huynhtai/Downloads/STM32-master/stm32f4_bluetooth/stdperiph.a(stm32f4xx_flash.o)
 .debug_loc     0x00000000      0x836 /home/huynhtai/Downloads/STM32-master/stm32f4_bluetooth/stdperiph.a(stm32f4xx_flash.o)
 .debug_aranges
                0x00000000       0x20 /home/huynhtai/Downloads/STM32-master/stm32f4_bluetooth/stdperiph.a(stm32f4xx_flash.o)
 .debug_line    0x00000000      0x308 /home/huynhtai/Downloads/STM32-master/stm32f4_bluetooth/stdperiph.a(stm32f4xx_flash.o)
 .debug_str     0x00000000      0x662 /home/huynhtai/Downloads/STM32-master/stm32f4_bluetooth/stdperiph.a(stm32f4xx_flash.o)
[...]
Memory Configuration

Name             Origin             Length             Attributes
FLASH            0x08000000         0x00100000         xr
RAM              0x20000000         0x00020000         xrw
CCM              0x10000000         0x00010000         xrw
*default*        0x00000000         0xffffffff

Linker script and memory map

LOAD EEPROM.o
LOAD sensor.o
LOAD startup_stm32f4xx.o
LOAD main.o
LOAD stm32f4xx_it.o
LOAD system_stm32f4xx.o
LOAD CortexM4asmOps.o
LOAD /home/huynhtai/Downloads/STM32-master/stm32f4_bluetooth/stdperiph.a
LOAD /home/huynhtai/Downloads/TOOLCHAIN/gcc-arm-none-eabi-5_4-2016q3/bin/../lib/gcc/arm-none-eabi/5.4.1/../../../../arm-none-eabi/lib/armv7e-m/libc_nano.a
LOAD /home/huynhtai/Downloads/TOOLCHAIN/gcc-arm-none-eabi-5_4-2016q3/bin/../lib/gcc/arm-none-eabi/5.4.1/armv7e-m/libgcc.a
LOAD /home/huynhtai/Downloads/TOOLCHAIN/gcc-arm-none-eabi-5_4-2016q3/bin/../lib/gcc/arm-none-eabi/5.4.1/../../../../arm-none-eabi/lib/armv7e-m/libnosys.a
LOAD /home/huynhtai/Downloads/TOOLCHAIN/gcc-arm-none-eabi-5_4-2016q3/bin/../lib/gcc/arm-none-eabi/5.4.1/../../../../arm-none-eabi/lib/armv7e-m/libm.a
START GROUP
LOAD /home/huynhtai/Downloads/TOOLCHAIN/gcc-arm-none-eabi-5_4-2016q3/bin/../lib/gcc/arm-none-eabi/5.4.1/armv7e-m/libgcc.a
LOAD /home/huynhtai/Downloads/TOOLCHAIN/gcc-arm-none-eabi-5_4-2016q3/bin/../lib/gcc/arm-none-eabi/5.4.1/../../../../arm-none-eabi/lib/armv7e-m/libc_nano.a
END GROUP
START GROUP
LOAD /home/huynhtai/Downloads/TOOLCHAIN/gcc-arm-none-eabi-5_4-2016q3/bin/../lib/gcc/arm-none-eabi/5.4.1/armv7e-m/libgcc.a
LOAD /home/huynhtai/Downloads/TOOLCHAIN/gcc-arm-none-eabi-5_4-2016q3/bin/../lib/gcc/arm-none-eabi/5.4.1/../../../../arm-none-eabi/lib/armv7e-m/libc_nano.a
END GROUP
                0x20020000                _estack = 0x20020000
                0x00002000                _Min_Heap_Size = 0x2000
                0x00004000                _Min_Stack_Size = 0x4000

.isr_vector     0x08000000      0x188
                0x08000000                . = ALIGN (0x4)
 *(.isr_vector)
 .isr_vector    0x08000000      0x188 startup_stm32f4xx.o
                0x08000000                g_pfnVectors
                0x08000188                . = ALIGN (0x4)

.text           0x08000188     0x2ff8
                0x08000188                . = ALIGN (0x4)
 *(.text)
 .text          0x08000188       0x74 startup_stm32f4xx.o
                0x08000188                HASH_RNG_IRQHandler
                0x08000188                EXTI2_IRQHandler
                0x08000188                TIM8_CC_IRQHandler
                0x08000188                DebugMon_Handler
                0x08000188                TIM1_CC_IRQHandler
                0x08000188                DMA2_Stream5_IRQHandler
                0x08000188                DMA1_Stream5_IRQHandler
                0x08000188                SysTick_Handler
                0x08000188                PVD_IRQHandler
                0x08000188                SDIO_IRQHandler
                0x08000188                TAMP_STAMP_IRQHandler
                0x08000188                PendSV_Handler
                0x08000188                CAN2_RX1_IRQHandler
                0x08000188                EXTI3_IRQHandler
                0x08000188                TIM8_TRG_COM_TIM14_IRQHandler
                0x08000188                TIM1_UP_TIM10_IRQHandler
                0x08000188                TIM8_UP_TIM13_IRQHandler
                0x08000188                I2C3_ER_IRQHandler
                0x08000188                I2C2_EV_IRQHandler
                0x08000188                DMA1_Stream2_IRQHandler
                0x08000188                CAN1_RX0_IRQHandler
                0x08000188                FPU_IRQHandler
                0x08000188                OTG_HS_WKUP_IRQHandler
                0x08000188                UsageFault_Handler
                0x08000188                CAN2_SCE_IRQHandler
                0x08000188                DMA2_Stream2_IRQHandler
                0x08000188                SPI1_IRQHandler
                0x08000188                TIM6_DAC_IRQHandler
                0x08000188                TIM1_BRK_TIM9_IRQHandler
                0x08000188                DCMI_IRQHandler
                0x08000188                CAN2_RX0_IRQHandler
                0x08000188                DMA2_Stream3_IRQHandler
                0x08000188                USART6_IRQHandler
                0x08000188                USART3_IRQHandler
                0x08000188                CRYP_IRQHandler
                0x08000188                CAN1_RX1_IRQHandler
                0x08000188                UART5_IRQHandler
                0x08000188                DMA2_Stream0_IRQHandler
                0x08000188                I2C1_EV_IRQHandler
                0x08000188                DMA1_Stream6_IRQHandler
                0x08000188                DMA1_Stream1_IRQHandler
                0x08000188                UART4_IRQHandler
                0x08000188                TIM3_IRQHandler
                0x08000188                RCC_IRQHandler
                0x08000188                TIM8_BRK_TIM12_IRQHandler
                0x08000188                Default_Handler
                0x08000188                EXTI15_10_IRQHandler
                0x08000188                ADC_IRQHandler
                0x08000188                DMA1_Stream7_IRQHandler
                0x08000188                TIM7_IRQHandler
                0x08000188                CAN2_TX_IRQHandler
                0x08000188                TIM5_IRQHandler
                0x08000188                DMA2_Stream7_IRQHandler
                0x08000188                I2C3_EV_IRQHandler
                0x08000188                EXTI9_5_IRQHandler
                0x08000188                ETH_WKUP_IRQHandler
                0x08000188                SPI2_IRQHandler
                0x08000188                OTG_HS_EP1_IN_IRQHandler
                0x08000188                MemManage_Handler
                0x08000188                DMA1_Stream0_IRQHandler
                0x08000188                CAN1_TX_IRQHandler
                0x08000188                SVC_Handler
                0x08000188                EXTI4_IRQHandler
                0x08000188                FSMC_IRQHandler
                0x08000188                ETH_IRQHandler
                0x08000188                OTG_HS_EP1_OUT_IRQHandler
                0x08000188                WWDG_IRQHandler
                0x08000188                TIM2_IRQHandler
                0x08000188                OTG_FS_WKUP_IRQHandler
                0x08000188                TIM1_TRG_COM_TIM11_IRQHandler
                0x08000188                OTG_HS_IRQHandler
                0x08000188                EXTI1_IRQHandler
                0x08000188                I2C2_ER_IRQHandler
                0x08000188                DMA2_Stream1_IRQHandler
                0x08000188                CAN1_SCE_IRQHandler
                0x08000188                FLASH_IRQHandler
                0x08000188                DMA2_Stream4_IRQHandler
                0x08000188                BusFault_Handler
                0x08000188                USART1_IRQHandler
                0x08000188                OTG_FS_IRQHandler
                0x08000188                SPI3_IRQHandler
                0x08000188                DMA1_Stream4_IRQHandler
                0x08000188                I2C1_ER_IRQHandler
                0x08000188                DMA2_Stream6_IRQHandler
                0x08000188                DMA1_Stream3_IRQHandler
                0x0800018c                Reset_Handler
 .text          0x080001fc      0x450 main.o
                0x080001fc                delay
                0x08000214                RunMotor
                0x0800024c                Enable_Motor
                0x08000270                Disable_Motor
                0x0800027c                init_GPIO
                0x080004e8                EXTI0_IRQHandler
                0x08000538                TIM4_IRQHandler
                0x080005a4                USART2_IRQHandler
 .text          0x0800064c       0xa0 stm32f4xx_it.o
                0x0800064c                NMI_Handler
                0x08000650                HardFault_Handler
                0x08000670                RTC_WKUP_IRQHandler
                0x08000694                RTC_Alarm_IRQHandler
 .text          0x080006ec      0x168 system_stm32f4xx.o
                0x080006ec                SystemInit
                0x080007e0                SystemCoreClockUpdate
 .text          0x08000854      0x2a8 /home/huynhtai/Downloads/STM32-master/stm32f4_bluetooth/stdperiph.a(stm32f4xx_gpio.o)
                0x08000854                GPIO_DeInit
                0x080009b0                GPIO_Init
                0x08000a54                GPIO_StructInit
                0x08000a68                GPIO_PinLockConfig
                0x08000a8c                GPIO_ReadInputDataBit
                0x08000a98                GPIO_ReadInputData
                0x08000aa0                GPIO_ReadOutputDataBit
                0x08000aac                GPIO_ReadOutputData
                0x08000ab4                GPIO_SetBits
                0x08000ab8                GPIO_ResetBits
                0x08000abc                GPIO_WriteBit
                0x08000ac8                GPIO_Write
                0x08000acc                GPIO_ToggleBits
                0x08000ad4                GPIO_PinAFConfig
 .text          0x08000afc       0xbc /home/huynhtai/Downloads/STM32-master/stm32f4_bluetooth/stdperiph.a(misc.o)
                0x08000afc                NVIC_PriorityGroupConfig
                0x08000b10                NVIC_Init
                0x08000b74                NVIC_SetVectorTable
                0x08000b88                NVIC_SystemLPConfig
                0x08000ba0                SysTick_CLKSourceConfig
 .text          0x08000bb8      0x4a4 /home/huynhtai/Downloads/STM32-master/stm32f4_bluetooth/stdperiph.a(stm32f4xx_usart.o)
                0x08000bb8                USART_DeInit
                0x08000cc4                USART_Init
                0x08000d88                USART_StructInit
                0x08000da0                USART_ClockInit
                0x08000dc4                USART_ClockStructInit
                0x08000dd0                USART_Cmd
                0x08000dec                USART_SetPrescaler
                0x08000e00                USART_OverSampling8Cmd
                0x08000e1c                USART_OneBitMethodCmd
                0x08000e38                USART_SendData
                0x08000e50                USART_SendString
                0x08000e74                USART_ReceiveData
                0x08000e7c                USART_SetAddress
                0x08000e94                USART_ReceiverWakeUpCmd
                0x08000eb0                USART_WakeUpConfig
                0x08000ec8                USART_LINBreakDetectLengthConfig
                0x08000ee0                USART_LINCmd
                0x08000efc                USART_SendBreak
                0x08000f08                USART_HalfDuplexCmd
                0x08000f24                USART_SetGuardTime
                0x08000f38                USART_SmartCardCmd
                0x08000f54                USART_SmartCardNACKCmd
                0x08000f70                USART_IrDAConfig
                0x08000f88                USART_IrDACmd
                0x08000fa4                USART_DMACmd
                0x08000fb8                USART_ITConfig
                0x08000ff0                USART_GetFlagStatus
                0x08000ffc                USART_ClearFlag
                0x08001004                USART_GetITStatus
                0x0800104c                USART_ClearITPendingBit
 .text          0x0800105c       0xe8 /home/huynhtai/Downloads/STM32-master/stm32f4_bluetooth/stdperiph.a(stm32f4xx_exti.o)
                0x0800105c                EXTI_DeInit
                0x08001078                EXTI_Init
                0x080010f4                EXTI_StructInit
                0x08001104                EXTI_GenerateSWInterrupt
                0x08001114                EXTI_ClearFlag
                0x08001120                EXTI_GetITStatus
                0x08001134                EXTI_GetFlagStatus
                0x08001138                EXTI_ClearITPendingBit
 .text          0x08001144      0xcb0 /home/huynhtai/Downloads/STM32-master/stm32f4_bluetooth/stdperiph.a(stm32f4xx_rtc.o)
                0x08001144                RTC_StructInit
                0x08001150                RTC_WriteProtectionCmd
                0x08001168                RTC_EnterInitMode
                0x080011ac                RTC_Init
                0x080011f4                RTC_ExitInitMode
                0x08001204                RTC_WaitForSynchro
                0x08001248                RTC_DeInit
                0x080012d4                RTC_RefClockCmd
                0x08001314                RTC_BypassShadowCmd
                0x08001344                RTC_SetTime
                0x08001438                RTC_TimeStructInit
                0x08001450                RTC_GetTime
                0x080014b0                RTC_GetSubSecond
                0x080014bc                RTC_SetDate
                0x080015a0                RTC_DateStructInit
                0x080015b8                RTC_GetDate
                0x08001618                RTC_SetAlarm
                0x08001720                RTC_AlarmStructInit
                0x0800173c                RTC_GetAlarm
                0x080017d8                RTC_AlarmCmd
                0x08001834                RTC_AlarmSubSecondConfig
                0x0800185c                RTC_GetAlarmSubSecond
                0x08001874                RTC_WakeUpClockConfig
                0x08001898                RTC_SetWakeUpCounter
                0x080018b4                RTC_GetWakeUpCounter
                0x080018c0                RTC_WakeUpCmd
                0x08001918                RTC_DayLightSavingConfig
                0x08001940                RTC_GetStoreOperation
                0x08001950                RTC_OutputConfig
                0x08001978                RTC_CoarseCalibConfig
                0x080019a8                RTC_CoarseCalibCmd
                0x080019e8                RTC_CalibOutputCmd
                0x08001a18                RTC_CalibOutputConfig
                0x08001a3c                RTC_SmoothCalibConfig
                0x08001a88                RTC_TimeStampCmd
                0x08001abc                RTC_GetTimeStamp
                0x08001b78                RTC_GetTimeStampSubSecond
                0x08001b84                RTC_TamperTriggerConfig
                0x08001ba0                RTC_TamperCmd
                0x08001bbc                RTC_TamperFilterConfig
                0x08001bd4                RTC_TamperSamplingFreqConfig
                0x08001bec                RTC_TamperPinsPrechargeDuration
                0x08001c04                RTC_TimeStampOnTamperDetectionCmd
                0x08001c20                RTC_TamperPullUpCmd
                0x08001c3c                RTC_WriteBackupRegister
                0x08001c5c                RTC_ReadBackupRegister
                0x08001c7c                RTC_TamperPinSelection
                0x08001c94                RTC_TimeStampPinSelection
                0x08001cac                RTC_OutputTypeConfig
                0x08001cc4                RTC_SynchroShiftConfig
                0x08001d2c                RTC_ITConfig
                0x08001d74                RTC_GetFlagStatus
                0x08001d90                RTC_ClearFlag
                0x08001dac                RTC_GetITStatus
                0x08001dd8                RTC_ClearITPendingBit
 .text          0x08001df4      0x580 /home/huynhtai/Downloads/STM32-master/stm32f4_bluetooth/stdperiph.a(stm32f4xx_rcc.o)
                0x08001df4                RCC_DeInit
                0x08001e44                RCC_HSEConfig
                0x08001e54                RCC_WaitForHSEStartUp
                0x08001e88                RCC_AdjustHSICalibrationValue
                0x08001e9c                RCC_HSICmd
                0x08001ea8                RCC_LSEConfig
                0x08001ec8                RCC_LSICmd
                0x08001ed4                RCC_PLLConfig
                0x08001ef8                RCC_PLLCmd
                0x08001f04                RCC_PLLI2SConfig
                0x08001f18                RCC_PLLI2SCmd
                0x08001f24                RCC_PLLSAIConfig
                0x08001f3c                RCC_PLLSAICmd
                0x08001f48                RCC_ClockSecuritySystemCmd
                0x08001f54                RCC_MCO1Config
                0x08001f68                RCC_MCO2Config
                0x08001f7c                RCC_SYSCLKConfig
                0x08001f90                RCC_GetSYSCLKSource
                0x08001fa0                RCC_HCLKConfig
                0x08001fb4                RCC_PCLK1Config
                0x08001fc8                RCC_PCLK2Config
                0x08001fdc                RCC_GetClocksFreq
                0x08002074                RCC_RTCCLKConfig
                0x080020a4                RCC_RTCCLKCmd
                0x080020b0                RCC_BackupResetCmd
                0x080020bc                RCC_I2SCLKConfig
                0x080020c8                RCC_SAIPLLI2SClkDivConfig
                0x080020e0                RCC_SAIPLLSAIClkDivConfig
                0x080020fc                RCC_SAIBlockACLKConfig
                0x08002114                RCC_SAIBlockBCLKConfig
                0x0800212c                RCC_LTDCCLKDivConfig
                0x08002144                RCC_TIMCLKPresConfig
                0x08002150                RCC_AHB1PeriphClockCmd
                0x0800216c                RCC_AHB2PeriphClockCmd
                0x08002188                RCC_AHB3PeriphClockCmd
                0x080021a4                RCC_APB1PeriphClockCmd
                0x080021c0                RCC_APB2PeriphClockCmd
                0x080021dc                RCC_AHB1PeriphResetCmd
                0x080021f8                RCC_AHB2PeriphResetCmd
                0x08002214                RCC_AHB3PeriphResetCmd
                0x08002230                RCC_APB1PeriphResetCmd
                0x0800224c                RCC_APB2PeriphResetCmd
                0x08002268                RCC_AHB1PeriphClockLPModeCmd
                0x08002284                RCC_AHB2PeriphClockLPModeCmd
                0x080022a0                RCC_AHB3PeriphClockLPModeCmd
                0x080022bc                RCC_APB1PeriphClockLPModeCmd
                0x080022d8                RCC_APB2PeriphClockLPModeCmd
                0x080022f4                RCC_ITConfig
                0x08002310                RCC_GetFlagStatus
                0x08002344                RCC_ClearFlag
                0x08002354                RCC_GetITStatus
                0x08002368                RCC_ClearITPendingBit
 .text          0x08002374      0xdac /home/huynhtai/Downloads/STM32-master/stm32f4_bluetooth/stdperiph.a(stm32f4xx_tim.o)
                0x08002374                TIM_DeInit
                0x0800252c                TIM_TimeBaseInit
                0x080025c4                TIM_TimeBaseStructInit
                0x080025d8                TIM_PrescalerConfig
                0x080025e0                TIM_CounterModeConfig
                0x080025f0                TIM_SetCounter
                0x080025f4                TIM_SetAutoreload
                0x080025f8                TIM_GetCounter
                0x080025fc                TIM_GetPrescaler
                0x08002604                TIM_UpdateDisableConfig
                0x08002620                TIM_UpdateRequestConfig
                0x0800263c                TIM_ARRPreloadConfig
                0x08002658                TIM_SelectOnePulseMode
                0x08002670                TIM_SetClockDivision
                0x08002688                TIM_Cmd
                0x080026a4                TIM_OC1Init
                0x08002724                TIM_OC2Init
                0x080027b4                TIM_OC3Init
                0x08002840                TIM_OC4Init
                0x080028b4                TIM_OCStructInit
                0x080028c8                TIM_SelectOCxM
                0x08002914                TIM_SetCompare1
                0x08002918                TIM_SetCompare2
                0x0800291c                TIM_SetCompare3
                0x08002920                TIM_SetCompare4
                0x08002924                TIM_ForcedOC1Config
                0x08002934                TIM_ForcedOC2Config
                0x08002948                TIM_ForcedOC3Config
                0x08002958                TIM_ForcedOC4Config
                0x0800296c                TIM_OC1PreloadConfig
                0x0800297c                TIM_OC2PreloadConfig
                0x08002990                TIM_OC3PreloadConfig
                0x080029a0                TIM_OC4PreloadConfig
                0x080029b4                TIM_OC1FastConfig
                0x080029c4                TIM_OC2FastConfig
                0x080029d8                TIM_OC3FastConfig
                0x080029e8                TIM_OC4FastConfig
                0x080029fc                TIM_ClearOC1Ref
                0x08002a0c                TIM_ClearOC2Ref
                0x08002a1c                TIM_ClearOC3Ref
                0x08002a2c                TIM_ClearOC4Ref
                0x08002a3c                TIM_OC1PolarityConfig
                0x08002a4c                TIM_OC1NPolarityConfig
                0x08002a5c                TIM_OC2PolarityConfig
                0x08002a70                TIM_OC2NPolarityConfig
                0x08002a84                TIM_OC3PolarityConfig
                0x08002a98                TIM_OC3NPolarityConfig
                0x08002aac                TIM_OC4PolarityConfig
                0x08002ac0                TIM_CCxCmd
                0x08002ae0                TIM_CCxNCmd
                0x08002b00                TIM_ICInit
                0x08002c68                TIM_ICStructInit
                0x08002c78                TIM_PWMIConfig
                0x08002dd0                TIM_GetCapture1
                0x08002dd4                TIM_GetCapture2
                0x08002dd8                TIM_GetCapture3
                0x08002ddc                TIM_GetCapture4
                0x08002de0                TIM_SetIC1Prescaler
                0x08002df8                TIM_SetIC2Prescaler
                0x08002e14                TIM_SetIC3Prescaler
                0x08002e2c                TIM_SetIC4Prescaler
                0x08002e48                TIM_BDTRConfig
                0x08002e70                TIM_BDTRStructInit
                0x08002e84                TIM_CtrlPWMOutputs
                0x08002ea4                TIM_SelectCOM
                0x08002ec0                TIM_CCPreloadControl
                0x08002edc                TIM_GenerateEvent
                0x08002ee0                TIM_GetFlagStatus
                0x08002eec                TIM_ClearFlag
                0x08002ef4                TIM_GetITStatus
                0x08002f0c                TIM_ClearITPendingBit
                0x08002f14                TIM_DMAConfig
                0x08002f1c                TIM_DMACmd
                0x08002f30                TIM_ITConfig
                0x08002f34                TIM_SelectCCDMA
                0x08002f50                TIM_InternalClockConfig
                0x08002f60                TIM_ITRxExternalClockConfig
                0x08002f7c                TIM_TIxExternalClockConfig
                0x08003004                TIM_ETRClockMode1Config
                0x0800302c                TIM_ETRClockMode2Config
                0x0800304c                TIM_SelectInputTrigger
                0x0800305c                TIM_SelectOutputTrigger
                0x08003074                TIM_SelectSlaveMode
                0x0800308c                TIM_SelectMasterSlaveMode
                0x080030a4                TIM_ETRConfig
                0x080030bc                TIM_EncoderInterfaceConfig
                0x080030fc                TIM_SelectHallSensor
                0x08003118                TIM_RemapConfig
 *(.text*)
 .text.startup  0x08003120       0x60 main.o
                0x08003120                main
 *(.rodata)
 *(.rodata*)
 *(.glue_7)
 .glue_7        0x08003180        0x0 linker stubs
 *(.glue_7t)
 .glue_7t       0x08003180        0x0 linker stubs
 *(.eh_frame)
 *(.init)
 *(.fini)
                0x08003180                . = ALIGN (0x4)
                0x08003180                _etext = .
                0x08003180                _exit = .

.vfp11_veneer   0x08003180        0x0
 .vfp11_veneer  0x08003180        0x0 linker stubs

.v4_bx          0x08003180        0x0
 .v4_bx         0x08003180        0x0 linker stubs

.iplt           0x08003180        0x0
 .iplt          0x08003180        0x0 EEPROM.o

.rel.dyn        0x08003180        0x0
 .rel.iplt      0x08003180        0x0 EEPROM.o

.ARM.extab
 *(.ARM.extab* .gnu.linkonce.armextab.*)

.ARM            0x08003180        0x0
                0x08003180                __exidx_start = .
 *(.ARM.exidx*)
                0x08003180                __exidx_end = .

.preinit_array  0x08003180        0x0
                [!provide]                PROVIDE (__preinit_array_start, .)
 *(.preinit_array*)
                [!provide]                PROVIDE (__preinit_array_end, .)

.init_array     0x08003180        0x0
                [!provide]                PROVIDE (__init_array_start, .)
 *(SORT(.init_array.*))
 *(.init_array*)
                [!provide]                PROVIDE (__init_array_end, .)

.fini_array     0x08003180        0x0
                [!provide]                PROVIDE (__fini_array_start, .)
 *(.fini_array*)
 *(SORT(.fini_array.*))
                [!provide]                PROVIDE (__fini_array_end, .)
                0x08003180                __sidata = .

.data           0x20000000       0x24 load address 0x08003180
                0x20000000                . = ALIGN (0x4)
                0x20000000                _sdata = .
                0x20000000                __data_start__ = _sdata
 *(.data)
 .data          0x20000000       0x14 system_stm32f4xx.o
                0x20000000                AHBPrescTable
                0x20000010                SystemCoreClock
 .data          0x20000014       0x10 /home/huynhtai/Downloads/STM32-master/stm32f4_bluetooth/stdperiph.a(stm32f4xx_rcc.o)
 *(.data*)
                0x20000024                . = ALIGN (0x4)
                0x20000024                _edata = .
                0x20000024                __data_end__ = _edata

.igot.plt       0x20000024        0x0 load address 0x080031a4
 .igot.plt      0x20000024        0x0 EEPROM.o
                0x20000024                . = ALIGN (0x4)

.bss            0x20000024        0x8 load address 0x080031a4
                0x20000024                _sbss = .
                0x20000024                __bss_start__ = _sbss
 *(.bss)
 .bss           0x20000024        0x5 main.o
                0x20000024                count
                0x20000028                state
 *(.bss*)
 *(COMMON)
                0x2000002c                . = ALIGN (0x4)
 *fill*         0x20000029        0x3 
                0x2000002c                _ebss = .
                0x2000002c                __bss_end__ = _ebss

._user_heap_stack
                0x2000002c     0x6000 load address 0x080031ac
                0x2000002c                . = ALIGN (0x4)
                [!provide]                PROVIDE (end, .)
                [!provide]                PROVIDE (_end, .)
                0x2000202c                . = (. + _Min_Heap_Size)
 *fill*         0x2000002c     0x2000 
                0x2000602c                . = (. + _Min_Stack_Size)
 *fill*         0x2000202c     0x4000 
                0x2000602c                . = ALIGN (0x4)
OUTPUT(/home/huynhtai/Downloads/STM32-master/stm32f4_bluetooth/build/blinky.elf elf32-littlearm)

.debug_info     0x00000000     0x83a7
 .debug_info    0x00000000      0x11f startup_stm32f4xx.o
 .debug_info    0x0000011f     0x149b main.o
 .debug_info    0x000015ba      0x3b3 stm32f4xx_it.o
 .debug_info    0x0000196d      0x615 system_stm32f4xx.o
 .debug_info    0x00001f82      0x84a /home/huynhtai/Downloads/STM32-master/stm32f4_bluetooth/stdperiph.a(stm32f4xx_gpio.o)
 .debug_info    0x000027cc      0x542 /home/huynhtai/Downloads/STM32-master/stm32f4_bluetooth/stdperiph.a(misc.o)
 .debug_info    0x00002d0e      0xc5b /home/huynhtai/Downloads/STM32-master/stm32f4_bluetooth/stdperiph.a(stm32f4xx_usart.o)
 .debug_info    0x00003969      0x305 /home/huynhtai/Downloads/STM32-master/stm32f4_bluetooth/stdperiph.a(stm32f4xx_exti.o)
 .debug_info    0x00003c6e     0x13d8 /home/huynhtai/Downloads/STM32-master/stm32f4_bluetooth/stdperiph.a(stm32f4xx_rtc.o)
 .debug_info    0x00005046      0xed1 /home/huynhtai/Downloads/STM32-master/stm32f4_bluetooth/stdperiph.a(stm32f4xx_rcc.o)
 .debug_info    0x00005f17     0x2490 /home/huynhtai/Downloads/STM32-master/stm32f4_bluetooth/stdperiph.a(stm32f4xx_tim.o)

.debug_abbrev   0x00000000     0x14ac
 .debug_abbrev  0x00000000       0xca startup_stm32f4xx.o
 .debug_abbrev  0x000000ca      0x29b main.o
 .debug_abbrev  0x00000365      0x151 stm32f4xx_it.o
 .debug_abbrev  0x000004b6      0x147 system_stm32f4xx.o
 .debug_abbrev  0x000005fd      0x1f5 /home/huynhtai/Downloads/STM32-master/stm32f4_bluetooth/stdperiph.a(stm32f4xx_gpio.o)
 .debug_abbrev  0x000007f2      0x158 /home/huynhtai/Downloads/STM32-master/stm32f4_bluetooth/stdperiph.a(misc.o)
 .debug_abbrev  0x0000094a      0x25a /home/huynhtai/Downloads/STM32-master/stm32f4_bluetooth/stdperiph.a(stm32f4xx_usart.o)
 .debug_abbrev  0x00000ba4      0x1b0 /home/huynhtai/Downloads/STM32-master/stm32f4_bluetooth/stdperiph.a(stm32f4xx_exti.o)
 .debug_abbrev  0x00000d54      0x267 /home/huynhtai/Downloads/STM32-master/stm32f4_bluetooth/stdperiph.a(stm32f4xx_rtc.o)
 .debug_abbrev  0x00000fbb      0x270 /home/huynhtai/Downloads/STM32-master/stm32f4_bluetooth/stdperiph.a(stm32f4xx_rcc.o)
 .debug_abbrev  0x0000122b      0x281 /home/huynhtai/Downloads/STM32-master/stm32f4_bluetooth/stdperiph.a(stm32f4xx_tim.o)

.debug_loc      0x00000000     0x5501
 .debug_loc     0x00000000       0x3e startup_stm32f4xx.o
 .debug_loc     0x0000003e      0x1eb main.o
 .debug_loc     0x00000229      0x13b system_stm32f4xx.o
 .debug_loc     0x00000364      0x3d2 /home/huynhtai/Downloads/STM32-master/stm32f4_bluetooth/stdperiph.a(stm32f4xx_gpio.o)
 .debug_loc     0x00000736      0x17c /home/huynhtai/Downloads/STM32-master/stm32f4_bluetooth/stdperiph.a(misc.o)
 .debug_loc     0x000008b2      0xa0f /home/huynhtai/Downloads/STM32-master/stm32f4_bluetooth/stdperiph.a(stm32f4xx_usart.o)
 .debug_loc     0x000012c1      0x12d /home/huynhtai/Downloads/STM32-master/stm32f4_bluetooth/stdperiph.a(stm32f4xx_exti.o)
 .debug_loc     0x000013ee     0x1377 /home/huynhtai/Downloads/STM32-master/stm32f4_bluetooth/stdperiph.a(stm32f4xx_rtc.o)
 .debug_loc     0x00002765      0xd16 /home/huynhtai/Downloads/STM32-master/stm32f4_bluetooth/stdperiph.a(stm32f4xx_rcc.o)
 .debug_loc     0x0000347b     0x2086 /home/huynhtai/Downloads/STM32-master/stm32f4_bluetooth/stdperiph.a(stm32f4xx_tim.o)

.debug_aranges  0x00000000      0x168
 .debug_aranges
                0x00000000       0x20 startup_stm32f4xx.o
 .debug_aranges
                0x00000020       0x28 main.o
 .debug_aranges
                0x00000048       0x20 stm32f4xx_it.o
 .debug_aranges
                0x00000068       0x20 system_stm32f4xx.o
 .debug_aranges
                0x00000088       0x20 /home/huynhtai/Downloads/STM32-master/stm32f4_bluetooth/stdperiph.a(stm32f4xx_gpio.o)
 .debug_aranges
                0x000000a8       0x20 /home/huynhtai/Downloads/STM32-master/stm32f4_bluetooth/stdperiph.a(misc.o)
 .debug_aranges
                0x000000c8       0x20 /home/huynhtai/Downloads/STM32-master/stm32f4_bluetooth/stdperiph.a(stm32f4xx_usart.o)
 .debug_aranges
                0x000000e8       0x20 /home/huynhtai/Downloads/STM32-master/stm32f4_bluetooth/stdperiph.a(stm32f4xx_exti.o)
 .debug_aranges
                0x00000108       0x20 /home/huynhtai/Downloads/STM32-master/stm32f4_bluetooth/stdperiph.a(stm32f4xx_rtc.o)
 .debug_aranges
                0x00000128       0x20 /home/huynhtai/Downloads/STM32-master/stm32f4_bluetooth/stdperiph.a(stm32f4xx_rcc.o)
 .debug_aranges
                0x00000148       0x20 /home/huynhtai/Downloads/STM32-master/stm32f4_bluetooth/stdperiph.a(stm32f4xx_tim.o)

.debug_line     0x00000000     0x224f
 .debug_line    0x00000000       0x64 startup_stm32f4xx.o
 .debug_line    0x00000064      0x31d main.o
 .debug_line    0x00000381      0x1cc stm32f4xx_it.o
 .debug_line    0x0000054d      0x1d1 system_stm32f4xx.o
 .debug_line    0x0000071e      0x296 /home/huynhtai/Downloads/STM32-master/stm32f4_bluetooth/stdperiph.a(stm32f4xx_gpio.o)
 .debug_line    0x000009b4      0x1aa /home/huynhtai/Downloads/STM32-master/stm32f4_bluetooth/stdperiph.a(misc.o)
 .debug_line    0x00000b5e      0x378 /home/huynhtai/Downloads/STM32-master/stm32f4_bluetooth/stdperiph.a(stm32f4xx_usart.o)
 .debug_line    0x00000ed6      0x1d1 /home/huynhtai/Downloads/STM32-master/stm32f4_bluetooth/stdperiph.a(stm32f4xx_exti.o)
 .debug_line    0x000010a7      0x72f /home/huynhtai/Downloads/STM32-master/stm32f4_bluetooth/stdperiph.a(stm32f4xx_rtc.o)
 .debug_line    0x000017d6      0x337 /home/huynhtai/Downloads/STM32-master/stm32f4_bluetooth/stdperiph.a(stm32f4xx_rcc.o)
 .debug_line    0x00001b0d      0x742 /home/huynhtai/Downloads/STM32-master/stm32f4_bluetooth/stdperiph.a(stm32f4xx_tim.o)

.debug_str      0x00000000     0x2fee
 .debug_str     0x00000000      0x159 startup_stm32f4xx.o
                                0x16b (size before relaxing)
 .debug_str     0x00000159      0xdaf main.o
                                0xebf (size before relaxing)
 .debug_str     0x00000f08       0xf0 stm32f4xx_it.o
                                0x2e5 (size before relaxing)
 .debug_str     0x00000ff8      0x1f3 system_stm32f4xx.o
                                0x3bb (size before relaxing)
 .debug_str     0x000011eb      0x13a /home/huynhtai/Downloads/STM32-master/stm32f4_bluetooth/stdperiph.a(stm32f4xx_gpio.o)
                                0x4b1 (size before relaxing)
 .debug_str     0x00001325      0x11d /home/huynhtai/Downloads/STM32-master/stm32f4_bluetooth/stdperiph.a(misc.o)
                                0x3ba (size before relaxing)
 .debug_str     0x00001442      0x375 /home/huynhtai/Downloads/STM32-master/stm32f4_bluetooth/stdperiph.a(stm32f4xx_usart.o)
                                0x6df (size before relaxing)
 .debug_str     0x000017b7       0x6b /home/huynhtai/Downloads/STM32-master/stm32f4_bluetooth/stdperiph.a(stm32f4xx_exti.o)
                                0x324 (size before relaxing)
 .debug_str     0x00001822      0x922 /home/huynhtai/Downloads/STM32-master/stm32f4_bluetooth/stdperiph.a(stm32f4xx_rtc.o)
                                0xb42 (size before relaxing)
 .debug_str     0x00002144      0x55e /home/huynhtai/Downloads/STM32-master/stm32f4_bluetooth/stdperiph.a(stm32f4xx_rcc.o)
                                0x98f (size before relaxing)
 .debug_str     0x000026a2      0x94c /home/huynhtai/Downloads/STM32-master/stm32f4_bluetooth/stdperiph.a(stm32f4xx_tim.o)
                                0xddd (size before relaxing)

.comment        0x00000000       0x6e
 .comment       0x00000000       0x6e startup_stm32f4xx.o
                                 0x6f (size before relaxing)
 .comment       0x0000006e       0x6f main.o
 .comment       0x0000006e       0x6f stm32f4xx_it.o
 .comment       0x0000006e       0x6f system_stm32f4xx.o
 .comment       0x0000006e       0x6f /home/huynhtai/Downloads/STM32-master/stm32f4_bluetooth/stdperiph.a(stm32f4xx_gpio.o)
 .comment       0x0000006e       0x6f /home/huynhtai/Downloads/STM32-master/stm32f4_bluetooth/stdperiph.a(misc.o)
 .comment       0x0000006e       0x6f /home/huynhtai/Downloads/STM32-master/stm32f4_bluetooth/stdperiph.a(stm32f4xx_usart.o)
 .comment       0x0000006e       0x6f /home/huynhtai/Downloads/STM32-master/stm32f4_bluetooth/stdperiph.a(stm32f4xx_exti.o)
 .comment       0x0000006e       0x6f /home/huynhtai/Downloads/STM32-master/stm32f4_bluetooth/stdperiph.a(stm32f4xx_rtc.o)
 .comment       0x0000006e       0x6f /home/huynhtai/Downloads/STM32-master/stm32f4_bluetooth/stdperiph.a(stm32f4xx_rcc.o)
 .comment       0x0000006e       0x6f /home/huynhtai/Downloads/STM32-master/stm32f4_bluetooth/stdperiph.a(stm32f4xx_tim.o)

.ARM.attributes
                0x00000000       0x31
 .ARM.attributes
                0x00000000       0x33 startup_stm32f4xx.o
 .ARM.attributes
                0x00000033       0x33 main.o
 .ARM.attributes
                0x00000066       0x33 stm32f4xx_it.o
 .ARM.attributes
                0x00000099       0x33 system_stm32f4xx.o
 .ARM.attributes
                0x000000cc       0x33 /home/huynhtai/Downloads/STM32-master/stm32f4_bluetooth/stdperiph.a(stm32f4xx_gpio.o)
 .ARM.attributes
                0x000000ff       0x33 /home/huynhtai/Downloads/STM32-master/stm32f4_bluetooth/stdperiph.a(misc.o)
 .ARM.attributes
                0x00000132       0x33 /home/huynhtai/Downloads/STM32-master/stm32f4_bluetooth/stdperiph.a(stm32f4xx_usart.o)
 .ARM.attributes
                0x00000165       0x33 /home/huynhtai/Downloads/STM32-master/stm32f4_bluetooth/stdperiph.a(stm32f4xx_exti.o)
 .ARM.attributes
                0x00000198       0x33 /home/huynhtai/Downloads/STM32-master/stm32f4_bluetooth/stdperiph.a(stm32f4xx_rtc.o)
 .ARM.attributes
                0x000001cb       0x33 /home/huynhtai/Downloads/STM32-master/stm32f4_bluetooth/stdperiph.a(stm32f4xx_rcc.o)
 .ARM.attributes
                0x000001fe       0x33 /home/huynhtai/Downloads/STM32-master/stm32f4_bluetooth/stdperiph.a(stm32f4xx_tim.o)

.debug_frame    0x00000000     0x1714
 .debug_frame   0x00000000       0x40 startup_stm32f4xx.o
 .debug_frame   0x00000040      0x11c main.o
 .debug_frame   0x0000015c       0xe0 stm32f4xx_it.o
 .debug_frame   0x0000023c       0x3c system_stm32f4xx.o
 .debug_frame   0x00000278      0x174 /home/huynhtai/Downloads/STM32-master/stm32f4_bluetooth/stdperiph.a(stm32f4xx_gpio.o)
 .debug_frame   0x000003ec       0x70 /home/huynhtai/Downloads/STM32-master/stm32f4_bluetooth/stdperiph.a(misc.o)
 .debug_frame   0x0000045c      0x284 /home/huynhtai/Downloads/STM32-master/stm32f4_bluetooth/stdperiph.a(stm32f4xx_usart.o)
 .debug_frame   0x000006e0       0xb4 /home/huynhtai/Downloads/STM32-master/stm32f4_bluetooth/stdperiph.a(stm32f4xx_exti.o)
 .debug_frame   0x00000794      0x50c /home/huynhtai/Downloads/STM32-master/stm32f4_bluetooth/stdperiph.a(stm32f4xx_rtc.o)
 .debug_frame   0x00000ca0      0x37c /home/huynhtai/Downloads/STM32-master/stm32f4_bluetooth/stdperiph.a(stm32f4xx_rcc.o)
 .debug_frame   0x0000101c      0x6f8 /home/huynhtai/Downloads/STM32-master/stm32f4_bluetooth/stdperiph.a(stm32f4xx_tim.o)

.debug_ranges   0x00000000      0x208
 .debug_ranges  0x00000000       0x30 main.o
 .debug_ranges  0x00000030       0x18 system_stm32f4xx.o
 .debug_ranges  0x00000048       0x30 /home/huynhtai/Downloads/STM32-master/stm32f4_bluetooth/stdperiph.a(stm32f4xx_usart.o)
 .debug_ranges  0x00000078       0xc8 /home/huynhtai/Downloads/STM32-master/stm32f4_bluetooth/stdperiph.a(stm32f4xx_rtc.o)
 .debug_ranges  0x00000140       0x20 /home/huynhtai/Downloads/STM32-master/stm32f4_bluetooth/stdperiph.a(stm32f4xx_rcc.o)
 .debug_ranges  0x00000160       0xa8 /home/huynhtai/Downloads/STM32-master/stm32f4_bluetooth/stdperiph.a(stm32f4xx_tim.o)

Cross Reference Table

Symbol                                            File
ADC_IRQHandler                                    startup_stm32f4xx.o
AHBPrescTable                                     system_stm32f4xx.o
BusFault_Handler                                  startup_stm32f4xx.o
CAN1_RX0_IRQHandler                               startup_stm32f4xx.o
CAN1_RX1_IRQHandler                               startup_stm32f4xx.o
CAN1_SCE_IRQHandler                               startup_stm32f4xx.o
CAN1_TX_IRQHandler                                startup_stm32f4xx.o
CAN2_RX0_IRQHandler                               startup_stm32f4xx.o
CAN2_RX1_IRQHandler                               startup_stm32f4xx.o
CAN2_SCE_IRQHandler                               startup_stm32f4xx.o
CAN2_TX_IRQHandler                                startup_stm32f4xx.o
CRYP_IRQHandler                                   startup_stm32f4xx.o
DCMI_IRQHandler                                   startup_stm32f4xx.o
DMA1_Stream0_IRQHandler                           startup_stm32f4xx.o
DMA1_Stream1_IRQHandler                           startup_stm32f4xx.o
DMA1_Stream2_IRQHandler                           startup_stm32f4xx.o
DMA1_Stream3_IRQHandler                           startup_stm32f4xx.o
DMA1_Stream4_IRQHandler                           startup_stm32f4xx.o
DMA1_Stream5_IRQHandler                           startup_stm32f4xx.o
DMA1_Stream6_IRQHandler                           startup_stm32f4xx.o
DMA1_Stream7_IRQHandler                           startup_stm32f4xx.o
DMA2_Stream0_IRQHandler                           startup_stm32f4xx.o
DMA2_Stream1_IRQHandler                           startup_stm32f4xx.o
DMA2_Stream2_IRQHandler                           startup_stm32f4xx.o
DMA2_Stream3_IRQHandler                           startup_stm32f4xx.o
DMA2_Stream4_IRQHandler                           startup_stm32f4xx.o
DMA2_Stream5_IRQHandler                           startup_stm32f4xx.o
DMA2_Stream6_IRQHandler                           startup_stm32f4xx.o
DMA2_Stream7_IRQHandler                           startup_stm32f4xx.o
DebugMon_Handler                                  startup_stm32f4xx.o
Default_Handler                                   startup_stm32f4xx.o
Disable_Motor                                     main.o
EEPROM_DeInit                                     EEPROM.o
EEPROM_Init                                       EEPROM.o
EEPROM_ReadByte                                   EEPROM.o
EEPROM_WriteByte                                  EEPROM.o
ETH_IRQHandler                                    startup_stm32f4xx.o
ETH_WKUP_IRQHandler                               startup_stm32f4xx.o
EXTI0_IRQHandler                                  main.o
                                                  startup_stm32f4xx.o
EXTI15_10_IRQHandler                              startup_stm32f4xx.o
EXTI1_IRQHandler                                  startup_stm32f4xx.o
EXTI2_IRQHandler                                  startup_stm32f4xx.o
EXTI3_IRQHandler                                  startup_stm32f4xx.o
EXTI4_IRQHandler                                  startup_stm32f4xx.o
EXTI9_5_IRQHandler                                startup_stm32f4xx.o
EXTI_ClearFlag                                    /home/huynhtai/Downloads/STM32-master/stm32f4_bluetooth/stdperiph.a(stm32f4xx_exti.o)
EXTI_ClearITPendingBit                            /home/huynhtai/Downloads/STM32-master/stm32f4_bluetooth/stdperiph.a(stm32f4xx_exti.o)
                                                  stm32f4xx_it.o
                                                  main.o
                                                  sensor.o
EXTI_DeInit                                       /home/huynhtai/Downloads/STM32-master/stm32f4_bluetooth/stdperiph.a(stm32f4xx_exti.o)
EXTI_GenerateSWInterrupt                          /home/huynhtai/Downloads/STM32-master/stm32f4_bluetooth/stdperiph.a(stm32f4xx_exti.o)
EXTI_GetFlagStatus                                /home/huynhtai/Downloads/STM32-master/stm32f4_bluetooth/stdperiph.a(stm32f4xx_exti.o)
EXTI_GetITStatus                                  /home/huynhtai/Downloads/STM32-master/stm32f4_bluetooth/stdperiph.a(stm32f4xx_exti.o)
                                                  sensor.o
EXTI_Handler                                      sensor.o
EXTI_Init                                         /home/huynhtai/Downloads/STM32-master/stm32f4_bluetooth/stdperiph.a(stm32f4xx_exti.o)
                                                  main.o
                                                  sensor.o
EXTI_InitStructure                                sensor.o
EXTI_StructInit                                   /home/huynhtai/Downloads/STM32-master/stm32f4_bluetooth/stdperiph.a(stm32f4xx_exti.o)
Enable_Motor                                      main.o
FLASH_ClearFlag                                   /home/huynhtai/Downloads/STM32-master/stm32f4_bluetooth/stdperiph.a(stm32f4xx_flash.o)
                                                  EEPROM.o
FLASH_DataCacheCmd                                /home/huynhtai/Downloads/STM32-master/stm32f4_bluetooth/stdperiph.a(stm32f4xx_flash.o)
FLASH_DataCacheReset                              /home/huynhtai/Downloads/STM32-master/stm32f4_bluetooth/stdperiph.a(stm32f4xx_flash.o)
FLASH_EraseAllBank1Sectors                        /home/huynhtai/Downloads/STM32-master/stm32f4_bluetooth/stdperiph.a(stm32f4xx_flash.o)
FLASH_EraseAllBank2Sectors                        /home/huynhtai/Downloads/STM32-master/stm32f4_bluetooth/stdperiph.a(stm32f4xx_flash.o)
FLASH_EraseAllSectors                             /home/huynhtai/Downloads/STM32-master/stm32f4_bluetooth/stdperiph.a(stm32f4xx_flash.o)
FLASH_EraseSector                                 /home/huynhtai/Downloads/STM32-master/stm32f4_bluetooth/stdperiph.a(stm32f4xx_flash.o)
                                                  EEPROM.o
FLASH_GetFlagStatus                               /home/huynhtai/Downloads/STM32-master/stm32f4_bluetooth/stdperiph.a(stm32f4xx_flash.o)
FLASH_GetStatus                                   /home/huynhtai/Downloads/STM32-master/stm32f4_bluetooth/stdperiph.a(stm32f4xx_flash.o)
FLASH_IRQHandler                                  startup_stm32f4xx.o
FLASH_ITConfig                                    /home/huynhtai/Downloads/STM32-master/stm32f4_bluetooth/stdperiph.a(stm32f4xx_flash.o)
FLASH_InstructionCacheCmd                         /home/huynhtai/Downloads/STM32-master/stm32f4_bluetooth/stdperiph.a(stm32f4xx_flash.o)
FLASH_InstructionCacheReset                       /home/huynhtai/Downloads/STM32-master/stm32f4_bluetooth/stdperiph.a(stm32f4xx_flash.o)
FLASH_Lock                                        /home/huynhtai/Downloads/STM32-master/stm32f4_bluetooth/stdperiph.a(stm32f4xx_flash.o)
                                                  EEPROM.o
FLASH_OB_BORConfig                                /home/huynhtai/Downloads/STM32-master/stm32f4_bluetooth/stdperiph.a(stm32f4xx_flash.o)
FLASH_OB_BootConfig                               /home/huynhtai/Downloads/STM32-master/stm32f4_bluetooth/stdperiph.a(stm32f4xx_flash.o)
FLASH_OB_GetBOR                                   /home/huynhtai/Downloads/STM32-master/stm32f4_bluetooth/stdperiph.a(stm32f4xx_flash.o)
FLASH_OB_GetPCROP                                 /home/huynhtai/Downloads/STM32-master/stm32f4_bluetooth/stdperiph.a(stm32f4xx_flash.o)
FLASH_OB_GetPCROP1                                /home/huynhtai/Downloads/STM32-master/stm32f4_bluetooth/stdperiph.a(stm32f4xx_flash.o)
FLASH_OB_GetRDP                                   /home/huynhtai/Downloads/STM32-master/stm32f4_bluetooth/stdperiph.a(stm32f4xx_flash.o)
FLASH_OB_GetUser                                  /home/huynhtai/Downloads/STM32-master/stm32f4_bluetooth/stdperiph.a(stm32f4xx_flash.o)
FLASH_OB_GetWRP                                   /home/huynhtai/Downloads/STM32-master/stm32f4_bluetooth/stdperiph.a(stm32f4xx_flash.o)
FLASH_OB_GetWRP1                                  /home/huynhtai/Downloads/STM32-master/stm32f4_bluetooth/stdperiph.a(stm32f4xx_flash.o)
FLASH_OB_Launch                                   /home/huynhtai/Downloads/STM32-master/stm32f4_bluetooth/stdperiph.a(stm32f4xx_flash.o)
FLASH_OB_Lock                                     /home/huynhtai/Downloads/STM32-master/stm32f4_bluetooth/stdperiph.a(stm32f4xx_flash.o)
FLASH_OB_PCROP1Config                             /home/huynhtai/Downloads/STM32-master/stm32f4_bluetooth/stdperiph.a(stm32f4xx_flash.o)
FLASH_OB_PCROPConfig                              /home/huynhtai/Downloads/STM32-master/stm32f4_bluetooth/stdperiph.a(stm32f4xx_flash.o)
FLASH_OB_PCROPSelectionConfig                     /home/huynhtai/Downloads/STM32-master/stm32f4_bluetooth/stdperiph.a(stm32f4xx_flash.o)
FLASH_OB_RDPConfig                                /home/huynhtai/Downloads/STM32-master/stm32f4_bluetooth/stdperiph.a(stm32f4xx_flash.o)
FLASH_OB_Unlock                                   /home/huynhtai/Downloads/STM32-master/stm32f4_bluetooth/stdperiph.a(stm32f4xx_flash.o)
FLASH_OB_UserConfig                               /home/huynhtai/Downloads/STM32-master/stm32f4_bluetooth/stdperiph.a(stm32f4xx_flash.o)
FLASH_OB_WRP1Config                               /home/huynhtai/Downloads/STM32-master/stm32f4_bluetooth/stdperiph.a(stm32f4xx_flash.o)
FLASH_OB_WRPConfig                                /home/huynhtai/Downloads/STM32-master/stm32f4_bluetooth/stdperiph.a(stm32f4xx_flash.o)
FLASH_PrefetchBufferCmd                           /home/huynhtai/Downloads/STM32-master/stm32f4_bluetooth/stdperiph.a(stm32f4xx_flash.o)
FLASH_ProgramByte                                 /home/huynhtai/Downloads/STM32-master/stm32f4_bluetooth/stdperiph.a(stm32f4xx_flash.o)
FLASH_ProgramDoubleWord                           /home/huynhtai/Downloads/STM32-master/stm32f4_bluetooth/stdperiph.a(stm32f4xx_flash.o)
FLASH_ProgramHalfWord                             /home/huynhtai/Downloads/STM32-master/stm32f4_bluetooth/stdperiph.a(stm32f4xx_flash.o)
                                                  EEPROM.o
FLASH_ProgramWord                                 /home/huynhtai/Downloads/STM32-master/stm32f4_bluetooth/stdperiph.a(stm32f4xx_flash.o)
FLASH_SetLatency                                  /home/huynhtai/Downloads/STM32-master/stm32f4_bluetooth/stdperiph.a(stm32f4xx_flash.o)
FLASH_Unlock                                      /home/huynhtai/Downloads/STM32-master/stm32f4_bluetooth/stdperiph.a(stm32f4xx_flash.o)
                                                  EEPROM.o
FLASH_WaitForLastOperation                        /home/huynhtai/Downloads/STM32-master/stm32f4_bluetooth/stdperiph.a(stm32f4xx_flash.o)
FPU_IRQHandler                                    startup_stm32f4xx.o
FSMC_IRQHandler                                   startup_stm32f4xx.o
GET_Sensor                                        sensor.o
GPIO_DeInit                                       /home/huynhtai/Downloads/STM32-master/stm32f4_bluetooth/stdperiph.a(stm32f4xx_gpio.o)
GPIO_Init                                         /home/huynhtai/Downloads/STM32-master/stm32f4_bluetooth/stdperiph.a(stm32f4xx_gpio.o)
                                                  main.o
                                                  sensor.o
GPIO_InitStructure                                sensor.o
GPIO_PinAFConfig                                  /home/huynhtai/Downloads/STM32-master/stm32f4_bluetooth/stdperiph.a(stm32f4xx_gpio.o)
                                                  main.o
GPIO_PinLockConfig                                /home/huynhtai/Downloads/STM32-master/stm32f4_bluetooth/stdperiph.a(stm32f4xx_gpio.o)
GPIO_ReadInputData                                /home/huynhtai/Downloads/STM32-master/stm32f4_bluetooth/stdperiph.a(stm32f4xx_gpio.o)
GPIO_ReadInputDataBit                             /home/huynhtai/Downloads/STM32-master/stm32f4_bluetooth/stdperiph.a(stm32f4xx_gpio.o)
GPIO_ReadOutputData                               /home/huynhtai/Downloads/STM32-master/stm32f4_bluetooth/stdperiph.a(stm32f4xx_gpio.o)
GPIO_ReadOutputDataBit                            /home/huynhtai/Downloads/STM32-master/stm32f4_bluetooth/stdperiph.a(stm32f4xx_gpio.o)
GPIO_ResetBits                                    /home/huynhtai/Downloads/STM32-master/stm32f4_bluetooth/stdperiph.a(stm32f4xx_gpio.o)
GPIO_SetBits                                      /home/huynhtai/Downloads/STM32-master/stm32f4_bluetooth/stdperiph.a(stm32f4xx_gpio.o)
GPIO_StructInit                                   /home/huynhtai/Downloads/STM32-master/stm32f4_bluetooth/stdperiph.a(stm32f4xx_gpio.o)
GPIO_ToggleBits                                   /home/huynhtai/Downloads/STM32-master/stm32f4_bluetooth/stdperiph.a(stm32f4xx_gpio.o)
                                                  main.o
                                                  sensor.o
GPIO_Write                                        /home/huynhtai/Downloads/STM32-master/stm32f4_bluetooth/stdperiph.a(stm32f4xx_gpio.o)
GPIO_WriteBit                                     /home/huynhtai/Downloads/STM32-master/stm32f4_bluetooth/stdperiph.a(stm32f4xx_gpio.o)
                                                  main.o
                                                  sensor.o
HASH_RNG_IRQHandler                               startup_stm32f4xx.o
HardFault_Handler                                 stm32f4xx_it.o
                                                  startup_stm32f4xx.o
I2C1_ER_IRQHandler                                startup_stm32f4xx.o
I2C1_EV_IRQHandler                                startup_stm32f4xx.o
I2C2_ER_IRQHandler                                startup_stm32f4xx.o
I2C2_EV_IRQHandler                                startup_stm32f4xx.o
I2C3_ER_IRQHandler                                startup_stm32f4xx.o
I2C3_EV_IRQHandler                                startup_stm32f4xx.o
MemManage_Handler                                 startup_stm32f4xx.o
NMI_Handler                                       stm32f4xx_it.o
                                                  startup_stm32f4xx.o
NVIC_Init                                         /home/huynhtai/Downloads/STM32-master/stm32f4_bluetooth/stdperiph.a(misc.o)
                                                  main.o
                                                  sensor.o
NVIC_InitStructure                                sensor.o
NVIC_PriorityGroupConfig                          /home/huynhtai/Downloads/STM32-master/stm32f4_bluetooth/stdperiph.a(misc.o)
NVIC_SetVectorTable                               /home/huynhtai/Downloads/STM32-master/stm32f4_bluetooth/stdperiph.a(misc.o)
NVIC_SystemLPConfig                               /home/huynhtai/Downloads/STM32-master/stm32f4_bluetooth/stdperiph.a(misc.o)
OTG_FS_IRQHandler                                 startup_stm32f4xx.o
OTG_FS_WKUP_IRQHandler                            startup_stm32f4xx.o
OTG_HS_EP1_IN_IRQHandler                          startup_stm32f4xx.o
OTG_HS_EP1_OUT_IRQHandler                         startup_stm32f4xx.o
OTG_HS_IRQHandler                                 startup_stm32f4xx.o
OTG_HS_WKUP_IRQHandler                            startup_stm32f4xx.o
PVD_IRQHandler                                    startup_stm32f4xx.o
PendSV_Handler                                    startup_stm32f4xx.o
RCC_AHB1PeriphClockCmd                            /home/huynhtai/Downloads/STM32-master/stm32f4_bluetooth/stdperiph.a(stm32f4xx_rcc.o)
                                                  main.o
                                                  sensor.o
RCC_AHB1PeriphClockLPModeCmd                      /home/huynhtai/Downloads/STM32-master/stm32f4_bluetooth/stdperiph.a(stm32f4xx_rcc.o)
RCC_AHB1PeriphResetCmd                            /home/huynhtai/Downloads/STM32-master/stm32f4_bluetooth/stdperiph.a(stm32f4xx_rcc.o)
                                                  /home/huynhtai/Downloads/STM32-master/stm32f4_bluetooth/stdperiph.a(stm32f4xx_gpio.o)
RCC_AHB2PeriphClockCmd                            /home/huynhtai/Downloads/STM32-master/stm32f4_bluetooth/stdperiph.a(stm32f4xx_rcc.o)
RCC_AHB2PeriphClockLPModeCmd                      /home/huynhtai/Downloads/STM32-master/stm32f4_bluetooth/stdperiph.a(stm32f4xx_rcc.o)
RCC_AHB2PeriphResetCmd                            /home/huynhtai/Downloads/STM32-master/stm32f4_bluetooth/stdperiph.a(stm32f4xx_rcc.o)
RCC_AHB3PeriphClockCmd                            /home/huynhtai/Downloads/STM32-master/stm32f4_bluetooth/stdperiph.a(stm32f4xx_rcc.o)
RCC_AHB3PeriphClockLPModeCmd                      /home/huynhtai/Downloads/STM32-master/stm32f4_bluetooth/stdperiph.a(stm32f4xx_rcc.o)
RCC_AHB3PeriphResetCmd                            /home/huynhtai/Downloads/STM32-master/stm32f4_bluetooth/stdperiph.a(stm32f4xx_rcc.o)
RCC_APB1PeriphClockCmd                            /home/huynhtai/Downloads/STM32-master/stm32f4_bluetooth/stdperiph.a(stm32f4xx_rcc.o)
                                                  main.o
RCC_APB1PeriphClockLPModeCmd                      /home/huynhtai/Downloads/STM32-master/stm32f4_bluetooth/stdperiph.a(stm32f4xx_rcc.o)
RCC_APB1PeriphResetCmd                            /home/huynhtai/Downloads/STM32-master/stm32f4_bluetooth/stdperiph.a(stm32f4xx_rcc.o)
                                                  /home/huynhtai/Downloads/STM32-master/stm32f4_bluetooth/stdperiph.a(stm32f4xx_tim.o)
                                                  /home/huynhtai/Downloads/STM32-master/stm32f4_bluetooth/stdperiph.a(stm32f4xx_usart.o)
RCC_APB2PeriphClockCmd                            /home/huynhtai/Downloads/STM32-master/stm32f4_bluetooth/stdperiph.a(stm32f4xx_rcc.o)
                                                  main.o
                                                  sensor.o
RCC_APB2PeriphClockLPModeCmd                      /home/huynhtai/Downloads/STM32-master/stm32f4_bluetooth/stdperiph.a(stm32f4xx_rcc.o)
RCC_APB2PeriphResetCmd                            /home/huynhtai/Downloads/STM32-master/stm32f4_bluetooth/stdperiph.a(stm32f4xx_rcc.o)
                                                  /home/huynhtai/Downloads/STM32-master/stm32f4_bluetooth/stdperiph.a(stm32f4xx_tim.o)
                                                  /home/huynhtai/Downloads/STM32-master/stm32f4_bluetooth/stdperiph.a(stm32f4xx_syscfg.o)
                                                  /home/huynhtai/Downloads/STM32-master/stm32f4_bluetooth/stdperiph.a(stm32f4xx_usart.o)
RCC_AdjustHSICalibrationValue                     /home/huynhtai/Downloads/STM32-master/stm32f4_bluetooth/stdperiph.a(stm32f4xx_rcc.o)
RCC_BackupResetCmd                                /home/huynhtai/Downloads/STM32-master/stm32f4_bluetooth/stdperiph.a(stm32f4xx_rcc.o)
RCC_ClearFlag                                     /home/huynhtai/Downloads/STM32-master/stm32f4_bluetooth/stdperiph.a(stm32f4xx_rcc.o)
RCC_ClearITPendingBit                             /home/huynhtai/Downloads/STM32-master/stm32f4_bluetooth/stdperiph.a(stm32f4xx_rcc.o)
RCC_ClockSecuritySystemCmd                        /home/huynhtai/Downloads/STM32-master/stm32f4_bluetooth/stdperiph.a(stm32f4xx_rcc.o)
RCC_DeInit                                        /home/huynhtai/Downloads/STM32-master/stm32f4_bluetooth/stdperiph.a(stm32f4xx_rcc.o)
RCC_GetClocksFreq                                 /home/huynhtai/Downloads/STM32-master/stm32f4_bluetooth/stdperiph.a(stm32f4xx_rcc.o)
                                                  /home/huynhtai/Downloads/STM32-master/stm32f4_bluetooth/stdperiph.a(stm32f4xx_usart.o)
RCC_GetFlagStatus                                 /home/huynhtai/Downloads/STM32-master/stm32f4_bluetooth/stdperiph.a(stm32f4xx_rcc.o)
RCC_GetITStatus                                   /home/huynhtai/Downloads/STM32-master/stm32f4_bluetooth/stdperiph.a(stm32f4xx_rcc.o)
RCC_GetSYSCLKSource                               /home/huynhtai/Downloads/STM32-master/stm32f4_bluetooth/stdperiph.a(stm32f4xx_rcc.o)
RCC_HCLKConfig                                    /home/huynhtai/Downloads/STM32-master/stm32f4_bluetooth/stdperiph.a(stm32f4xx_rcc.o)
RCC_HSEConfig                                     /home/huynhtai/Downloads/STM32-master/stm32f4_bluetooth/stdperiph.a(stm32f4xx_rcc.o)
RCC_HSICmd                                        /home/huynhtai/Downloads/STM32-master/stm32f4_bluetooth/stdperiph.a(stm32f4xx_rcc.o)
RCC_I2SCLKConfig                                  /home/huynhtai/Downloads/STM32-master/stm32f4_bluetooth/stdperiph.a(stm32f4xx_rcc.o)
RCC_IRQHandler                                    startup_stm32f4xx.o
RCC_ITConfig                                      /home/huynhtai/Downloads/STM32-master/stm32f4_bluetooth/stdperiph.a(stm32f4xx_rcc.o)
RCC_LSEConfig                                     /home/huynhtai/Downloads/STM32-master/stm32f4_bluetooth/stdperiph.a(stm32f4xx_rcc.o)
RCC_LSICmd                                        /home/huynhtai/Downloads/STM32-master/stm32f4_bluetooth/stdperiph.a(stm32f4xx_rcc.o)
RCC_LTDCCLKDivConfig                              /home/huynhtai/Downloads/STM32-master/stm32f4_bluetooth/stdperiph.a(stm32f4xx_rcc.o)
RCC_MCO1Config                                    /home/huynhtai/Downloads/STM32-master/stm32f4_bluetooth/stdperiph.a(stm32f4xx_rcc.o)
RCC_MCO2Config                                    /home/huynhtai/Downloads/STM32-master/stm32f4_bluetooth/stdperiph.a(stm32f4xx_rcc.o)
RCC_PCLK1Config                                   /home/huynhtai/Downloads/STM32-master/stm32f4_bluetooth/stdperiph.a(stm32f4xx_rcc.o)
RCC_PCLK2Config                                   /home/huynhtai/Downloads/STM32-master/stm32f4_bluetooth/stdperiph.a(stm32f4xx_rcc.o)
RCC_PLLCmd                                        /home/huynhtai/Downloads/STM32-master/stm32f4_bluetooth/stdperiph.a(stm32f4xx_rcc.o)
RCC_PLLConfig                                     /home/huynhtai/Downloads/STM32-master/stm32f4_bluetooth/stdperiph.a(stm32f4xx_rcc.o)
RCC_PLLI2SCmd                                     /home/huynhtai/Downloads/STM32-master/stm32f4_bluetooth/stdperiph.a(stm32f4xx_rcc.o)
RCC_PLLI2SConfig                                  /home/huynhtai/Downloads/STM32-master/stm32f4_bluetooth/stdperiph.a(stm32f4xx_rcc.o)
RCC_PLLSAICmd                                     /home/huynhtai/Downloads/STM32-master/stm32f4_bluetooth/stdperiph.a(stm32f4xx_rcc.o)
RCC_PLLSAIConfig                                  /home/huynhtai/Downloads/STM32-master/stm32f4_bluetooth/stdperiph.a(stm32f4xx_rcc.o)
RCC_RTCCLKCmd                                     /home/huynhtai/Downloads/STM32-master/stm32f4_bluetooth/stdperiph.a(stm32f4xx_rcc.o)
RCC_RTCCLKConfig                                  /home/huynhtai/Downloads/STM32-master/stm32f4_bluetooth/stdperiph.a(stm32f4xx_rcc.o)
RCC_SAIBlockACLKConfig                            /home/huynhtai/Downloads/STM32-master/stm32f4_bluetooth/stdperiph.a(stm32f4xx_rcc.o)
RCC_SAIBlockBCLKConfig                            /home/huynhtai/Downloads/STM32-master/stm32f4_bluetooth/stdperiph.a(stm32f4xx_rcc.o)
RCC_SAIPLLI2SClkDivConfig                         /home/huynhtai/Downloads/STM32-master/stm32f4_bluetooth/stdperiph.a(stm32f4xx_rcc.o)
RCC_SAIPLLSAIClkDivConfig                         /home/huynhtai/Downloads/STM32-master/stm32f4_bluetooth/stdperiph.a(stm32f4xx_rcc.o)
RCC_SYSCLKConfig                                  /home/huynhtai/Downloads/STM32-master/stm32f4_bluetooth/stdperiph.a(stm32f4xx_rcc.o)
RCC_TIMCLKPresConfig                              /home/huynhtai/Downloads/STM32-master/stm32f4_bluetooth/stdperiph.a(stm32f4xx_rcc.o)
RCC_WaitForHSEStartUp                             /home/huynhtai/Downloads/STM32-master/stm32f4_bluetooth/stdperiph.a(stm32f4xx_rcc.o)
RTC_AlarmCmd                                      /home/huynhtai/Downloads/STM32-master/stm32f4_bluetooth/stdperiph.a(stm32f4xx_rtc.o)
RTC_AlarmStructInit                               /home/huynhtai/Downloads/STM32-master/stm32f4_bluetooth/stdperiph.a(stm32f4xx_rtc.o)
RTC_AlarmSubSecondConfig                          /home/huynhtai/Downloads/STM32-master/stm32f4_bluetooth/stdperiph.a(stm32f4xx_rtc.o)
RTC_Alarm_IRQHandler                              stm32f4xx_it.o
                                                  startup_stm32f4xx.o
RTC_BypassShadowCmd                               /home/huynhtai/Downloads/STM32-master/stm32f4_bluetooth/stdperiph.a(stm32f4xx_rtc.o)
RTC_CalibOutputCmd                                /home/huynhtai/Downloads/STM32-master/stm32f4_bluetooth/stdperiph.a(stm32f4xx_rtc.o)
RTC_CalibOutputConfig                             /home/huynhtai/Downloads/STM32-master/stm32f4_bluetooth/stdperiph.a(stm32f4xx_rtc.o)
RTC_ClearFlag                                     /home/huynhtai/Downloads/STM32-master/stm32f4_bluetooth/stdperiph.a(stm32f4xx_rtc.o)
                                                  stm32f4xx_it.o
RTC_ClearITPendingBit                             /home/huynhtai/Downloads/STM32-master/stm32f4_bluetooth/stdperiph.a(stm32f4xx_rtc.o)
                                                  stm32f4xx_it.o
RTC_CoarseCalibCmd                                /home/huynhtai/Downloads/STM32-master/stm32f4_bluetooth/stdperiph.a(stm32f4xx_rtc.o)
RTC_CoarseCalibConfig                             /home/huynhtai/Downloads/STM32-master/stm32f4_bluetooth/stdperiph.a(stm32f4xx_rtc.o)
RTC_DateStructInit                                /home/huynhtai/Downloads/STM32-master/stm32f4_bluetooth/stdperiph.a(stm32f4xx_rtc.o)
RTC_DayLightSavingConfig                          /home/huynhtai/Downloads/STM32-master/stm32f4_bluetooth/stdperiph.a(stm32f4xx_rtc.o)
RTC_DeInit                                        /home/huynhtai/Downloads/STM32-master/stm32f4_bluetooth/stdperiph.a(stm32f4xx_rtc.o)
RTC_EnterInitMode                                 /home/huynhtai/Downloads/STM32-master/stm32f4_bluetooth/stdperiph.a(stm32f4xx_rtc.o)
RTC_ExitInitMode                                  /home/huynhtai/Downloads/STM32-master/stm32f4_bluetooth/stdperiph.a(stm32f4xx_rtc.o)
RTC_GetAlarm                                      /home/huynhtai/Downloads/STM32-master/stm32f4_bluetooth/stdperiph.a(stm32f4xx_rtc.o)
RTC_GetAlarmSubSecond                             /home/huynhtai/Downloads/STM32-master/stm32f4_bluetooth/stdperiph.a(stm32f4xx_rtc.o)
RTC_GetDate                                       /home/huynhtai/Downloads/STM32-master/stm32f4_bluetooth/stdperiph.a(stm32f4xx_rtc.o)
RTC_GetFlagStatus                                 /home/huynhtai/Downloads/STM32-master/stm32f4_bluetooth/stdperiph.a(stm32f4xx_rtc.o)
RTC_GetITStatus                                   /home/huynhtai/Downloads/STM32-master/stm32f4_bluetooth/stdperiph.a(stm32f4xx_rtc.o)
                                                  stm32f4xx_it.o
RTC_GetStoreOperation                             /home/huynhtai/Downloads/STM32-master/stm32f4_bluetooth/stdperiph.a(stm32f4xx_rtc.o)
RTC_GetSubSecond                                  /home/huynhtai/Downloads/STM32-master/stm32f4_bluetooth/stdperiph.a(stm32f4xx_rtc.o)
RTC_GetTime                                       /home/huynhtai/Downloads/STM32-master/stm32f4_bluetooth/stdperiph.a(stm32f4xx_rtc.o)
RTC_GetTimeStamp                                  /home/huynhtai/Downloads/STM32-master/stm32f4_bluetooth/stdperiph.a(stm32f4xx_rtc.o)
RTC_GetTimeStampSubSecond                         /home/huynhtai/Downloads/STM32-master/stm32f4_bluetooth/stdperiph.a(stm32f4xx_rtc.o)
RTC_GetWakeUpCounter                              /home/huynhtai/Downloads/STM32-master/stm32f4_bluetooth/stdperiph.a(stm32f4xx_rtc.o)
RTC_ITConfig                                      /home/huynhtai/Downloads/STM32-master/stm32f4_bluetooth/stdperiph.a(stm32f4xx_rtc.o)
RTC_Init                                          /home/huynhtai/Downloads/STM32-master/stm32f4_bluetooth/stdperiph.a(stm32f4xx_rtc.o)
RTC_OutputConfig                                  /home/huynhtai/Downloads/STM32-master/stm32f4_bluetooth/stdperiph.a(stm32f4xx_rtc.o)
RTC_OutputTypeConfig                              /home/huynhtai/Downloads/STM32-master/stm32f4_bluetooth/stdperiph.a(stm32f4xx_rtc.o)
RTC_ReadBackupRegister                            /home/huynhtai/Downloads/STM32-master/stm32f4_bluetooth/stdperiph.a(stm32f4xx_rtc.o)
RTC_RefClockCmd                                   /home/huynhtai/Downloads/STM32-master/stm32f4_bluetooth/stdperiph.a(stm32f4xx_rtc.o)
RTC_SetAlarm                                      /home/huynhtai/Downloads/STM32-master/stm32f4_bluetooth/stdperiph.a(stm32f4xx_rtc.o)
RTC_SetDate                                       /home/huynhtai/Downloads/STM32-master/stm32f4_bluetooth/stdperiph.a(stm32f4xx_rtc.o)
RTC_SetTime                                       /home/huynhtai/Downloads/STM32-master/stm32f4_bluetooth/stdperiph.a(stm32f4xx_rtc.o)
RTC_SetWakeUpCounter                              /home/huynhtai/Downloads/STM32-master/stm32f4_bluetooth/stdperiph.a(stm32f4xx_rtc.o)
RTC_SmoothCalibConfig                             /home/huynhtai/Downloads/STM32-master/stm32f4_bluetooth/stdperiph.a(stm32f4xx_rtc.o)
RTC_StructInit                                    /home/huynhtai/Downloads/STM32-master/stm32f4_bluetooth/stdperiph.a(stm32f4xx_rtc.o)
RTC_SynchroShiftConfig                            /home/huynhtai/Downloads/STM32-master/stm32f4_bluetooth/stdperiph.a(stm32f4xx_rtc.o)
RTC_TamperCmd                                     /home/huynhtai/Downloads/STM32-master/stm32f4_bluetooth/stdperiph.a(stm32f4xx_rtc.o)
RTC_TamperFilterConfig                            /home/huynhtai/Downloads/STM32-master/stm32f4_bluetooth/stdperiph.a(stm32f4xx_rtc.o)
RTC_TamperPinSelection                            /home/huynhtai/Downloads/STM32-master/stm32f4_bluetooth/stdperiph.a(stm32f4xx_rtc.o)
RTC_TamperPinsPrechargeDuration                   /home/huynhtai/Downloads/STM32-master/stm32f4_bluetooth/stdperiph.a(stm32f4xx_rtc.o)
RTC_TamperPullUpCmd                               /home/huynhtai/Downloads/STM32-master/stm32f4_bluetooth/stdperiph.a(stm32f4xx_rtc.o)
RTC_TamperSamplingFreqConfig                      /home/huynhtai/Downloads/STM32-master/stm32f4_bluetooth/stdperiph.a(stm32f4xx_rtc.o)
RTC_TamperTriggerConfig                           /home/huynhtai/Downloads/STM32-master/stm32f4_bluetooth/stdperiph.a(stm32f4xx_rtc.o)
RTC_TimeStampCmd                                  /home/huynhtai/Downloads/STM32-master/stm32f4_bluetooth/stdperiph.a(stm32f4xx_rtc.o)
RTC_TimeStampOnTamperDetectionCmd                 /home/huynhtai/Downloads/STM32-master/stm32f4_bluetooth/stdperiph.a(stm32f4xx_rtc.o)
RTC_TimeStampPinSelection                         /home/huynhtai/Downloads/STM32-master/stm32f4_bluetooth/stdperiph.a(stm32f4xx_rtc.o)
RTC_TimeStructInit                                /home/huynhtai/Downloads/STM32-master/stm32f4_bluetooth/stdperiph.a(stm32f4xx_rtc.o)
RTC_WKUP_IRQHandler                               stm32f4xx_it.o
                                                  startup_stm32f4xx.o
RTC_WaitForSynchro                                /home/huynhtai/Downloads/STM32-master/stm32f4_bluetooth/stdperiph.a(stm32f4xx_rtc.o)
RTC_WakeUpClockConfig                             /home/huynhtai/Downloads/STM32-master/stm32f4_bluetooth/stdperiph.a(stm32f4xx_rtc.o)
RTC_WakeUpCmd                                     /home/huynhtai/Downloads/STM32-master/stm32f4_bluetooth/stdperiph.a(stm32f4xx_rtc.o)
RTC_WriteBackupRegister                           /home/huynhtai/Downloads/STM32-master/stm32f4_bluetooth/stdperiph.a(stm32f4xx_rtc.o)
RTC_WriteProtectionCmd                            /home/huynhtai/Downloads/STM32-master/stm32f4_bluetooth/stdperiph.a(stm32f4xx_rtc.o)
Reset_Handler                                     startup_stm32f4xx.o
RunMotor                                          main.o
SDIO_IRQHandler                                   startup_stm32f4xx.o
SPI1_IRQHandler                                   startup_stm32f4xx.o
SPI2_IRQHandler                                   startup_stm32f4xx.o
SPI3_IRQHandler                                   startup_stm32f4xx.o
SVC_Handler                                       startup_stm32f4xx.o
SYSCFG_CompensationCellCmd                        /home/huynhtai/Downloads/STM32-master/stm32f4_bluetooth/stdperiph.a(stm32f4xx_syscfg.o)
SYSCFG_DeInit                                     /home/huynhtai/Downloads/STM32-master/stm32f4_bluetooth/stdperiph.a(stm32f4xx_syscfg.o)
SYSCFG_ETH_MediaInterfaceConfig                   /home/huynhtai/Downloads/STM32-master/stm32f4_bluetooth/stdperiph.a(stm32f4xx_syscfg.o)
SYSCFG_EXTILineConfig                             /home/huynhtai/Downloads/STM32-master/stm32f4_bluetooth/stdperiph.a(stm32f4xx_syscfg.o)
                                                  sensor.o
SYSCFG_GetCompensationCellStatus                  /home/huynhtai/Downloads/STM32-master/stm32f4_bluetooth/stdperiph.a(stm32f4xx_syscfg.o)
SYSCFG_MemoryRemapConfig                          /home/huynhtai/Downloads/STM32-master/stm32f4_bluetooth/stdperiph.a(stm32f4xx_syscfg.o)
SYSCFG_MemorySwappingBank                         /home/huynhtai/Downloads/STM32-master/stm32f4_bluetooth/stdperiph.a(stm32f4xx_syscfg.o)
SysTick_CLKSourceConfig                           /home/huynhtai/Downloads/STM32-master/stm32f4_bluetooth/stdperiph.a(misc.o)
SysTick_Handler                                   startup_stm32f4xx.o
SystemCoreClock                                   system_stm32f4xx.o
SystemCoreClockUpdate                             system_stm32f4xx.o
SystemInit                                        system_stm32f4xx.o
                                                  main.o
                                                  startup_stm32f4xx.o
TAMP_STAMP_IRQHandler                             startup_stm32f4xx.o
TIM1_BRK_TIM9_IRQHandler                          startup_stm32f4xx.o
TIM1_CC_IRQHandler                                startup_stm32f4xx.o
TIM1_TRG_COM_TIM11_IRQHandler                     startup_stm32f4xx.o
TIM1_UP_TIM10_IRQHandler                          startup_stm32f4xx.o
TIM2_IRQHandler                                   startup_stm32f4xx.o
TIM3_IRQHandler                                   startup_stm32f4xx.o
TIM4_IRQHandler                                   main.o
                                                  startup_stm32f4xx.o
TIM5_IRQHandler                                   startup_stm32f4xx.o
TIM6_DAC_IRQHandler                               startup_stm32f4xx.o
TIM7_IRQHandler                                   startup_stm32f4xx.o
TIM8_BRK_TIM12_IRQHandler                         startup_stm32f4xx.o
TIM8_CC_IRQHandler                                startup_stm32f4xx.o
TIM8_TRG_COM_TIM14_IRQHandler                     startup_stm32f4xx.o
TIM8_UP_TIM13_IRQHandler                          startup_stm32f4xx.o
TIM_ARRPreloadConfig                              /home/huynhtai/Downloads/STM32-master/stm32f4_bluetooth/stdperiph.a(stm32f4xx_tim.o)
TIM_BDTRConfig                                    /home/huynhtai/Downloads/STM32-master/stm32f4_bluetooth/stdperiph.a(stm32f4xx_tim.o)
TIM_BDTRStructInit                                /home/huynhtai/Downloads/STM32-master/stm32f4_bluetooth/stdperiph.a(stm32f4xx_tim.o)
TIM_CCPreloadControl                              /home/huynhtai/Downloads/STM32-master/stm32f4_bluetooth/stdperiph.a(stm32f4xx_tim.o)
TIM_CCxCmd                                        /home/huynhtai/Downloads/STM32-master/stm32f4_bluetooth/stdperiph.a(stm32f4xx_tim.o)
TIM_CCxNCmd                                       /home/huynhtai/Downloads/STM32-master/stm32f4_bluetooth/stdperiph.a(stm32f4xx_tim.o)
TIM_ClearFlag                                     /home/huynhtai/Downloads/STM32-master/stm32f4_bluetooth/stdperiph.a(stm32f4xx_tim.o)
TIM_ClearITPendingBit                             /home/huynhtai/Downloads/STM32-master/stm32f4_bluetooth/stdperiph.a(stm32f4xx_tim.o)
                                                  main.o
                                                  sensor.o
TIM_ClearOC1Ref                                   /home/huynhtai/Downloads/STM32-master/stm32f4_bluetooth/stdperiph.a(stm32f4xx_tim.o)
TIM_ClearOC2Ref                                   /home/huynhtai/Downloads/STM32-master/stm32f4_bluetooth/stdperiph.a(stm32f4xx_tim.o)
TIM_ClearOC3Ref                                   /home/huynhtai/Downloads/STM32-master/stm32f4_bluetooth/stdperiph.a(stm32f4xx_tim.o)
TIM_ClearOC4Ref                                   /home/huynhtai/Downloads/STM32-master/stm32f4_bluetooth/stdperiph.a(stm32f4xx_tim.o)
TIM_Cmd                                           /home/huynhtai/Downloads/STM32-master/stm32f4_bluetooth/stdperiph.a(stm32f4xx_tim.o)
                                                  main.o
                                                  sensor.o
TIM_CounterModeConfig                             /home/huynhtai/Downloads/STM32-master/stm32f4_bluetooth/stdperiph.a(stm32f4xx_tim.o)
TIM_CtrlPWMOutputs                                /home/huynhtai/Downloads/STM32-master/stm32f4_bluetooth/stdperiph.a(stm32f4xx_tim.o)
TIM_DMACmd                                        /home/huynhtai/Downloads/STM32-master/stm32f4_bluetooth/stdperiph.a(stm32f4xx_tim.o)
TIM_DMAConfig                                     /home/huynhtai/Downloads/STM32-master/stm32f4_bluetooth/stdperiph.a(stm32f4xx_tim.o)
TIM_DeInit                                        /home/huynhtai/Downloads/STM32-master/stm32f4_bluetooth/stdperiph.a(stm32f4xx_tim.o)
                                                  sensor.o
TIM_ETRClockMode1Config                           /home/huynhtai/Downloads/STM32-master/stm32f4_bluetooth/stdperiph.a(stm32f4xx_tim.o)
TIM_ETRClockMode2Config                           /home/huynhtai/Downloads/STM32-master/stm32f4_bluetooth/stdperiph.a(stm32f4xx_tim.o)
TIM_ETRConfig                                     /home/huynhtai/Downloads/STM32-master/stm32f4_bluetooth/stdperiph.a(stm32f4xx_tim.o)
TIM_EncoderInterfaceConfig                        /home/huynhtai/Downloads/STM32-master/stm32f4_bluetooth/stdperiph.a(stm32f4xx_tim.o)
TIM_ForcedOC1Config                               /home/huynhtai/Downloads/STM32-master/stm32f4_bluetooth/stdperiph.a(stm32f4xx_tim.o)
TIM_ForcedOC2Config                               /home/huynhtai/Downloads/STM32-master/stm32f4_bluetooth/stdperiph.a(stm32f4xx_tim.o)
TIM_ForcedOC3Config                               /home/huynhtai/Downloads/STM32-master/stm32f4_bluetooth/stdperiph.a(stm32f4xx_tim.o)
TIM_ForcedOC4Config                               /home/huynhtai/Downloads/STM32-master/stm32f4_bluetooth/stdperiph.a(stm32f4xx_tim.o)
TIM_GenerateEvent                                 /home/huynhtai/Downloads/STM32-master/stm32f4_bluetooth/stdperiph.a(stm32f4xx_tim.o)
TIM_GetCapture1                                   /home/huynhtai/Downloads/STM32-master/stm32f4_bluetooth/stdperiph.a(stm32f4xx_tim.o)
TIM_GetCapture2                                   /home/huynhtai/Downloads/STM32-master/stm32f4_bluetooth/stdperiph.a(stm32f4xx_tim.o)
TIM_GetCapture3                                   /home/huynhtai/Downloads/STM32-master/stm32f4_bluetooth/stdperiph.a(stm32f4xx_tim.o)
TIM_GetCapture4                                   /home/huynhtai/Downloads/STM32-master/stm32f4_bluetooth/stdperiph.a(stm32f4xx_tim.o)
TIM_GetCounter                                    /home/huynhtai/Downloads/STM32-master/stm32f4_bluetooth/stdperiph.a(stm32f4xx_tim.o)
TIM_GetFlagStatus                                 /home/huynhtai/Downloads/STM32-master/stm32f4_bluetooth/stdperiph.a(stm32f4xx_tim.o)
                                                  main.o
TIM_GetITStatus                                   /home/huynhtai/Downloads/STM32-master/stm32f4_bluetooth/stdperiph.a(stm32f4xx_tim.o)
                                                  sensor.o
TIM_GetPrescaler                                  /home/huynhtai/Downloads/STM32-master/stm32f4_bluetooth/stdperiph.a(stm32f4xx_tim.o)
TIM_Handler                                       sensor.o
TIM_ICInit                                        /home/huynhtai/Downloads/STM32-master/stm32f4_bluetooth/stdperiph.a(stm32f4xx_tim.o)
TIM_ICStructInit                                  /home/huynhtai/Downloads/STM32-master/stm32f4_bluetooth/stdperiph.a(stm32f4xx_tim.o)
TIM_ITConfig                                      /home/huynhtai/Downloads/STM32-master/stm32f4_bluetooth/stdperiph.a(stm32f4xx_tim.o)
                                                  main.o
                                                  sensor.o
TIM_ITRxExternalClockConfig                       /home/huynhtai/Downloads/STM32-master/stm32f4_bluetooth/stdperiph.a(stm32f4xx_tim.o)
TIM_InternalClockConfig                           /home/huynhtai/Downloads/STM32-master/stm32f4_bluetooth/stdperiph.a(stm32f4xx_tim.o)
TIM_OC1FastConfig                                 /home/huynhtai/Downloads/STM32-master/stm32f4_bluetooth/stdperiph.a(stm32f4xx_tim.o)
TIM_OC1Init                                       /home/huynhtai/Downloads/STM32-master/stm32f4_bluetooth/stdperiph.a(stm32f4xx_tim.o)
TIM_OC1NPolarityConfig                            /home/huynhtai/Downloads/STM32-master/stm32f4_bluetooth/stdperiph.a(stm32f4xx_tim.o)
TIM_OC1PolarityConfig                             /home/huynhtai/Downloads/STM32-master/stm32f4_bluetooth/stdperiph.a(stm32f4xx_tim.o)
TIM_OC1PreloadConfig                              /home/huynhtai/Downloads/STM32-master/stm32f4_bluetooth/stdperiph.a(stm32f4xx_tim.o)
TIM_OC2FastConfig                                 /home/huynhtai/Downloads/STM32-master/stm32f4_bluetooth/stdperiph.a(stm32f4xx_tim.o)
TIM_OC2Init                                       /home/huynhtai/Downloads/STM32-master/stm32f4_bluetooth/stdperiph.a(stm32f4xx_tim.o)
TIM_OC2NPolarityConfig                            /home/huynhtai/Downloads/STM32-master/stm32f4_bluetooth/stdperiph.a(stm32f4xx_tim.o)
TIM_OC2PolarityConfig                             /home/huynhtai/Downloads/STM32-master/stm32f4_bluetooth/stdperiph.a(stm32f4xx_tim.o)
TIM_OC2PreloadConfig                              /home/huynhtai/Downloads/STM32-master/stm32f4_bluetooth/stdperiph.a(stm32f4xx_tim.o)
TIM_OC3FastConfig                                 /home/huynhtai/Downloads/STM32-master/stm32f4_bluetooth/stdperiph.a(stm32f4xx_tim.o)
TIM_OC3Init                                       /home/huynhtai/Downloads/STM32-master/stm32f4_bluetooth/stdperiph.a(stm32f4xx_tim.o)
                                                  main.o
TIM_OC3NPolarityConfig                            /home/huynhtai/Downloads/STM32-master/stm32f4_bluetooth/stdperiph.a(stm32f4xx_tim.o)
TIM_OC3PolarityConfig                             /home/huynhtai/Downloads/STM32-master/stm32f4_bluetooth/stdperiph.a(stm32f4xx_tim.o)
TIM_OC3PreloadConfig                              /home/huynhtai/Downloads/STM32-master/stm32f4_bluetooth/stdperiph.a(stm32f4xx_tim.o)
                                                  main.o
TIM_OC4FastConfig                                 /home/huynhtai/Downloads/STM32-master/stm32f4_bluetooth/stdperiph.a(stm32f4xx_tim.o)
TIM_OC4Init                                       /home/huynhtai/Downloads/STM32-master/stm32f4_bluetooth/stdperiph.a(stm32f4xx_tim.o)
TIM_OC4PolarityConfig                             /home/huynhtai/Downloads/STM32-master/stm32f4_bluetooth/stdperiph.a(stm32f4xx_tim.o)
TIM_OC4PreloadConfig                              /home/huynhtai/Downloads/STM32-master/stm32f4_bluetooth/stdperiph.a(stm32f4xx_tim.o)
TIM_OCStructInit                                  /home/huynhtai/Downloads/STM32-master/stm32f4_bluetooth/stdperiph.a(stm32f4xx_tim.o)
TIM_PWMIConfig                                    /home/huynhtai/Downloads/STM32-master/stm32f4_bluetooth/stdperiph.a(stm32f4xx_tim.o)
TIM_PrescalerConfig                               /home/huynhtai/Downloads/STM32-master/stm32f4_bluetooth/stdperiph.a(stm32f4xx_tim.o)
TIM_RemapConfig                                   /home/huynhtai/Downloads/STM32-master/stm32f4_bluetooth/stdperiph.a(stm32f4xx_tim.o)
TIM_SelectCCDMA                                   /home/huynhtai/Downloads/STM32-master/stm32f4_bluetooth/stdperiph.a(stm32f4xx_tim.o)
TIM_SelectCOM                                     /home/huynhtai/Downloads/STM32-master/stm32f4_bluetooth/stdperiph.a(stm32f4xx_tim.o)
TIM_SelectHallSensor                              /home/huynhtai/Downloads/STM32-master/stm32f4_bluetooth/stdperiph.a(stm32f4xx_tim.o)
TIM_SelectInputTrigger                            /home/huynhtai/Downloads/STM32-master/stm32f4_bluetooth/stdperiph.a(stm32f4xx_tim.o)
TIM_SelectMasterSlaveMode                         /home/huynhtai/Downloads/STM32-master/stm32f4_bluetooth/stdperiph.a(stm32f4xx_tim.o)
TIM_SelectOCxM                                    /home/huynhtai/Downloads/STM32-master/stm32f4_bluetooth/stdperiph.a(stm32f4xx_tim.o)
TIM_SelectOnePulseMode                            /home/huynhtai/Downloads/STM32-master/stm32f4_bluetooth/stdperiph.a(stm32f4xx_tim.o)
TIM_SelectOutputTrigger                           /home/huynhtai/Downloads/STM32-master/stm32f4_bluetooth/stdperiph.a(stm32f4xx_tim.o)
TIM_SelectSlaveMode                               /home/huynhtai/Downloads/STM32-master/stm32f4_bluetooth/stdperiph.a(stm32f4xx_tim.o)
TIM_SetAutoreload                                 /home/huynhtai/Downloads/STM32-master/stm32f4_bluetooth/stdperiph.a(stm32f4xx_tim.o)
TIM_SetClockDivision                              /home/huynhtai/Downloads/STM32-master/stm32f4_bluetooth/stdperiph.a(stm32f4xx_tim.o)
TIM_SetCompare1                                   /home/huynhtai/Downloads/STM32-master/stm32f4_bluetooth/stdperiph.a(stm32f4xx_tim.o)
TIM_SetCompare2                                   /home/huynhtai/Downloads/STM32-master/stm32f4_bluetooth/stdperiph.a(stm32f4xx_tim.o)
TIM_SetCompare3                                   /home/huynhtai/Downloads/STM32-master/stm32f4_bluetooth/stdperiph.a(stm32f4xx_tim.o)
TIM_SetCompare4                                   /home/huynhtai/Downloads/STM32-master/stm32f4_bluetooth/stdperiph.a(stm32f4xx_tim.o)
TIM_SetCounter                                    /home/huynhtai/Downloads/STM32-master/stm32f4_bluetooth/stdperiph.a(stm32f4xx_tim.o)
                                                  sensor.o
TIM_SetIC1Prescaler                               /home/huynhtai/Downloads/STM32-master/stm32f4_bluetooth/stdperiph.a(stm32f4xx_tim.o)
TIM_SetIC2Prescaler                               /home/huynhtai/Downloads/STM32-master/stm32f4_bluetooth/stdperiph.a(stm32f4xx_tim.o)
TIM_SetIC3Prescaler                               /home/huynhtai/Downloads/STM32-master/stm32f4_bluetooth/stdperiph.a(stm32f4xx_tim.o)
TIM_SetIC4Prescaler                               /home/huynhtai/Downloads/STM32-master/stm32f4_bluetooth/stdperiph.a(stm32f4xx_tim.o)
TIM_TIxExternalClockConfig                        /home/huynhtai/Downloads/STM32-master/stm32f4_bluetooth/stdperiph.a(stm32f4xx_tim.o)
TIM_TimeBaseInit                                  /home/huynhtai/Downloads/STM32-master/stm32f4_bluetooth/stdperiph.a(stm32f4xx_tim.o)
                                                  main.o
                                                  sensor.o
TIM_TimeBaseInitStruct                            sensor.o
TIM_TimeBaseStructInit                            /home/huynhtai/Downloads/STM32-master/stm32f4_bluetooth/stdperiph.a(stm32f4xx_tim.o)
TIM_UpdateDisableConfig                           /home/huynhtai/Downloads/STM32-master/stm32f4_bluetooth/stdperiph.a(stm32f4xx_tim.o)
TIM_UpdateRequestConfig                           /home/huynhtai/Downloads/STM32-master/stm32f4_bluetooth/stdperiph.a(stm32f4xx_tim.o)
UART4_IRQHandler                                  startup_stm32f4xx.o
UART5_IRQHandler                                  startup_stm32f4xx.o
USART1_IRQHandler                                 startup_stm32f4xx.o
USART2_IRQHandler                                 main.o
                                                  startup_stm32f4xx.o
USART3_IRQHandler                                 startup_stm32f4xx.o
USART6_IRQHandler                                 startup_stm32f4xx.o
USART_ClearFlag                                   /home/huynhtai/Downloads/STM32-master/stm32f4_bluetooth/stdperiph.a(stm32f4xx_usart.o)
                                                  main.o
USART_ClearITPendingBit                           /home/huynhtai/Downloads/STM32-master/stm32f4_bluetooth/stdperiph.a(stm32f4xx_usart.o)
USART_ClockInit                                   /home/huynhtai/Downloads/STM32-master/stm32f4_bluetooth/stdperiph.a(stm32f4xx_usart.o)
USART_ClockStructInit                             /home/huynhtai/Downloads/STM32-master/stm32f4_bluetooth/stdperiph.a(stm32f4xx_usart.o)
USART_Cmd                                         /home/huynhtai/Downloads/STM32-master/stm32f4_bluetooth/stdperiph.a(stm32f4xx_usart.o)
                                                  main.o
USART_DMACmd                                      /home/huynhtai/Downloads/STM32-master/stm32f4_bluetooth/stdperiph.a(stm32f4xx_usart.o)
                                                  main.o
USART_DeInit                                      /home/huynhtai/Downloads/STM32-master/stm32f4_bluetooth/stdperiph.a(stm32f4xx_usart.o)
                                                  main.o
USART_GetFlagStatus                               /home/huynhtai/Downloads/STM32-master/stm32f4_bluetooth/stdperiph.a(stm32f4xx_usart.o)
                                                  main.o
USART_GetITStatus                                 /home/huynhtai/Downloads/STM32-master/stm32f4_bluetooth/stdperiph.a(stm32f4xx_usart.o)
USART_HalfDuplexCmd                               /home/huynhtai/Downloads/STM32-master/stm32f4_bluetooth/stdperiph.a(stm32f4xx_usart.o)
USART_ITConfig                                    /home/huynhtai/Downloads/STM32-master/stm32f4_bluetooth/stdperiph.a(stm32f4xx_usart.o)
                                                  main.o
USART_Init                                        /home/huynhtai/Downloads/STM32-master/stm32f4_bluetooth/stdperiph.a(stm32f4xx_usart.o)
                                                  main.o
USART_IrDACmd                                     /home/huynhtai/Downloads/STM32-master/stm32f4_bluetooth/stdperiph.a(stm32f4xx_usart.o)
USART_IrDAConfig                                  /home/huynhtai/Downloads/STM32-master/stm32f4_bluetooth/stdperiph.a(stm32f4xx_usart.o)
USART_LINBreakDetectLengthConfig                  /home/huynhtai/Downloads/STM32-master/stm32f4_bluetooth/stdperiph.a(stm32f4xx_usart.o)
                                                  main.o
USART_LINCmd                                      /home/huynhtai/Downloads/STM32-master/stm32f4_bluetooth/stdperiph.a(stm32f4xx_usart.o)
                                                  main.o
USART_OneBitMethodCmd                             /home/huynhtai/Downloads/STM32-master/stm32f4_bluetooth/stdperiph.a(stm32f4xx_usart.o)
USART_OverSampling8Cmd                            /home/huynhtai/Downloads/STM32-master/stm32f4_bluetooth/stdperiph.a(stm32f4xx_usart.o)
USART_ReceiveData                                 /home/huynhtai/Downloads/STM32-master/stm32f4_bluetooth/stdperiph.a(stm32f4xx_usart.o)
                                                  main.o
USART_ReceiverWakeUpCmd                           /home/huynhtai/Downloads/STM32-master/stm32f4_bluetooth/stdperiph.a(stm32f4xx_usart.o)
USART_SendBreak                                   /home/huynhtai/Downloads/STM32-master/stm32f4_bluetooth/stdperiph.a(stm32f4xx_usart.o)
USART_SendData                                    /home/huynhtai/Downloads/STM32-master/stm32f4_bluetooth/stdperiph.a(stm32f4xx_usart.o)
                                                  stm32f4xx_it.o
USART_SendString                                  /home/huynhtai/Downloads/STM32-master/stm32f4_bluetooth/stdperiph.a(stm32f4xx_usart.o)
USART_SetAddress                                  /home/huynhtai/Downloads/STM32-master/stm32f4_bluetooth/stdperiph.a(stm32f4xx_usart.o)
USART_SetGuardTime                                /home/huynhtai/Downloads/STM32-master/stm32f4_bluetooth/stdperiph.a(stm32f4xx_usart.o)
USART_SetPrescaler                                /home/huynhtai/Downloads/STM32-master/stm32f4_bluetooth/stdperiph.a(stm32f4xx_usart.o)
USART_SmartCardCmd                                /home/huynhtai/Downloads/STM32-master/stm32f4_bluetooth/stdperiph.a(stm32f4xx_usart.o)
USART_SmartCardNACKCmd                            /home/huynhtai/Downloads/STM32-master/stm32f4_bluetooth/stdperiph.a(stm32f4xx_usart.o)
USART_StructInit                                  /home/huynhtai/Downloads/STM32-master/stm32f4_bluetooth/stdperiph.a(stm32f4xx_usart.o)
USART_WakeUpConfig                                /home/huynhtai/Downloads/STM32-master/stm32f4_bluetooth/stdperiph.a(stm32f4xx_usart.o)
UsageFault_Handler                                startup_stm32f4xx.o
WWDG_IRQHandler                                   startup_stm32f4xx.o
__bss_end__                                       startup_stm32f4xx.o
__bss_start__                                     startup_stm32f4xx.o
__data_end__                                      startup_stm32f4xx.o
__data_start__                                    startup_stm32f4xx.o
__sidata                                          startup_stm32f4xx.o
_estack                                           startup_stm32f4xx.o
count                                             main.o
delay                                             main.o
dis                                               sensor.o
g_pfnVectors                                      startup_stm32f4xx.o
init_GPIO                                         main.o
main                                              main.o
                                                  startup_stm32f4xx.o
sensorInit                                        sensor.o
state                                             main.o
                                                  sensor.o
turnOffLED                                        CortexM4asmOps.o
turnOnLED                                         CortexM4asmOps.o