Archive member included to satisfy reference by file (symbol)

/home/huynhtai/STM32/SDIO_AG/stdperiph.a(stm32f4xx_gpio.o)
                              stm32f4_discovery.o (GPIO_Init)
/home/huynhtai/STM32/SDIO_AG/stdperiph.a(stm32f4xx_dma.o)
                              stm32f4_discovery.o (DMA_DeInit)
/home/huynhtai/STM32/SDIO_AG/stdperiph.a(stm32f4xx_iwdg.o)
                              main.o (IWDG_WriteAccessCmd)
/home/huynhtai/STM32/SDIO_AG/stdperiph.a(stm32f4xx_flash.o)
                              EEPROM.o (FLASH_Unlock)
/home/huynhtai/STM32/SDIO_AG/stdperiph.a(misc.o)
                              stm32f4_discovery.o (NVIC_Init)
/home/huynhtai/STM32/SDIO_AG/stdperiph.a(stm32f4xx_sdio.o)
                              stm32f4_discovery.o (SDIO_DeInit)
/home/huynhtai/STM32/SDIO_AG/stdperiph.a(stm32f4xx_usart.o)
                              USART_DMA.o (USART_Init)
/home/huynhtai/STM32/SDIO_AG/stdperiph.a(stm32f4xx_exti.o)
                              stm32f4_discovery.o (EXTI_Init)
/home/huynhtai/STM32/SDIO_AG/stdperiph.a(stm32f4xx_rcc.o)
                              /home/huynhtai/STM32/SDIO_AG/stdperiph.a(stm32f4xx_usart.o) (RCC_GetClocksFreq)
/home/huynhtai/STM32/SDIO_AG/stdperiph.a(stm32f4xx_syscfg.o)
                              stm32f4_discovery.o (SYSCFG_EXTILineConfig)
/home/huynhtai/Downloads/TOOLCHAIN/gcc-arm-none-eabi-5_4-2016q3/bin/../lib/gcc/arm-none-eabi/5.4.1/../../../../arm-none-eabi/lib/armv7e-m/libc_nano.a(lib_a-memcpy-stub.o)
                              diskio.o (memcpy)

Allocating common symbols
Common symbol       size              file

SDIO_CmdInitStructure
                    0x14              stm32f4_discovery_sdio_sd.o
fno                 0x18              main.o
_address            0x4               USART_DMA.o
buff                0x80              main.o
br                  0x4               main.o
DMA_InitStructure1  0x3c              USART_DMA.o
state               0x1               USART_DMA.o
SDCardInfo          0x58              stm32f4_discovery_sdio_sd.o
SDIO_InitStructure  0x18              stm32f4_discovery_sdio_sd.o
file                0x224             main.o
SDIO_DataInitStructure
                    0x18              stm32f4_discovery_sdio_sd.o
fileinfo            0x18              main.o
RxBuffer            0xff              USART_DMA.o
size                0x1               USART_DMA.o
bw                  0x4               main.o
dir                 0x1c              main.o
TxBuffer            0xff              USART_DMA.o
USART_InitStructure
                    0x10              USART_DMA.o
filesystem          0x230             main.o
msTicks             0x4               main.o
NVIC_InitStructure  0x4               stm32f4_discovery.o
ret                 0x1               main.o
DMA_InitStructure   0x3c              USART_DMA.o

Discarded input sections

 .bss           0x00000000        0x0 stm32f4_discovery.o
 .text          0x00000000       0x5c EEPROM.o
 .data          0x00000000        0x0 EEPROM.o
 .bss           0x00000000        0x0 EEPROM.o
 .debug_info    0x00000000      0x273 EEPROM.o
 .debug_abbrev  0x00000000      0x10d EEPROM.o
 .debug_loc     0x00000000      0x14b EEPROM.o
 .debug_aranges
                0x00000000       0x20 EEPROM.o
 .debug_line    0x00000000      0x163 EEPROM.o
 .debug_str     0x00000000      0x2b2 EEPROM.o
 .comment       0x00000000       0x6f EEPROM.o
 .debug_frame   0x00000000       0x70 EEPROM.o
 .ARM.attributes
                0x00000000       0x33 EEPROM.o
 .data          0x00000000        0x0 ff.o
 .data          0x00000000        0x0 USART_DMA.o
 .data          0x00000000        0x0 stm32f4_discovery_sdio_sd.o
 .data          0x00000000        0x0 startup_stm32f4xx.o
 .bss           0x00000000        0x0 startup_stm32f4xx.o
 .data          0x00000000        0xa main.o
 .bss           0x00000000        0x3 main.o
 .data          0x00000000        0x0 stm32f4xx_it.o
 .bss           0x00000000        0x0 stm32f4xx_it.o
 .data          0x00000000        0x0 diskio.o
 .bss           0x00000000        0x0 diskio.o
 .bss           0x00000000        0x0 system_stm32f4xx.o
 .text          0x00000000       0x18 CortexM4asmOps.o
 .data          0x00000000        0x0 CortexM4asmOps.o
 .bss           0x00000000        0x0 CortexM4asmOps.o
 .ARM.attributes
                0x00000000       0x14 CortexM4asmOps.o
 .data          0x00000000        0x0 /home/huynhtai/STM32/SDIO_AG/stdperiph.a(stm32f4xx_gpio.o)
 .bss           0x00000000        0x0 /home/huynhtai/STM32/SDIO_AG/stdperiph.a(stm32f4xx_gpio.o)
 .data          0x00000000        0x0 /home/huynhtai/STM32/SDIO_AG/stdperiph.a(stm32f4xx_dma.o)
 .bss           0x00000000        0x0 /home/huynhtai/STM32/SDIO_AG/stdperiph.a(stm32f4xx_dma.o)
 .data          0x00000000        0x0 /home/huynhtai/STM32/SDIO_AG/stdperiph.a(stm32f4xx_iwdg.o)
 .bss           0x00000000        0x0 /home/huynhtai/STM32/SDIO_AG/stdperiph.a(stm32f4xx_iwdg.o)
[...]
Memory Configuration

Name             Origin             Length             Attributes
FLASH            0x08000000         0x00080000         xr
RAM              0x20000000         0x00020000         xrw
CCM              0x10000000         0x00010000         xrw
*default*        0x00000000         0xffffffff

Linker script and memory map

LOAD stm32f4_discovery.o
LOAD EEPROM.o
LOAD ff.o
LOAD USART_DMA.o
LOAD stm32f4_discovery_sdio_sd.o
LOAD startup_stm32f4xx.o
LOAD main.o
LOAD stm32f4xx_it.o
LOAD diskio.o
LOAD system_stm32f4xx.o
LOAD CortexM4asmOps.o
LOAD /home/huynhtai/STM32/SDIO_AG/stdperiph.a
LOAD /home/huynhtai/Downloads/TOOLCHAIN/gcc-arm-none-eabi-5_4-2016q3/bin/../lib/gcc/arm-none-eabi/5.4.1/../../../../arm-none-eabi/lib/armv7e-m/libc_nano.a
LOAD /home/huynhtai/Downloads/TOOLCHAIN/gcc-arm-none-eabi-5_4-2016q3/bin/../lib/gcc/arm-none-eabi/5.4.1/armv7e-m/libgcc.a
LOAD /home/huynhtai/Downloads/TOOLCHAIN/gcc-arm-none-eabi-5_4-2016q3/bin/../lib/gcc/arm-none-eabi/5.4.1/../../../../arm-none-eabi/lib/armv7e-m/libnosys.a
LOAD /home/huynhtai/Downloads/TOOLCHAIN/gcc-arm-none-eabi-5_4-2016q3/bin/../lib/gcc/arm-none-eabi/5.4.1/../../../../arm-none-eabi/lib/armv7e-m/libm.a
START GROUP
LOAD /home/huynhtai/Downloads/TOOLCHAIN/gcc-arm-none-eabi-5_4-2016q3/bin/../lib/gcc/arm-none-eabi/5.4.1/armv7e-m/libgcc.a
LOAD /home/huynhtai/Downloads/TOOLCHAIN/gcc-arm-none-eabi-5_4-2016q3/bin/../lib/gcc/arm-none-eabi/5.4.1/../../../../arm-none-eabi/lib/armv7e-m/libc_nano.a
END GROUP
START GROUP
LOAD /home/huynhtai/Downloads/TOOLCHAIN/gcc-arm-none-eabi-5_4-2016q3/bin/../lib/gcc/arm-none-eabi/5.4.1/armv7e-m/libgcc.a
LOAD /home/huynhtai/Downloads/TOOLCHAIN/gcc-arm-none-eabi-5_4-2016q3/bin/../lib/gcc/arm-none-eabi/5.4.1/../../../../arm-none-eabi/lib/armv7e-m/libc_nano.a
END GROUP
                0x20020000                _estack = 0x20020000
                0x00002000                _Min_Heap_Size = 0x2000
                0x00004000                _Min_Stack_Size = 0x4000

.isr_vector     0x08000000      0x188
                0x08000000                . = ALIGN (0x4)
 *(.isr_vector)
 .isr_vector    0x08000000      0x188 startup_stm32f4xx.o
                0x08000000                g_pfnVectors
                0x08000188                . = ALIGN (0x4)

.text           0x08000188     0x56f8
                0x08000188                . = ALIGN (0x4)
 *(.text)
 .text          0x08000188      0x3c4 stm32f4_discovery.o
                0x08000188                STM_EVAL_LEDInit
                0x080001d0                STM_EVAL_LEDOn
                0x080001ec                STM_EVAL_LEDOff
                0x08000208                STM_EVAL_LEDToggle
                0x08000228                STM_EVAL_PBInit
                0x080002a8                STM_EVAL_PBGetState
                0x080002c0                SD_LowLevel_DeInit
                0x0800035c                SD_LowLevel_Init
                0x08000420                SD_LowLevel_DMA_TxConfig
                0x080004b8                SD_LowLevel_DMA_RxConfig
 .text          0x0800054c     0x1bbc ff.o
                0x0800119c                clust2sect
                0x080011b4                get_fat
                0x080011c4                put_fat
                0x080011e0                f_mount
                0x08001200                f_open
                0x08001358                f_read
                0x08001508                f_write
                0x080016fc                f_sync
                0x080017b0                f_close
                0x080017c0                f_lseek
                0x08001948                f_opendir
                0x080019ac                f_readdir
                0x08001a1c                f_stat
                0x08001a68                f_getfree
                0x08001b6c                f_truncate
                0x08001c48                f_unlink
                0x08001cfc                f_mkdir
                0x08001f24                f_chmod
                0x08001f78                f_utime
                0x08001fd0                f_rename
 .text          0x08002108      0x2a4 USART_DMA.o
                0x08002108                USART_DMA_Sendbyte
                0x08002120                USART_DMA_Sendstring
                0x08002170                USART_DMA_Received_1Byte
                0x08002188                USART_DMA_Init
                0x080022f0                DMA_Tx_Handler
                0x0800236c                DMA_Rx_Handler
 .text          0x080023ac     0x1930 stm32f4_discovery_sdio_sd.o
                0x0800286c                SD_DeInit
                0x08002870                SD_GetState
                0x080028b0                SD_GetStatus
                0x080028c8                SD_Detect
                0x080028f0                SD_PowerON
                0x08002b04                SD_PowerOFF
                0x08002b10                SD_InitializeCards
                0x08002c60                SD_GetCardInfo
                0x08002ef4                SD_EnableWideBusOperation
                0x08002f70                SD_SelectDeselect
                0x08002f9c                SD_Init
                0x08003030                SD_ReadBlock
                0x08003190                SD_ReadMultiBlocks
                0x0800327c                SD_ReadMultiBlocksFIXED
                0x0800336c                SD_WriteBlock
                0x080034b0                SD_WriteMultiBlocks
                0x080035d0                SD_WriteMultiBlocksFIXED
                0x080036f4                SD_GetTransferState
                0x08003708                SD_StopTransfer
                0x08003734                SD_WaitReadOperation
                0x080037ec                SD_WaitWriteOperation
                0x080038a4                SD_Erase
                0x080039d4                SD_SendStatus
                0x080039e0                SD_SendSDStatus
                0x08003b48                SD_GetCardStatus
                0x08003be8                SD_ProcessIRQSrc
                0x08003c9c                SD_ProcessDMAIRQ
                0x08003cc4                convert_from_bytes_to_power_of_two
 .text          0x08003cdc       0x74 startup_stm32f4xx.o
                0x08003cdc                RTC_Alarm_IRQHandler
                0x08003cdc                HASH_RNG_IRQHandler
                0x08003cdc                EXTI2_IRQHandler
                0x08003cdc                TIM8_CC_IRQHandler
                0x08003cdc                DebugMon_Handler
                0x08003cdc                TIM1_CC_IRQHandler
                0x08003cdc                DMA2_Stream5_IRQHandler
                0x08003cdc                SysTick_Handler
                0x08003cdc                PVD_IRQHandler
                0x08003cdc                TAMP_STAMP_IRQHandler
                0x08003cdc                PendSV_Handler
                0x08003cdc                CAN2_RX1_IRQHandler
                0x08003cdc                EXTI3_IRQHandler
                0x08003cdc                TIM8_TRG_COM_TIM14_IRQHandler
                0x08003cdc                TIM1_UP_TIM10_IRQHandler
                0x08003cdc                TIM8_UP_TIM13_IRQHandler
                0x08003cdc                I2C3_ER_IRQHandler
                0x08003cdc                I2C2_EV_IRQHandler
                0x08003cdc                DMA1_Stream2_IRQHandler
                0x08003cdc                CAN1_RX0_IRQHandler
                0x08003cdc                FPU_IRQHandler
                0x08003cdc                OTG_HS_WKUP_IRQHandler
                0x08003cdc                UsageFault_Handler
                0x08003cdc                CAN2_SCE_IRQHandler
                0x08003cdc                DMA2_Stream2_IRQHandler
                0x08003cdc                SPI1_IRQHandler
                0x08003cdc                TIM6_DAC_IRQHandler
                0x08003cdc                TIM1_BRK_TIM9_IRQHandler
                0x08003cdc                DCMI_IRQHandler
                0x08003cdc                CAN2_RX0_IRQHandler
                0x08003cdc                DMA2_Stream3_IRQHandler
                0x08003cdc                USART6_IRQHandler
                0x08003cdc                USART3_IRQHandler
                0x08003cdc                CRYP_IRQHandler
                0x08003cdc                CAN1_RX1_IRQHandler
                0x08003cdc                UART5_IRQHandler
                0x08003cdc                DMA2_Stream0_IRQHandler
                0x08003cdc                TIM4_IRQHandler
                0x08003cdc                I2C1_EV_IRQHandler
                0x08003cdc                DMA1_Stream1_IRQHandler
                0x08003cdc                UART4_IRQHandler
                0x08003cdc                TIM3_IRQHandler
                0x08003cdc                RCC_IRQHandler
                0x08003cdc                TIM8_BRK_TIM12_IRQHandler
                0x08003cdc                Default_Handler
                0x08003cdc                EXTI15_10_IRQHandler
                0x08003cdc                ADC_IRQHandler
                0x08003cdc                DMA1_Stream7_IRQHandler
                0x08003cdc                TIM7_IRQHandler
                0x08003cdc                CAN2_TX_IRQHandler
                0x08003cdc                TIM5_IRQHandler
                0x08003cdc                DMA2_Stream7_IRQHandler
                0x08003cdc                I2C3_EV_IRQHandler
                0x08003cdc                EXTI9_5_IRQHandler
                0x08003cdc                RTC_WKUP_IRQHandler
                0x08003cdc                ETH_WKUP_IRQHandler
                0x08003cdc                SPI2_IRQHandler
                0x08003cdc                OTG_HS_EP1_IN_IRQHandler
                0x08003cdc                MemManage_Handler
                0x08003cdc                DMA1_Stream0_IRQHandler
                0x08003cdc                CAN1_TX_IRQHandler
                0x08003cdc                SVC_Handler
                0x08003cdc                EXTI4_IRQHandler
                0x08003cdc                FSMC_IRQHandler
                0x08003cdc                ETH_IRQHandler
                0x08003cdc                OTG_HS_EP1_OUT_IRQHandler
                0x08003cdc                WWDG_IRQHandler
                0x08003cdc                TIM2_IRQHandler
                0x08003cdc                OTG_FS_WKUP_IRQHandler
                0x08003cdc                TIM1_TRG_COM_TIM11_IRQHandler
                0x08003cdc                OTG_HS_IRQHandler
                0x08003cdc                EXTI1_IRQHandler
                0x08003cdc                I2C2_ER_IRQHandler
                0x08003cdc                DMA2_Stream1_IRQHandler
                0x08003cdc                CAN1_SCE_IRQHandler
                0x08003cdc                FLASH_IRQHandler
                0x08003cdc                DMA2_Stream4_IRQHandler
                0x08003cdc                BusFault_Handler
                0x08003cdc                USART1_IRQHandler
                0x08003cdc                OTG_FS_IRQHandler
                0x08003cdc                SPI3_IRQHandler
                0x08003cdc                DMA1_Stream4_IRQHandler
                0x08003cdc                I2C1_ER_IRQHandler
                0x08003cdc                DMA2_Stream6_IRQHandler
                0x08003cdc                DMA1_Stream3_IRQHandler
                0x08003ce0                Reset_Handler
 .text          0x08003d50      0x204 main.o
                0x08003d50                delay
                0x08003d68                init_GPIO
                0x08003e90                DMA1_Stream5_IRQHandler
                0x08003e94                DMA1_Stream6_IRQHandler
                0x08003e98                EXTI0_IRQHandler
                0x08003ed8                USART2_IRQHandler
                0x08003f50                SDIO_IRQHandler
 .text          0x08003f54       0x24 stm32f4xx_it.o
                0x08003f54                NMI_Handler
                0x08003f58                HardFault_Handler
 .text          0x08003f78      0x150 diskio.o
                0x08003f78                disk_initialize
                0x08003f90                disk_status
                0x08003fa0                disk_read
                0x08004030                disk_write
                0x080040c0                disk_ioctl
                0x080040c4                get_fattime
 .text          0x080040c8      0x168 system_stm32f4xx.o
                0x080040c8                SystemInit
                0x080041bc                SystemCoreClockUpdate
 .text          0x08004230      0x2a8 /home/huynhtai/STM32/SDIO_AG/stdperiph.a(stm32f4xx_gpio.o)
                0x08004230                GPIO_DeInit
                0x0800438c                GPIO_Init
                0x08004430                GPIO_StructInit
                0x08004444                GPIO_PinLockConfig
                0x08004468                GPIO_ReadInputDataBit
                0x08004474                GPIO_ReadInputData
                0x0800447c                GPIO_ReadOutputDataBit
                0x08004488                GPIO_ReadOutputData
                0x08004490                GPIO_SetBits
                0x08004494                GPIO_ResetBits
                0x08004498                GPIO_WriteBit
                0x080044a4                GPIO_Write
                0x080044a8                GPIO_ToggleBits
                0x080044b0                GPIO_PinAFConfig
 .text          0x080044d8      0x33c /home/huynhtai/STM32/SDIO_AG/stdperiph.a(stm32f4xx_dma.o)
                0x080044d8                DMA_DeInit
                0x08004600                DMA_Init
                0x08004658                DMA_StructInit
                0x0800467c                DMA_Cmd
                0x08004690                DMA_PeriphIncOffsetSizeConfig
                0x080046a4                DMA_FlowControllerConfig
                0x080046b8                DMA_SetCurrDataCounter
                0x080046bc                DMA_GetCurrDataCounter
                0x080046c4                DMA_DoubleBufferModeConfig
                0x080046dc                DMA_DoubleBufferModeCmd
                0x080046f0                DMA_MemoryTargetConfig
                0x080046fc                DMA_GetCurrentMemoryTarget
                0x08004704                DMA_GetCmdStatus
                0x0800470c                DMA_GetFIFOStatus
                0x08004714                DMA_GetFlagStatus
                0x0800474c                DMA_ITConfig
                0x0800478c                DMA_GetITStatus
                0x080047dc                DMA_ClearITPendingBit
                0x08004810                DMA_ClearFlag
 .text          0x08004814       0x58 /home/huynhtai/STM32/SDIO_AG/stdperiph.a(stm32f4xx_iwdg.o)
                0x08004814                IWDG_WriteAccessCmd
                0x08004820                IWDG_SetPrescaler
                0x0800482c                IWDG_SetReload
                0x08004838                IWDG_ReloadCounter
                0x08004848                IWDG_Enable
                0x08004858                IWDG_GetFlagStatus
 .text          0x0800486c       0xbc /home/huynhtai/STM32/SDIO_AG/stdperiph.a(misc.o)
                0x0800486c                NVIC_PriorityGroupConfig
                0x08004880                NVIC_Init
                0x080048e4                NVIC_SetVectorTable
                0x080048f8                NVIC_SystemLPConfig
                0x08004910                SysTick_CLKSourceConfig
 .text          0x08004928      0x220 /home/huynhtai/STM32/SDIO_AG/stdperiph.a(stm32f4xx_sdio.o)
                0x08004928                SDIO_DeInit
                0x08004944                SDIO_Init
                0x0800497c                SDIO_StructInit
                0x0800498c                SDIO_ClockCmd
                0x08004998                SDIO_SetPowerState
                0x080049a4                SDIO_GetPowerState
                0x080049b4                SDIO_SendCommand
                0x080049e4                SDIO_CmdStructInit
                0x080049f4                SDIO_GetCommandResponse
                0x08004a00                SDIO_GetResponse
                0x08004a18                SDIO_DataConfig
                0x08004a44                SDIO_DataStructInit
                0x08004a58                SDIO_GetDataCounter
                0x08004a64                SDIO_ReadData
                0x08004a70                SDIO_WriteData
                0x08004a7c                SDIO_GetFIFOCount
                0x08004a88                SDIO_StartSDIOReadWait
                0x08004a94                SDIO_StopSDIOReadWait
                0x08004aa0                SDIO_SetSDIOReadWaitMode
                0x08004aac                SDIO_SetSDIOOperation
                0x08004ab8                SDIO_SendSDIOSuspendCmd
                0x08004ac4                SDIO_CommandCompletionCmd
                0x08004ad0                SDIO_CEATAITCmd
                0x08004ae4                SDIO_SendCEATACmd
                0x08004af0                SDIO_DMACmd
                0x08004afc                SDIO_ITConfig
                0x08004b18                SDIO_ClearFlag
                0x08004b24                SDIO_GetITStatus
                0x08004b38                SDIO_GetFlagStatus
                0x08004b3c                SDIO_ClearITPendingBit
 .text          0x08004b48      0x4a4 /home/huynhtai/STM32/SDIO_AG/stdperiph.a(stm32f4xx_usart.o)
                0x08004b48                USART_DeInit
                0x08004c54                USART_Init
                0x08004d18                USART_StructInit
                0x08004d30                USART_ClockInit
                0x08004d54                USART_ClockStructInit
                0x08004d60                USART_Cmd
                0x08004d7c                USART_SetPrescaler
                0x08004d90                USART_OverSampling8Cmd
                0x08004dac                USART_OneBitMethodCmd
                0x08004dc8                USART_SendData
                0x08004de0                USART_SendString
                0x08004e04                USART_ReceiveData
                0x08004e0c                USART_SetAddress
                0x08004e24                USART_ReceiverWakeUpCmd
                0x08004e40                USART_WakeUpConfig
                0x08004e58                USART_LINBreakDetectLengthConfig
                0x08004e70                USART_LINCmd
                0x08004e8c                USART_SendBreak
                0x08004e98                USART_HalfDuplexCmd
                0x08004eb4                USART_SetGuardTime
                0x08004ec8                USART_SmartCardCmd
                0x08004ee4                USART_SmartCardNACKCmd
                0x08004f00                USART_IrDAConfig
                0x08004f18                USART_IrDACmd
                0x08004f34                USART_DMACmd
                0x08004f48                USART_ITConfig
                0x08004f80                USART_GetFlagStatus
                0x08004f8c                USART_ClearFlag
                0x08004f94                USART_GetITStatus
                0x08004fdc                USART_ClearITPendingBit
 .text          0x08004fec       0xe8 /home/huynhtai/STM32/SDIO_AG/stdperiph.a(stm32f4xx_exti.o)
                0x08004fec                EXTI_DeInit
                0x08005008                EXTI_Init
                0x08005084                EXTI_StructInit
                0x08005094                EXTI_GenerateSWInterrupt
                0x080050a4                EXTI_ClearFlag
                0x080050b0                EXTI_GetITStatus
                0x080050c4                EXTI_GetFlagStatus
                0x080050c8                EXTI_ClearITPendingBit
 .text          0x080050d4      0x580 /home/huynhtai/STM32/SDIO_AG/stdperiph.a(stm32f4xx_rcc.o)
                0x080050d4                RCC_DeInit
                0x08005124                RCC_HSEConfig
                0x08005134                RCC_WaitForHSEStartUp
                0x08005168                RCC_AdjustHSICalibrationValue
                0x0800517c                RCC_HSICmd
                0x08005188                RCC_LSEConfig
                0x080051a8                RCC_LSICmd
                0x080051b4                RCC_PLLConfig
                0x080051d8                RCC_PLLCmd
                0x080051e4                RCC_PLLI2SConfig
                0x080051f8                RCC_PLLI2SCmd
                0x08005204                RCC_PLLSAIConfig
                0x0800521c                RCC_PLLSAICmd
                0x08005228                RCC_ClockSecuritySystemCmd
                0x08005234                RCC_MCO1Config
                0x08005248                RCC_MCO2Config
                0x0800525c                RCC_SYSCLKConfig
                0x08005270                RCC_GetSYSCLKSource
                0x08005280                RCC_HCLKConfig
                0x08005294                RCC_PCLK1Config
                0x080052a8                RCC_PCLK2Config
                0x080052bc                RCC_GetClocksFreq
                0x08005354                RCC_RTCCLKConfig
                0x08005384                RCC_RTCCLKCmd
                0x08005390                RCC_BackupResetCmd
                0x0800539c                RCC_I2SCLKConfig
                0x080053a8                RCC_SAIPLLI2SClkDivConfig
                0x080053c0                RCC_SAIPLLSAIClkDivConfig
                0x080053dc                RCC_SAIBlockACLKConfig
                0x080053f4                RCC_SAIBlockBCLKConfig
                0x0800540c                RCC_LTDCCLKDivConfig
                0x08005424                RCC_TIMCLKPresConfig
                0x08005430                RCC_AHB1PeriphClockCmd
                0x0800544c                RCC_AHB2PeriphClockCmd
                0x08005468                RCC_AHB3PeriphClockCmd
                0x08005484                RCC_APB1PeriphClockCmd
                0x080054a0                RCC_APB2PeriphClockCmd
                0x080054bc                RCC_AHB1PeriphResetCmd
                0x080054d8                RCC_AHB2PeriphResetCmd
                0x080054f4                RCC_AHB3PeriphResetCmd
                0x08005510                RCC_APB1PeriphResetCmd
                0x0800552c                RCC_APB2PeriphResetCmd
                0x08005548                RCC_AHB1PeriphClockLPModeCmd
                0x08005564                RCC_AHB2PeriphClockLPModeCmd
                0x08005580                RCC_AHB3PeriphClockLPModeCmd
                0x0800559c                RCC_APB1PeriphClockLPModeCmd
                0x080055b8                RCC_APB2PeriphClockLPModeCmd
                0x080055d4                RCC_ITConfig
                0x080055f0                RCC_GetFlagStatus
                0x08005624                RCC_ClearFlag
                0x08005634                RCC_GetITStatus
                0x08005648                RCC_ClearITPendingBit
 .text          0x08005654       0x88 /home/huynhtai/STM32/SDIO_AG/stdperiph.a(stm32f4xx_syscfg.o)
                0x08005654                SYSCFG_DeInit
                0x08005670                SYSCFG_MemoryRemapConfig
                0x0800567c                SYSCFG_MemorySwappingBank
                0x08005688                SYSCFG_EXTILineConfig
                0x080056b4                SYSCFG_ETH_MediaInterfaceConfig
                0x080056c0                SYSCFG_CompensationCellCmd
                0x080056cc                SYSCFG_GetCompensationCellStatus
 *(.text*)
 .text.startup  0x080056dc       0xbc main.o
                0x080056dc                main
 .text.memcpy   0x08005798       0x16 /home/huynhtai/Downloads/TOOLCHAIN/gcc-arm-none-eabi-5_4-2016q3/bin/../lib/gcc/arm-none-eabi/5.4.1/../../../../arm-none-eabi/lib/armv7e-m/libc_nano.a(lib_a-memcpy-stub.o)
                0x08005798                memcpy
 *(.rodata)
 *fill*         0x080057ae        0x2 
 .rodata        0x080057b0       0x2e stm32f4_discovery.o
                0x080057b0                GPIO_CLK
                0x080057c0                GPIO_PIN
                0x080057c8                BUTTON_IRQn
                0x080057cc                BUTTON_PIN_SOURCE
                0x080057d0                BUTTON_PORT_SOURCE
                0x080057d4                BUTTON_EXTI_LINE
                0x080057d8                BUTTON_CLK
                0x080057dc                BUTTON_PIN
 *(.rodata*)
 *fill*         0x080057de        0x2 
 .rodata.str1.4
                0x080057e0        0xf ff.o
 *fill*         0x080057ef        0x1 
 .rodata.str1.4
                0x080057f0       0x90 main.o
                                 0x8d (size before relaxing)
 *(.glue_7)
 .glue_7        0x08005880        0x0 linker stubs
 *(.glue_7t)
 .glue_7t       0x08005880        0x0 linker stubs
 *(.eh_frame)
 *(.init)
 *(.fini)
                0x08005880                . = ALIGN (0x4)
                0x08005880                _etext = .
                0x08005880                _exit = .

.vfp11_veneer   0x08005880        0x0
 .vfp11_veneer  0x08005880        0x0 linker stubs

.v4_bx          0x08005880        0x0
 .v4_bx         0x08005880        0x0 linker stubs

.iplt           0x08005880        0x0
 .iplt          0x08005880        0x0 stm32f4_discovery.o

.rel.dyn        0x08005880        0x0
 .rel.iplt      0x08005880        0x0 stm32f4_discovery.o

.ARM.extab
 *(.ARM.extab* .gnu.linkonce.armextab.*)

.ARM            0x08005880        0x0
                0x08005880                __exidx_start = .
 *(.ARM.exidx*)
                0x08005880                __exidx_end = .

.preinit_array  0x08005880        0x0
                [!provide]                PROVIDE (__preinit_array_start, .)
 *(.preinit_array*)
                [!provide]                PROVIDE (__preinit_array_end, .)

.init_array     0x08005880        0x0
                [!provide]                PROVIDE (__init_array_start, .)
 *(SORT(.init_array.*))
 *(.init_array*)
                [!provide]                PROVIDE (__init_array_end, .)

.fini_array     0x08005880        0x0
                [!provide]                PROVIDE (__fini_array_start, .)
 *(.fini_array*)
 *(SORT(.fini_array.*))
                [!provide]                PROVIDE (__fini_array_end, .)
                0x08005880                __sidata = .

.data           0x20000000       0x38 load address 0x08005880
                0x20000000                . = ALIGN (0x4)
                0x20000000                _sdata = .
                0x20000000                __data_start__ = _sdata
 *(.data)
 .data          0x20000000       0x14 stm32f4_discovery.o
                0x20000000                GPIO_PORT
                0x20000010                BUTTON_PORT
 .data          0x20000014       0x14 system_stm32f4xx.o
                0x20000014                AHBPrescTable
                0x20000024                SystemCoreClock
 .data          0x20000028       0x10 /home/huynhtai/STM32/SDIO_AG/stdperiph.a(stm32f4xx_rcc.o)
 *(.data*)
                0x20000038                . = ALIGN (0x4)
                0x20000038                _edata = .
                0x20000038                __data_end__ = _edata

.igot.plt       0x20000038        0x0 load address 0x080058b8
 .igot.plt      0x20000038        0x0 stm32f4_discovery.o
                0x20000038                . = ALIGN (0x4)

.bss            0x20000038      0x8b8 load address 0x080058b8
                0x20000038                _sbss = .
                0x20000038                __bss_start__ = _sbss
 *(.bss)
 .bss           0x20000038        0x6 ff.o
 .bss           0x2000003e        0x1 USART_DMA.o
 *fill*         0x2000003f        0x1 
 .bss           0x20000040       0x48 stm32f4_discovery_sdio_sd.o
                0x20000068                TransferError
                0x2000006c                TransferEnd
                0x20000070                StopCondition
                0x20000074                DMAEndOfTransfer
 *(.bss*)
 *(COMMON)
 COMMON         0x20000088        0x4 stm32f4_discovery.o
                0x20000088                NVIC_InitStructure
 COMMON         0x2000008c      0x290 USART_DMA.o
                0x2000008c                _address
                0x20000090                DMA_InitStructure1
                0x200000cc                state
                0x200000d0                RxBuffer
                0x200001cf                size
                0x200001d0                TxBuffer
                0x200002d0                USART_InitStructure
                0x200002e0                DMA_InitStructure
 *fill*         0x2000031c        0x4 
 COMMON         0x20000320       0xa0 stm32f4_discovery_sdio_sd.o
                0x20000320                SDIO_CmdInitStructure
                0x20000338                SDCardInfo
                0x20000390                SDIO_InitStructure
                0x200003a8                SDIO_DataInitStructure
 COMMON         0x200003c0      0x52d main.o
                0x200003c0                fno
                0x200003d8                buff
                0x20000458                br
                0x2000045c                file
                0x20000680                fileinfo
                0x20000698                bw
                0x2000069c                dir
                0x200006b8                filesystem
                0x200008e8                msTicks
                0x200008ec                ret
                0x200008f0                . = ALIGN (0x4)
 *fill*         0x200008ed        0x3 
                0x200008f0                _ebss = .
                0x200008f0                __bss_end__ = _ebss

._user_heap_stack
                0x200008f0     0x6000 load address 0x08006170
                0x200008f0                . = ALIGN (0x4)
                [!provide]                PROVIDE (end, .)
                [!provide]                PROVIDE (_end, .)
                0x200028f0                . = (. + _Min_Heap_Size)
 *fill*         0x200008f0     0x2000 
                0x200068f0                . = (. + _Min_Stack_Size)
 *fill*         0x200028f0     0x4000 
                0x200068f0                . = ALIGN (0x4)
OUTPUT(/home/huynhtai/STM32/SDIO_AG/build/blinky.elf elf32-littlearm)

.debug_info     0x00000000     0xd48f
 .debug_info    0x00000000     0x108d stm32f4_discovery.o
 .debug_info    0x0000108d     0x2d1e ff.o
 .debug_info    0x00003dab      0xbb9 USART_DMA.o
 .debug_info    0x00004964     0x28d8 stm32f4_discovery_sdio_sd.o
 .debug_info    0x0000723c      0x11f startup_stm32f4xx.o
 .debug_info    0x0000735b     0x14a0 main.o
 .debug_info    0x000087fb       0xf5 stm32f4xx_it.o
 .debug_info    0x000088f0      0x5fb diskio.o
 .debug_info    0x00008eeb      0x615 system_stm32f4xx.o
 .debug_info    0x00009500      0x84a /home/huynhtai/STM32/SDIO_AG/stdperiph.a(stm32f4xx_gpio.o)
 .debug_info    0x00009d4a      0x702 /home/huynhtai/STM32/SDIO_AG/stdperiph.a(stm32f4xx_dma.o)
 .debug_info    0x0000a44c      0x211 /home/huynhtai/STM32/SDIO_AG/stdperiph.a(stm32f4xx_iwdg.o)
 .debug_info    0x0000a65d      0x542 /home/huynhtai/STM32/SDIO_AG/stdperiph.a(misc.o)
 .debug_info    0x0000ab9f      0x7e2 /home/huynhtai/STM32/SDIO_AG/stdperiph.a(stm32f4xx_sdio.o)
 .debug_info    0x0000b381      0xc5b /home/huynhtai/STM32/SDIO_AG/stdperiph.a(stm32f4xx_usart.o)
 .debug_info    0x0000bfdc      0x305 /home/huynhtai/STM32/SDIO_AG/stdperiph.a(stm32f4xx_exti.o)
 .debug_info    0x0000c2e1      0xed1 /home/huynhtai/STM32/SDIO_AG/stdperiph.a(stm32f4xx_rcc.o)
 .debug_info    0x0000d1b2      0x2dd /home/huynhtai/STM32/SDIO_AG/stdperiph.a(stm32f4xx_syscfg.o)

.debug_abbrev   0x00000000     0x20ce
 .debug_abbrev  0x00000000      0x22a stm32f4_discovery.o
 .debug_abbrev  0x0000022a      0x2e7 ff.o
 .debug_abbrev  0x00000511      0x1f6 USART_DMA.o
 .debug_abbrev  0x00000707      0x340 stm32f4_discovery_sdio_sd.o
 .debug_abbrev  0x00000a47       0xca startup_stm32f4xx.o
 .debug_abbrev  0x00000b11      0x2d2 main.o
 .debug_abbrev  0x00000de3       0x88 stm32f4xx_it.o
 .debug_abbrev  0x00000e6b      0x181 diskio.o
 .debug_abbrev  0x00000fec      0x147 system_stm32f4xx.o
 .debug_abbrev  0x00001133      0x1f5 /home/huynhtai/STM32/SDIO_AG/stdperiph.a(stm32f4xx_gpio.o)
 .debug_abbrev  0x00001328      0x177 /home/huynhtai/STM32/SDIO_AG/stdperiph.a(stm32f4xx_dma.o)
 .debug_abbrev  0x0000149f      0x114 /home/huynhtai/STM32/SDIO_AG/stdperiph.a(stm32f4xx_iwdg.o)
 .debug_abbrev  0x000015b3      0x158 /home/huynhtai/STM32/SDIO_AG/stdperiph.a(misc.o)
 .debug_abbrev  0x0000170b      0x1e5 /home/huynhtai/STM32/SDIO_AG/stdperiph.a(stm32f4xx_sdio.o)
 .debug_abbrev  0x000018f0      0x25a /home/huynhtai/STM32/SDIO_AG/stdperiph.a(stm32f4xx_usart.o)
 .debug_abbrev  0x00001b4a      0x1b0 /home/huynhtai/STM32/SDIO_AG/stdperiph.a(stm32f4xx_exti.o)
 .debug_abbrev  0x00001cfa      0x270 /home/huynhtai/STM32/SDIO_AG/stdperiph.a(stm32f4xx_rcc.o)
 .debug_abbrev  0x00001f6a      0x164 /home/huynhtai/STM32/SDIO_AG/stdperiph.a(stm32f4xx_syscfg.o)

.debug_loc      0x00000000     0x8053
 .debug_loc     0x00000000      0x159 stm32f4_discovery.o
 .debug_loc     0x00000159     0x3c82 ff.o
 .debug_loc     0x00003ddb       0xe8 USART_DMA.o
 .debug_loc     0x00003ec3     0x16a0 stm32f4_discovery_sdio_sd.o
 .debug_loc     0x00005563       0x3e startup_stm32f4xx.o
 .debug_loc     0x000055a1      0x14d main.o
 .debug_loc     0x000056ee      0x3ac diskio.o
 .debug_loc     0x00005a9a      0x13b system_stm32f4xx.o
 .debug_loc     0x00005bd5      0x3d2 /home/huynhtai/STM32/SDIO_AG/stdperiph.a(stm32f4xx_gpio.o)
 .debug_loc     0x00005fa7      0x424 /home/huynhtai/STM32/SDIO_AG/stdperiph.a(stm32f4xx_dma.o)
 .debug_loc     0x000063cb       0x62 /home/huynhtai/STM32/SDIO_AG/stdperiph.a(stm32f4xx_iwdg.o)
 .debug_loc     0x0000642d      0x17c /home/huynhtai/STM32/SDIO_AG/stdperiph.a(misc.o)
 .debug_loc     0x000065a9      0x1b2 /home/huynhtai/STM32/SDIO_AG/stdperiph.a(stm32f4xx_sdio.o)
 .debug_loc     0x0000675b      0xa0f /home/huynhtai/STM32/SDIO_AG/stdperiph.a(stm32f4xx_usart.o)
 .debug_loc     0x0000716a      0x12d /home/huynhtai/STM32/SDIO_AG/stdperiph.a(stm32f4xx_exti.o)
 .debug_loc     0x00007297      0xd16 /home/huynhtai/STM32/SDIO_AG/stdperiph.a(stm32f4xx_rcc.o)
 .debug_loc     0x00007fad       0xa6 /home/huynhtai/STM32/SDIO_AG/stdperiph.a(stm32f4xx_syscfg.o)

.debug_aranges  0x00000000      0x248
 .debug_aranges
                0x00000000       0x20 stm32f4_discovery.o
 .debug_aranges
                0x00000020       0x20 ff.o
 .debug_aranges
                0x00000040       0x20 USART_DMA.o
 .debug_aranges
                0x00000060       0x20 stm32f4_discovery_sdio_sd.o
 .debug_aranges
                0x00000080       0x20 startup_stm32f4xx.o
 .debug_aranges
                0x000000a0       0x28 main.o
 .debug_aranges
                0x000000c8       0x20 stm32f4xx_it.o
 .debug_aranges
                0x000000e8       0x20 diskio.o
 .debug_aranges
                0x00000108       0x20 system_stm32f4xx.o
 .debug_aranges
                0x00000128       0x20 /home/huynhtai/STM32/SDIO_AG/stdperiph.a(stm32f4xx_gpio.o)
 .debug_aranges
                0x00000148       0x20 /home/huynhtai/STM32/SDIO_AG/stdperiph.a(stm32f4xx_dma.o)
 .debug_aranges
                0x00000168       0x20 /home/huynhtai/STM32/SDIO_AG/stdperiph.a(stm32f4xx_iwdg.o)
 .debug_aranges
                0x00000188       0x20 /home/huynhtai/STM32/SDIO_AG/stdperiph.a(misc.o)
 .debug_aranges
                0x000001a8       0x20 /home/huynhtai/STM32/SDIO_AG/stdperiph.a(stm32f4xx_sdio.o)
 .debug_aranges
                0x000001c8       0x20 /home/huynhtai/STM32/SDIO_AG/stdperiph.a(stm32f4xx_usart.o)
 .debug_aranges
                0x000001e8       0x20 /home/huynhtai/STM32/SDIO_AG/stdperiph.a(stm32f4xx_exti.o)
 .debug_aranges
                0x00000208       0x20 /home/huynhtai/STM32/SDIO_AG/stdperiph.a(stm32f4xx_rcc.o)
 .debug_aranges
                0x00000228       0x20 /home/huynhtai/STM32/SDIO_AG/stdperiph.a(stm32f4xx_syscfg.o)

.debug_line     0x00000000     0x386e
 .debug_line    0x00000000      0x2f2 stm32f4_discovery.o
 .debug_line    0x000002f2      0xafb ff.o
 .debug_line    0x00000ded      0x267 USART_DMA.o
 .debug_line    0x00001054      0xa97 stm32f4_discovery_sdio_sd.o
 .debug_line    0x00001aeb       0x64 startup_stm32f4xx.o
 .debug_line    0x00001b4f      0x2f7 main.o
 .debug_line    0x00001e46      0x152 stm32f4xx_it.o
 .debug_line    0x00001f98      0x1f3 diskio.o
 .debug_line    0x0000218b      0x1bb system_stm32f4xx.o
 .debug_line    0x00002346      0x295 /home/huynhtai/STM32/SDIO_AG/stdperiph.a(stm32f4xx_gpio.o)
 .debug_line    0x000025db      0x2d6 /home/huynhtai/STM32/SDIO_AG/stdperiph.a(stm32f4xx_dma.o)
 .debug_line    0x000028b1      0x18f /home/huynhtai/STM32/SDIO_AG/stdperiph.a(stm32f4xx_iwdg.o)
 .debug_line    0x00002a40      0x1a9 /home/huynhtai/STM32/SDIO_AG/stdperiph.a(misc.o)
 .debug_line    0x00002be9      0x255 /home/huynhtai/STM32/SDIO_AG/stdperiph.a(stm32f4xx_sdio.o)
 .debug_line    0x00002e3e      0x377 /home/huynhtai/STM32/SDIO_AG/stdperiph.a(stm32f4xx_usart.o)
 .debug_line    0x000031b5      0x1d0 /home/huynhtai/STM32/SDIO_AG/stdperiph.a(stm32f4xx_exti.o)
 .debug_line    0x00003385      0x336 /home/huynhtai/STM32/SDIO_AG/stdperiph.a(stm32f4xx_rcc.o)
 .debug_line    0x000036bb      0x1b3 /home/huynhtai/STM32/SDIO_AG/stdperiph.a(stm32f4xx_syscfg.o)

.debug_str      0x00000000     0x3721
 .debug_str     0x00000000      0xd51 stm32f4_discovery.o
                                0xdc0 (size before relaxing)
 .debug_str     0x00000d51      0x49d ff.o
                                0x5d3 (size before relaxing)
 .debug_str     0x000011ee      0x20c USART_DMA.o
                                0xaec (size before relaxing)
 .debug_str     0x000013fa      0xe14 stm32f4_discovery_sdio_sd.o
                               0x1100 (size before relaxing)
 .debug_str     0x0000220e       0xa0 startup_stm32f4xx.o
                                0x150 (size before relaxing)
 .debug_str     0x000022ae      0x159 main.o
                               0x12bb (size before relaxing)
 .debug_str     0x00002407       0x67 stm32f4xx_it.o
                                0x1a3 (size before relaxing)
 .debug_str     0x0000246e       0x25 diskio.o
                                0x5fe (size before relaxing)
 .debug_str     0x00002493      0x1c0 system_stm32f4xx.o
                                0x3a5 (size before relaxing)
 .debug_str     0x00002653      0x15f /home/huynhtai/STM32/SDIO_AG/stdperiph.a(stm32f4xx_gpio.o)
                                0x4b0 (size before relaxing)
 .debug_str     0x000027b2      0x19b /home/huynhtai/STM32/SDIO_AG/stdperiph.a(stm32f4xx_dma.o)
                                0x52d (size before relaxing)
 .debug_str     0x0000294d       0x7e /home/huynhtai/STM32/SDIO_AG/stdperiph.a(stm32f4xx_iwdg.o)
                                0x265 (size before relaxing)
 .debug_str     0x000029cb      0x10f /home/huynhtai/STM32/SDIO_AG/stdperiph.a(misc.o)
                                0x3b9 (size before relaxing)
 .debug_str     0x00002ada      0x1a4 /home/huynhtai/STM32/SDIO_AG/stdperiph.a(stm32f4xx_sdio.o)
                                0x619 (size before relaxing)
 .debug_str     0x00002c7e      0x388 /home/huynhtai/STM32/SDIO_AG/stdperiph.a(stm32f4xx_usart.o)
                                0x6de (size before relaxing)
 .debug_str     0x00003006       0x77 /home/huynhtai/STM32/SDIO_AG/stdperiph.a(stm32f4xx_exti.o)
                                0x323 (size before relaxing)
 .debug_str     0x0000307d      0x572 /home/huynhtai/STM32/SDIO_AG/stdperiph.a(stm32f4xx_rcc.o)
                                0x98e (size before relaxing)
 .debug_str     0x000035ef      0x132 /home/huynhtai/STM32/SDIO_AG/stdperiph.a(stm32f4xx_syscfg.o)
                                0x31e (size before relaxing)

.comment        0x00000000       0x6e
 .comment       0x00000000       0x6e stm32f4_discovery.o
                                 0x6f (size before relaxing)
 .comment       0x0000006e       0x6f ff.o
 .comment       0x0000006e       0x6f USART_DMA.o
 .comment       0x0000006e       0x6f stm32f4_discovery_sdio_sd.o
 .comment       0x0000006e       0x6f startup_stm32f4xx.o
 .comment       0x0000006e       0x6f main.o
 .comment       0x0000006e       0x6f stm32f4xx_it.o
 .comment       0x0000006e       0x6f diskio.o
 .comment       0x0000006e       0x6f system_stm32f4xx.o
 .comment       0x0000006e       0x6f /home/huynhtai/STM32/SDIO_AG/stdperiph.a(stm32f4xx_gpio.o)
 .comment       0x0000006e       0x6f /home/huynhtai/STM32/SDIO_AG/stdperiph.a(stm32f4xx_dma.o)
 .comment       0x0000006e       0x6f /home/huynhtai/STM32/SDIO_AG/stdperiph.a(stm32f4xx_iwdg.o)
 .comment       0x0000006e       0x6f /home/huynhtai/STM32/SDIO_AG/stdperiph.a(misc.o)
 .comment       0x0000006e       0x6f /home/huynhtai/STM32/SDIO_AG/stdperiph.a(stm32f4xx_sdio.o)
 .comment       0x0000006e       0x6f /home/huynhtai/STM32/SDIO_AG/stdperiph.a(stm32f4xx_usart.o)
 .comment       0x0000006e       0x6f /home/huynhtai/STM32/SDIO_AG/stdperiph.a(stm32f4xx_exti.o)
 .comment       0x0000006e       0x6f /home/huynhtai/STM32/SDIO_AG/stdperiph.a(stm32f4xx_rcc.o)
 .comment       0x0000006e       0x6f /home/huynhtai/STM32/SDIO_AG/stdperiph.a(stm32f4xx_syscfg.o)

.ARM.attributes
                0x00000000       0x31
 .ARM.attributes
                0x00000000       0x33 stm32f4_discovery.o
 .ARM.attributes
                0x00000033       0x33 ff.o
 .ARM.attributes
                0x00000066       0x33 USART_DMA.o
 .ARM.attributes
                0x00000099       0x33 stm32f4_discovery_sdio_sd.o
 .ARM.attributes
                0x000000cc       0x33 startup_stm32f4xx.o
 .ARM.attributes
                0x000000ff       0x33 main.o
 .ARM.attributes
                0x00000132       0x33 stm32f4xx_it.o
 .ARM.attributes
                0x00000165       0x33 diskio.o
 .ARM.attributes
                0x00000198       0x33 system_stm32f4xx.o
 .ARM.attributes
                0x000001cb       0x33 /home/huynhtai/STM32/SDIO_AG/stdperiph.a(stm32f4xx_gpio.o)
 .ARM.attributes
                0x000001fe       0x33 /home/huynhtai/STM32/SDIO_AG/stdperiph.a(stm32f4xx_dma.o)
 .ARM.attributes
                0x00000231       0x33 /home/huynhtai/STM32/SDIO_AG/stdperiph.a(stm32f4xx_iwdg.o)
 .ARM.attributes
                0x00000264       0x33 /home/huynhtai/STM32/SDIO_AG/stdperiph.a(misc.o)
 .ARM.attributes
                0x00000297       0x33 /home/huynhtai/STM32/SDIO_AG/stdperiph.a(stm32f4xx_sdio.o)
 .ARM.attributes
                0x000002ca       0x33 /home/huynhtai/STM32/SDIO_AG/stdperiph.a(stm32f4xx_usart.o)
 .ARM.attributes
                0x000002fd       0x33 /home/huynhtai/STM32/SDIO_AG/stdperiph.a(stm32f4xx_exti.o)
 .ARM.attributes
                0x00000330       0x33 /home/huynhtai/STM32/SDIO_AG/stdperiph.a(stm32f4xx_rcc.o)
 .ARM.attributes
                0x00000363       0x33 /home/huynhtai/STM32/SDIO_AG/stdperiph.a(stm32f4xx_syscfg.o)
 .ARM.attributes
                0x00000396       0x2e /home/huynhtai/Downloads/TOOLCHAIN/gcc-arm-none-eabi-5_4-2016q3/bin/../lib/gcc/arm-none-eabi/5.4.1/../../../../arm-none-eabi/lib/armv7e-m/libc_nano.a(lib_a-memcpy-stub.o)

.debug_frame    0x00000000     0x1ba8
 .debug_frame   0x00000000      0x130 stm32f4_discovery.o
 .debug_frame   0x00000130      0x514 ff.o
 .debug_frame   0x00000644       0xcc USART_DMA.o
 .debug_frame   0x00000710      0x458 stm32f4_discovery_sdio_sd.o
 .debug_frame   0x00000b68       0x40 startup_stm32f4xx.o
 .debug_frame   0x00000ba8       0xd0 main.o
 .debug_frame   0x00000c78       0xa0 stm32f4xx_it.o
 .debug_frame   0x00000d18       0xb8 diskio.o
 .debug_frame   0x00000dd0       0x3c system_stm32f4xx.o
 .debug_frame   0x00000e0c      0x174 /home/huynhtai/STM32/SDIO_AG/stdperiph.a(stm32f4xx_gpio.o)
 .debug_frame   0x00000f80      0x1a8 /home/huynhtai/STM32/SDIO_AG/stdperiph.a(stm32f4xx_dma.o)
 .debug_frame   0x00001128       0x70 /home/huynhtai/STM32/SDIO_AG/stdperiph.a(stm32f4xx_iwdg.o)
 .debug_frame   0x00001198       0x70 /home/huynhtai/STM32/SDIO_AG/stdperiph.a(misc.o)
 .debug_frame   0x00001208      0x22c /home/huynhtai/STM32/SDIO_AG/stdperiph.a(stm32f4xx_sdio.o)
 .debug_frame   0x00001434      0x284 /home/huynhtai/STM32/SDIO_AG/stdperiph.a(stm32f4xx_usart.o)
 .debug_frame   0x000016b8       0xb4 /home/huynhtai/STM32/SDIO_AG/stdperiph.a(stm32f4xx_exti.o)
 .debug_frame   0x0000176c      0x37c /home/huynhtai/STM32/SDIO_AG/stdperiph.a(stm32f4xx_rcc.o)
 .debug_frame   0x00001ae8       0x98 /home/huynhtai/STM32/SDIO_AG/stdperiph.a(stm32f4xx_syscfg.o)
 .debug_frame   0x00001b80       0x28 /home/huynhtai/Downloads/TOOLCHAIN/gcc-arm-none-eabi-5_4-2016q3/bin/../lib/gcc/arm-none-eabi/5.4.1/../../../../arm-none-eabi/lib/armv7e-m/libc_nano.a(lib_a-memcpy-stub.o)

.debug_ranges   0x00000000      0x4b8
 .debug_ranges  0x00000000      0x368 ff.o
 .debug_ranges  0x00000368       0xa0 stm32f4_discovery_sdio_sd.o
 .debug_ranges  0x00000408       0x18 main.o
 .debug_ranges  0x00000420       0x30 diskio.o
 .debug_ranges  0x00000450       0x18 system_stm32f4xx.o
 .debug_ranges  0x00000468       0x30 /home/huynhtai/STM32/SDIO_AG/stdperiph.a(stm32f4xx_usart.o)
 .debug_ranges  0x00000498       0x20 /home/huynhtai/STM32/SDIO_AG/stdperiph.a(stm32f4xx_rcc.o)

Cross Reference Table

Symbol                                            File
ADC_IRQHandler                                    startup_stm32f4xx.o
AHBPrescTable                                     system_stm32f4xx.o
Address                                           main.o
BUTTON_CLK                                        stm32f4_discovery.o
BUTTON_EXTI_LINE                                  stm32f4_discovery.o
BUTTON_IRQn                                       stm32f4_discovery.o
BUTTON_PIN                                        stm32f4_discovery.o
BUTTON_PIN_SOURCE                                 stm32f4_discovery.o
BUTTON_PORT                                       stm32f4_discovery.o
BUTTON_PORT_SOURCE                                stm32f4_discovery.o
BusFault_Handler                                  startup_stm32f4xx.o
CAN1_RX0_IRQHandler                               startup_stm32f4xx.o
CAN1_RX1_IRQHandler                               startup_stm32f4xx.o
CAN1_SCE_IRQHandler                               startup_stm32f4xx.o
CAN1_TX_IRQHandler                                startup_stm32f4xx.o
CAN2_RX0_IRQHandler                               startup_stm32f4xx.o
CAN2_RX1_IRQHandler                               startup_stm32f4xx.o
CAN2_SCE_IRQHandler                               startup_stm32f4xx.o
CAN2_TX_IRQHandler                                startup_stm32f4xx.o
CRYP_IRQHandler                                   startup_stm32f4xx.o
DCMI_IRQHandler                                   startup_stm32f4xx.o
DMA1_Stream0_IRQHandler                           startup_stm32f4xx.o
DMA1_Stream1_IRQHandler                           startup_stm32f4xx.o
DMA1_Stream2_IRQHandler                           startup_stm32f4xx.o
DMA1_Stream3_IRQHandler                           startup_stm32f4xx.o
DMA1_Stream4_IRQHandler                           startup_stm32f4xx.o
DMA1_Stream5_IRQHandler                           main.o
                                                  startup_stm32f4xx.o
DMA1_Stream6_IRQHandler                           main.o
                                                  startup_stm32f4xx.o
DMA1_Stream7_IRQHandler                           startup_stm32f4xx.o
DMA2_Stream0_IRQHandler                           startup_stm32f4xx.o
DMA2_Stream1_IRQHandler                           startup_stm32f4xx.o
DMA2_Stream2_IRQHandler                           startup_stm32f4xx.o
DMA2_Stream3_IRQHandler                           startup_stm32f4xx.o
DMA2_Stream4_IRQHandler                           startup_stm32f4xx.o
DMA2_Stream5_IRQHandler                           startup_stm32f4xx.o
DMA2_Stream6_IRQHandler                           startup_stm32f4xx.o
DMA2_Stream7_IRQHandler                           startup_stm32f4xx.o
DMAEndOfTransfer                                  stm32f4_discovery_sdio_sd.o
DMA_ClearFlag                                     /home/huynhtai/STM32/SDIO_AG/stdperiph.a(stm32f4xx_dma.o)
                                                  stm32f4_discovery_sdio_sd.o
                                                  stm32f4_discovery.o
DMA_ClearITPendingBit                             /home/huynhtai/STM32/SDIO_AG/stdperiph.a(stm32f4xx_dma.o)
                                                  USART_DMA.o
DMA_Cmd                                           /home/huynhtai/STM32/SDIO_AG/stdperiph.a(stm32f4xx_dma.o)
                                                  main.o
                                                  USART_DMA.o
                                                  stm32f4_discovery.o
DMA_DeInit                                        /home/huynhtai/STM32/SDIO_AG/stdperiph.a(stm32f4xx_dma.o)
                                                  USART_DMA.o
                                                  stm32f4_discovery.o
DMA_DoubleBufferModeCmd                           /home/huynhtai/STM32/SDIO_AG/stdperiph.a(stm32f4xx_dma.o)
DMA_DoubleBufferModeConfig                        /home/huynhtai/STM32/SDIO_AG/stdperiph.a(stm32f4xx_dma.o)
DMA_FlowControllerConfig                          /home/huynhtai/STM32/SDIO_AG/stdperiph.a(stm32f4xx_dma.o)
                                                  stm32f4_discovery.o
DMA_GetCmdStatus                                  /home/huynhtai/STM32/SDIO_AG/stdperiph.a(stm32f4xx_dma.o)
DMA_GetCurrDataCounter                            /home/huynhtai/STM32/SDIO_AG/stdperiph.a(stm32f4xx_dma.o)
DMA_GetCurrentMemoryTarget                        /home/huynhtai/STM32/SDIO_AG/stdperiph.a(stm32f4xx_dma.o)
DMA_GetFIFOStatus                                 /home/huynhtai/STM32/SDIO_AG/stdperiph.a(stm32f4xx_dma.o)
DMA_GetFlagStatus                                 /home/huynhtai/STM32/SDIO_AG/stdperiph.a(stm32f4xx_dma.o)
DMA_GetITStatus                                   /home/huynhtai/STM32/SDIO_AG/stdperiph.a(stm32f4xx_dma.o)
                                                  USART_DMA.o
DMA_ITConfig                                      /home/huynhtai/STM32/SDIO_AG/stdperiph.a(stm32f4xx_dma.o)
                                                  USART_DMA.o
                                                  stm32f4_discovery.o
DMA_Init                                          /home/huynhtai/STM32/SDIO_AG/stdperiph.a(stm32f4xx_dma.o)
                                                  USART_DMA.o
                                                  stm32f4_discovery.o
DMA_InitStructure                                 USART_DMA.o
DMA_InitStructure1                                USART_DMA.o
DMA_MemoryTargetConfig                            /home/huynhtai/STM32/SDIO_AG/stdperiph.a(stm32f4xx_dma.o)
DMA_PeriphIncOffsetSizeConfig                     /home/huynhtai/STM32/SDIO_AG/stdperiph.a(stm32f4xx_dma.o)
DMA_Rx_Handler                                    USART_DMA.o
                                                  main.o
DMA_SetCurrDataCounter                            /home/huynhtai/STM32/SDIO_AG/stdperiph.a(stm32f4xx_dma.o)
DMA_StructInit                                    /home/huynhtai/STM32/SDIO_AG/stdperiph.a(stm32f4xx_dma.o)
DMA_Tx_Handler                                    USART_DMA.o
                                                  main.o
DebugMon_Handler                                  startup_stm32f4xx.o
Default_Handler                                   startup_stm32f4xx.o
EEPROM_DeInit                                     EEPROM.o
EEPROM_Init                                       EEPROM.o
EEPROM_ReadByte                                   EEPROM.o
EEPROM_WriteByte                                  EEPROM.o
ETH_IRQHandler                                    startup_stm32f4xx.o
ETH_WKUP_IRQHandler                               startup_stm32f4xx.o
EXTI0_IRQHandler                                  main.o
                                                  startup_stm32f4xx.o
EXTI15_10_IRQHandler                              startup_stm32f4xx.o
EXTI1_IRQHandler                                  startup_stm32f4xx.o
EXTI2_IRQHandler                                  startup_stm32f4xx.o
EXTI3_IRQHandler                                  startup_stm32f4xx.o
EXTI4_IRQHandler                                  startup_stm32f4xx.o
EXTI9_5_IRQHandler                                startup_stm32f4xx.o
EXTI_ClearFlag                                    /home/huynhtai/STM32/SDIO_AG/stdperiph.a(stm32f4xx_exti.o)
EXTI_ClearITPendingBit                            /home/huynhtai/STM32/SDIO_AG/stdperiph.a(stm32f4xx_exti.o)
                                                  main.o
EXTI_DeInit                                       /home/huynhtai/STM32/SDIO_AG/stdperiph.a(stm32f4xx_exti.o)
EXTI_GenerateSWInterrupt                          /home/huynhtai/STM32/SDIO_AG/stdperiph.a(stm32f4xx_exti.o)
EXTI_GetFlagStatus                                /home/huynhtai/STM32/SDIO_AG/stdperiph.a(stm32f4xx_exti.o)
EXTI_GetITStatus                                  /home/huynhtai/STM32/SDIO_AG/stdperiph.a(stm32f4xx_exti.o)
                                                  main.o
EXTI_Init                                         /home/huynhtai/STM32/SDIO_AG/stdperiph.a(stm32f4xx_exti.o)
                                                  main.o
                                                  stm32f4_discovery.o
EXTI_StructInit                                   /home/huynhtai/STM32/SDIO_AG/stdperiph.a(stm32f4xx_exti.o)
FLASH_ClearFlag                                   /home/huynhtai/STM32/SDIO_AG/stdperiph.a(stm32f4xx_flash.o)
                                                  EEPROM.o
FLASH_DataCacheCmd                                /home/huynhtai/STM32/SDIO_AG/stdperiph.a(stm32f4xx_flash.o)
FLASH_DataCacheReset                              /home/huynhtai/STM32/SDIO_AG/stdperiph.a(stm32f4xx_flash.o)
FLASH_EraseAllBank1Sectors                        /home/huynhtai/STM32/SDIO_AG/stdperiph.a(stm32f4xx_flash.o)
FLASH_EraseAllBank2Sectors                        /home/huynhtai/STM32/SDIO_AG/stdperiph.a(stm32f4xx_flash.o)
FLASH_EraseAllSectors                             /home/huynhtai/STM32/SDIO_AG/stdperiph.a(stm32f4xx_flash.o)
FLASH_EraseSector                                 /home/huynhtai/STM32/SDIO_AG/stdperiph.a(stm32f4xx_flash.o)
                                                  EEPROM.o
FLASH_GetFlagStatus                               /home/huynhtai/STM32/SDIO_AG/stdperiph.a(stm32f4xx_flash.o)
FLASH_GetStatus                                   /home/huynhtai/STM32/SDIO_AG/stdperiph.a(stm32f4xx_flash.o)
FLASH_IRQHandler                                  startup_stm32f4xx.o
FLASH_ITConfig                                    /home/huynhtai/STM32/SDIO_AG/stdperiph.a(stm32f4xx_flash.o)
FLASH_InstructionCacheCmd                         /home/huynhtai/STM32/SDIO_AG/stdperiph.a(stm32f4xx_flash.o)
FLASH_InstructionCacheReset                       /home/huynhtai/STM32/SDIO_AG/stdperiph.a(stm32f4xx_flash.o)
FLASH_Lock                                        /home/huynhtai/STM32/SDIO_AG/stdperiph.a(stm32f4xx_flash.o)
                                                  EEPROM.o
FLASH_OB_BORConfig                                /home/huynhtai/STM32/SDIO_AG/stdperiph.a(stm32f4xx_flash.o)
FLASH_OB_BootConfig                               /home/huynhtai/STM32/SDIO_AG/stdperiph.a(stm32f4xx_flash.o)
FLASH_OB_GetBOR                                   /home/huynhtai/STM32/SDIO_AG/stdperiph.a(stm32f4xx_flash.o)
FLASH_OB_GetPCROP                                 /home/huynhtai/STM32/SDIO_AG/stdperiph.a(stm32f4xx_flash.o)
FLASH_OB_GetPCROP1                                /home/huynhtai/STM32/SDIO_AG/stdperiph.a(stm32f4xx_flash.o)
FLASH_OB_GetRDP                                   /home/huynhtai/STM32/SDIO_AG/stdperiph.a(stm32f4xx_flash.o)
FLASH_OB_GetUser                                  /home/huynhtai/STM32/SDIO_AG/stdperiph.a(stm32f4xx_flash.o)
FLASH_OB_GetWRP                                   /home/huynhtai/STM32/SDIO_AG/stdperiph.a(stm32f4xx_flash.o)
FLASH_OB_GetWRP1                                  /home/huynhtai/STM32/SDIO_AG/stdperiph.a(stm32f4xx_flash.o)
FLASH_OB_Launch                                   /home/huynhtai/STM32/SDIO_AG/stdperiph.a(stm32f4xx_flash.o)
FLASH_OB_Lock                                     /home/huynhtai/STM32/SDIO_AG/stdperiph.a(stm32f4xx_flash.o)
FLASH_OB_PCROP1Config                             /home/huynhtai/STM32/SDIO_AG/stdperiph.a(stm32f4xx_flash.o)
FLASH_OB_PCROPConfig                              /home/huynhtai/STM32/SDIO_AG/stdperiph.a(stm32f4xx_flash.o)
FLASH_OB_PCROPSelectionConfig                     /home/huynhtai/STM32/SDIO_AG/stdperiph.a(stm32f4xx_flash.o)
FLASH_OB_RDPConfig                                /home/huynhtai/STM32/SDIO_AG/stdperiph.a(stm32f4xx_flash.o)
FLASH_OB_Unlock                                   /home/huynhtai/STM32/SDIO_AG/stdperiph.a(stm32f4xx_flash.o)
FLASH_OB_UserConfig                               /home/huynhtai/STM32/SDIO_AG/stdperiph.a(stm32f4xx_flash.o)
FLASH_OB_WRP1Config                               /home/huynhtai/STM32/SDIO_AG/stdperiph.a(stm32f4xx_flash.o)
FLASH_OB_WRPConfig                                /home/huynhtai/STM32/SDIO_AG/stdperiph.a(stm32f4xx_flash.o)
FLASH_PrefetchBufferCmd                           /home/huynhtai/STM32/SDIO_AG/stdperiph.a(stm32f4xx_flash.o)
FLASH_ProgramByte                                 /home/huynhtai/STM32/SDIO_AG/stdperiph.a(stm32f4xx_flash.o)
FLASH_ProgramDoubleWord                           /home/huynhtai/STM32/SDIO_AG/stdperiph.a(stm32f4xx_flash.o)
FLASH_ProgramHalfWord                             /home/huynhtai/STM32/SDIO_AG/stdperiph.a(stm32f4xx_flash.o)
                                                  EEPROM.o
FLASH_ProgramWord                                 /home/huynhtai/STM32/SDIO_AG/stdperiph.a(stm32f4xx_flash.o)
FLASH_SetLatency                                  /home/huynhtai/STM32/SDIO_AG/stdperiph.a(stm32f4xx_flash.o)
FLASH_Unlock                                      /home/huynhtai/STM32/SDIO_AG/stdperiph.a(stm32f4xx_flash.o)
                                                  EEPROM.o
FLASH_WaitForLastOperation                        /home/huynhtai/STM32/SDIO_AG/stdperiph.a(stm32f4xx_flash.o)
FPU_IRQHandler                                    startup_stm32f4xx.o
FSMC_IRQHandler                                   startup_stm32f4xx.o
GPIO_CLK                                          stm32f4_discovery.o
GPIO_DeInit                                       /home/huynhtai/STM32/SDIO_AG/stdperiph.a(stm32f4xx_gpio.o)
GPIO_Init                                         /home/huynhtai/STM32/SDIO_AG/stdperiph.a(stm32f4xx_gpio.o)
                                                  main.o
                                                  stm32f4_discovery.o
GPIO_PIN                                          stm32f4_discovery.o
GPIO_PORT                                         stm32f4_discovery.o
GPIO_PinAFConfig                                  /home/huynhtai/STM32/SDIO_AG/stdperiph.a(stm32f4xx_gpio.o)
                                                  main.o
                                                  stm32f4_discovery.o
GPIO_PinLockConfig                                /home/huynhtai/STM32/SDIO_AG/stdperiph.a(stm32f4xx_gpio.o)
GPIO_ReadInputData                                /home/huynhtai/STM32/SDIO_AG/stdperiph.a(stm32f4xx_gpio.o)
GPIO_ReadInputDataBit                             /home/huynhtai/STM32/SDIO_AG/stdperiph.a(stm32f4xx_gpio.o)
                                                  stm32f4_discovery_sdio_sd.o
                                                  stm32f4_discovery.o
GPIO_ReadOutputData                               /home/huynhtai/STM32/SDIO_AG/stdperiph.a(stm32f4xx_gpio.o)
GPIO_ReadOutputDataBit                            /home/huynhtai/STM32/SDIO_AG/stdperiph.a(stm32f4xx_gpio.o)
GPIO_ResetBits                                    /home/huynhtai/STM32/SDIO_AG/stdperiph.a(stm32f4xx_gpio.o)
GPIO_SetBits                                      /home/huynhtai/STM32/SDIO_AG/stdperiph.a(stm32f4xx_gpio.o)
GPIO_StructInit                                   /home/huynhtai/STM32/SDIO_AG/stdperiph.a(stm32f4xx_gpio.o)
GPIO_ToggleBits                                   /home/huynhtai/STM32/SDIO_AG/stdperiph.a(stm32f4xx_gpio.o)
                                                  main.o
                                                  USART_DMA.o
GPIO_Write                                        /home/huynhtai/STM32/SDIO_AG/stdperiph.a(stm32f4xx_gpio.o)
GPIO_WriteBit                                     /home/huynhtai/STM32/SDIO_AG/stdperiph.a(stm32f4xx_gpio.o)
                                                  main.o
HASH_RNG_IRQHandler                               startup_stm32f4xx.o
HardFault_Handler                                 stm32f4xx_it.o
                                                  startup_stm32f4xx.o
I2C1_ER_IRQHandler                                startup_stm32f4xx.o
I2C1_EV_IRQHandler                                startup_stm32f4xx.o
I2C2_ER_IRQHandler                                startup_stm32f4xx.o
I2C2_EV_IRQHandler                                startup_stm32f4xx.o
I2C3_ER_IRQHandler                                startup_stm32f4xx.o
I2C3_EV_IRQHandler                                startup_stm32f4xx.o
IWDG_Enable                                       /home/huynhtai/STM32/SDIO_AG/stdperiph.a(stm32f4xx_iwdg.o)
IWDG_GetFlagStatus                                /home/huynhtai/STM32/SDIO_AG/stdperiph.a(stm32f4xx_iwdg.o)
IWDG_ReloadCounter                                /home/huynhtai/STM32/SDIO_AG/stdperiph.a(stm32f4xx_iwdg.o)
IWDG_SetPrescaler                                 /home/huynhtai/STM32/SDIO_AG/stdperiph.a(stm32f4xx_iwdg.o)
                                                  main.o
IWDG_SetReload                                    /home/huynhtai/STM32/SDIO_AG/stdperiph.a(stm32f4xx_iwdg.o)
                                                  main.o
IWDG_WriteAccessCmd                               /home/huynhtai/STM32/SDIO_AG/stdperiph.a(stm32f4xx_iwdg.o)
                                                  main.o
MemManage_Handler                                 startup_stm32f4xx.o
NMI_Handler                                       stm32f4xx_it.o
                                                  startup_stm32f4xx.o
NVIC_Init                                         /home/huynhtai/STM32/SDIO_AG/stdperiph.a(misc.o)
                                                  main.o
                                                  USART_DMA.o
                                                  stm32f4_discovery.o
NVIC_InitStructure                                USART_DMA.o
                                                  stm32f4_discovery.o
NVIC_PriorityGroupConfig                          /home/huynhtai/STM32/SDIO_AG/stdperiph.a(misc.o)
NVIC_SetVectorTable                               /home/huynhtai/STM32/SDIO_AG/stdperiph.a(misc.o)
NVIC_SystemLPConfig                               /home/huynhtai/STM32/SDIO_AG/stdperiph.a(misc.o)
OTG_FS_IRQHandler                                 startup_stm32f4xx.o
OTG_FS_WKUP_IRQHandler                            startup_stm32f4xx.o
OTG_HS_EP1_IN_IRQHandler                          startup_stm32f4xx.o
OTG_HS_EP1_OUT_IRQHandler                         startup_stm32f4xx.o
OTG_HS_IRQHandler                                 startup_stm32f4xx.o
OTG_HS_WKUP_IRQHandler                            startup_stm32f4xx.o
PVD_IRQHandler                                    startup_stm32f4xx.o
PendSV_Handler                                    startup_stm32f4xx.o
RCC_AHB1PeriphClockCmd                            /home/huynhtai/STM32/SDIO_AG/stdperiph.a(stm32f4xx_rcc.o)
                                                  main.o
                                                  stm32f4_discovery.o
RCC_AHB1PeriphClockLPModeCmd                      /home/huynhtai/STM32/SDIO_AG/stdperiph.a(stm32f4xx_rcc.o)
RCC_AHB1PeriphResetCmd                            /home/huynhtai/STM32/SDIO_AG/stdperiph.a(stm32f4xx_rcc.o)
                                                  /home/huynhtai/STM32/SDIO_AG/stdperiph.a(stm32f4xx_gpio.o)
RCC_AHB2PeriphClockCmd                            /home/huynhtai/STM32/SDIO_AG/stdperiph.a(stm32f4xx_rcc.o)
RCC_AHB2PeriphClockLPModeCmd                      /home/huynhtai/STM32/SDIO_AG/stdperiph.a(stm32f4xx_rcc.o)
RCC_AHB2PeriphResetCmd                            /home/huynhtai/STM32/SDIO_AG/stdperiph.a(stm32f4xx_rcc.o)
RCC_AHB3PeriphClockCmd                            /home/huynhtai/STM32/SDIO_AG/stdperiph.a(stm32f4xx_rcc.o)
RCC_AHB3PeriphClockLPModeCmd                      /home/huynhtai/STM32/SDIO_AG/stdperiph.a(stm32f4xx_rcc.o)
RCC_AHB3PeriphResetCmd                            /home/huynhtai/STM32/SDIO_AG/stdperiph.a(stm32f4xx_rcc.o)
RCC_APB1PeriphClockCmd                            /home/huynhtai/STM32/SDIO_AG/stdperiph.a(stm32f4xx_rcc.o)
                                                  main.o
RCC_APB1PeriphClockLPModeCmd                      /home/huynhtai/STM32/SDIO_AG/stdperiph.a(stm32f4xx_rcc.o)
RCC_APB1PeriphResetCmd                            /home/huynhtai/STM32/SDIO_AG/stdperiph.a(stm32f4xx_rcc.o)
                                                  /home/huynhtai/STM32/SDIO_AG/stdperiph.a(stm32f4xx_usart.o)
RCC_APB2PeriphClockCmd                            /home/huynhtai/STM32/SDIO_AG/stdperiph.a(stm32f4xx_rcc.o)
                                                  main.o
                                                  stm32f4_discovery.o
RCC_APB2PeriphClockLPModeCmd                      /home/huynhtai/STM32/SDIO_AG/stdperiph.a(stm32f4xx_rcc.o)
RCC_APB2PeriphResetCmd                            /home/huynhtai/STM32/SDIO_AG/stdperiph.a(stm32f4xx_rcc.o)
                                                  /home/huynhtai/STM32/SDIO_AG/stdperiph.a(stm32f4xx_syscfg.o)
                                                  /home/huynhtai/STM32/SDIO_AG/stdperiph.a(stm32f4xx_usart.o)
                                                  /home/huynhtai/STM32/SDIO_AG/stdperiph.a(stm32f4xx_sdio.o)
RCC_AdjustHSICalibrationValue                     /home/huynhtai/STM32/SDIO_AG/stdperiph.a(stm32f4xx_rcc.o)
RCC_BackupResetCmd                                /home/huynhtai/STM32/SDIO_AG/stdperiph.a(stm32f4xx_rcc.o)
RCC_ClearFlag                                     /home/huynhtai/STM32/SDIO_AG/stdperiph.a(stm32f4xx_rcc.o)
RCC_ClearITPendingBit                             /home/huynhtai/STM32/SDIO_AG/stdperiph.a(stm32f4xx_rcc.o)
RCC_ClockSecuritySystemCmd                        /home/huynhtai/STM32/SDIO_AG/stdperiph.a(stm32f4xx_rcc.o)
RCC_DeInit                                        /home/huynhtai/STM32/SDIO_AG/stdperiph.a(stm32f4xx_rcc.o)
RCC_GetClocksFreq                                 /home/huynhtai/STM32/SDIO_AG/stdperiph.a(stm32f4xx_rcc.o)
                                                  /home/huynhtai/STM32/SDIO_AG/stdperiph.a(stm32f4xx_usart.o)
RCC_GetFlagStatus                                 /home/huynhtai/STM32/SDIO_AG/stdperiph.a(stm32f4xx_rcc.o)
RCC_GetITStatus                                   /home/huynhtai/STM32/SDIO_AG/stdperiph.a(stm32f4xx_rcc.o)
RCC_GetSYSCLKSource                               /home/huynhtai/STM32/SDIO_AG/stdperiph.a(stm32f4xx_rcc.o)
RCC_HCLKConfig                                    /home/huynhtai/STM32/SDIO_AG/stdperiph.a(stm32f4xx_rcc.o)
RCC_HSEConfig                                     /home/huynhtai/STM32/SDIO_AG/stdperiph.a(stm32f4xx_rcc.o)
RCC_HSICmd                                        /home/huynhtai/STM32/SDIO_AG/stdperiph.a(stm32f4xx_rcc.o)
RCC_I2SCLKConfig                                  /home/huynhtai/STM32/SDIO_AG/stdperiph.a(stm32f4xx_rcc.o)
RCC_IRQHandler                                    startup_stm32f4xx.o
RCC_ITConfig                                      /home/huynhtai/STM32/SDIO_AG/stdperiph.a(stm32f4xx_rcc.o)
RCC_LSEConfig                                     /home/huynhtai/STM32/SDIO_AG/stdperiph.a(stm32f4xx_rcc.o)
RCC_LSICmd                                        /home/huynhtai/STM32/SDIO_AG/stdperiph.a(stm32f4xx_rcc.o)
RCC_LTDCCLKDivConfig                              /home/huynhtai/STM32/SDIO_AG/stdperiph.a(stm32f4xx_rcc.o)
RCC_MCO1Config                                    /home/huynhtai/STM32/SDIO_AG/stdperiph.a(stm32f4xx_rcc.o)
RCC_MCO2Config                                    /home/huynhtai/STM32/SDIO_AG/stdperiph.a(stm32f4xx_rcc.o)
RCC_PCLK1Config                                   /home/huynhtai/STM32/SDIO_AG/stdperiph.a(stm32f4xx_rcc.o)
RCC_PCLK2Config                                   /home/huynhtai/STM32/SDIO_AG/stdperiph.a(stm32f4xx_rcc.o)
RCC_PLLCmd                                        /home/huynhtai/STM32/SDIO_AG/stdperiph.a(stm32f4xx_rcc.o)
RCC_PLLConfig                                     /home/huynhtai/STM32/SDIO_AG/stdperiph.a(stm32f4xx_rcc.o)
RCC_PLLI2SCmd                                     /home/huynhtai/STM32/SDIO_AG/stdperiph.a(stm32f4xx_rcc.o)
RCC_PLLI2SConfig                                  /home/huynhtai/STM32/SDIO_AG/stdperiph.a(stm32f4xx_rcc.o)
RCC_PLLSAICmd                                     /home/huynhtai/STM32/SDIO_AG/stdperiph.a(stm32f4xx_rcc.o)
RCC_PLLSAIConfig                                  /home/huynhtai/STM32/SDIO_AG/stdperiph.a(stm32f4xx_rcc.o)
RCC_RTCCLKCmd                                     /home/huynhtai/STM32/SDIO_AG/stdperiph.a(stm32f4xx_rcc.o)
RCC_RTCCLKConfig                                  /home/huynhtai/STM32/SDIO_AG/stdperiph.a(stm32f4xx_rcc.o)
RCC_SAIBlockACLKConfig                            /home/huynhtai/STM32/SDIO_AG/stdperiph.a(stm32f4xx_rcc.o)
RCC_SAIBlockBCLKConfig                            /home/huynhtai/STM32/SDIO_AG/stdperiph.a(stm32f4xx_rcc.o)
RCC_SAIPLLI2SClkDivConfig                         /home/huynhtai/STM32/SDIO_AG/stdperiph.a(stm32f4xx_rcc.o)
RCC_SAIPLLSAIClkDivConfig                         /home/huynhtai/STM32/SDIO_AG/stdperiph.a(stm32f4xx_rcc.o)
RCC_SYSCLKConfig                                  /home/huynhtai/STM32/SDIO_AG/stdperiph.a(stm32f4xx_rcc.o)
RCC_TIMCLKPresConfig                              /home/huynhtai/STM32/SDIO_AG/stdperiph.a(stm32f4xx_rcc.o)
RCC_WaitForHSEStartUp                             /home/huynhtai/STM32/SDIO_AG/stdperiph.a(stm32f4xx_rcc.o)
RTC_Alarm_IRQHandler                              startup_stm32f4xx.o
RTC_WKUP_IRQHandler                               startup_stm32f4xx.o
Reset_Handler                                     startup_stm32f4xx.o
RxBuffer                                          USART_DMA.o
SDCardInfo                                        stm32f4_discovery_sdio_sd.o
SDIO_CEATAITCmd                                   /home/huynhtai/STM32/SDIO_AG/stdperiph.a(stm32f4xx_sdio.o)
SDIO_ClearFlag                                    /home/huynhtai/STM32/SDIO_AG/stdperiph.a(stm32f4xx_sdio.o)
                                                  stm32f4_discovery_sdio_sd.o
SDIO_ClearITPendingBit                            /home/huynhtai/STM32/SDIO_AG/stdperiph.a(stm32f4xx_sdio.o)
                                                  stm32f4_discovery_sdio_sd.o
SDIO_ClockCmd                                     /home/huynhtai/STM32/SDIO_AG/stdperiph.a(stm32f4xx_sdio.o)
                                                  stm32f4_discovery_sdio_sd.o
                                                  stm32f4_discovery.o
SDIO_CmdInitStructure                             stm32f4_discovery_sdio_sd.o
SDIO_CmdStructInit                                /home/huynhtai/STM32/SDIO_AG/stdperiph.a(stm32f4xx_sdio.o)
SDIO_CommandCompletionCmd                         /home/huynhtai/STM32/SDIO_AG/stdperiph.a(stm32f4xx_sdio.o)
SDIO_DMACmd                                       /home/huynhtai/STM32/SDIO_AG/stdperiph.a(stm32f4xx_sdio.o)
                                                  stm32f4_discovery_sdio_sd.o
SDIO_DataConfig                                   /home/huynhtai/STM32/SDIO_AG/stdperiph.a(stm32f4xx_sdio.o)
                                                  stm32f4_discovery_sdio_sd.o
SDIO_DataInitStructure                            stm32f4_discovery_sdio_sd.o
SDIO_DataStructInit                               /home/huynhtai/STM32/SDIO_AG/stdperiph.a(stm32f4xx_sdio.o)
SDIO_DeInit                                       /home/huynhtai/STM32/SDIO_AG/stdperiph.a(stm32f4xx_sdio.o)
                                                  stm32f4_discovery_sdio_sd.o
                                                  stm32f4_discovery.o
SDIO_GetCommandResponse                           /home/huynhtai/STM32/SDIO_AG/stdperiph.a(stm32f4xx_sdio.o)
                                                  stm32f4_discovery_sdio_sd.o
SDIO_GetDataCounter                               /home/huynhtai/STM32/SDIO_AG/stdperiph.a(stm32f4xx_sdio.o)
SDIO_GetFIFOCount                                 /home/huynhtai/STM32/SDIO_AG/stdperiph.a(stm32f4xx_sdio.o)
SDIO_GetFlagStatus                                /home/huynhtai/STM32/SDIO_AG/stdperiph.a(stm32f4xx_sdio.o)
                                                  stm32f4_discovery_sdio_sd.o
SDIO_GetITStatus                                  /home/huynhtai/STM32/SDIO_AG/stdperiph.a(stm32f4xx_sdio.o)
                                                  stm32f4_discovery_sdio_sd.o
SDIO_GetPowerState                                /home/huynhtai/STM32/SDIO_AG/stdperiph.a(stm32f4xx_sdio.o)
                                                  stm32f4_discovery_sdio_sd.o
SDIO_GetResponse                                  /home/huynhtai/STM32/SDIO_AG/stdperiph.a(stm32f4xx_sdio.o)
                                                  stm32f4_discovery_sdio_sd.o
SDIO_IRQHandler                                   main.o
                                                  startup_stm32f4xx.o
SDIO_ITConfig                                     /home/huynhtai/STM32/SDIO_AG/stdperiph.a(stm32f4xx_sdio.o)
                                                  stm32f4_discovery_sdio_sd.o
SDIO_Init                                         /home/huynhtai/STM32/SDIO_AG/stdperiph.a(stm32f4xx_sdio.o)
                                                  stm32f4_discovery_sdio_sd.o
SDIO_InitStructure                                stm32f4_discovery_sdio_sd.o
SDIO_ReadData                                     /home/huynhtai/STM32/SDIO_AG/stdperiph.a(stm32f4xx_sdio.o)
                                                  stm32f4_discovery_sdio_sd.o
SDIO_SendCEATACmd                                 /home/huynhtai/STM32/SDIO_AG/stdperiph.a(stm32f4xx_sdio.o)
SDIO_SendCommand                                  /home/huynhtai/STM32/SDIO_AG/stdperiph.a(stm32f4xx_sdio.o)
                                                  stm32f4_discovery_sdio_sd.o
SDIO_SendSDIOSuspendCmd                           /home/huynhtai/STM32/SDIO_AG/stdperiph.a(stm32f4xx_sdio.o)
SDIO_SetPowerState                                /home/huynhtai/STM32/SDIO_AG/stdperiph.a(stm32f4xx_sdio.o)
                                                  stm32f4_discovery_sdio_sd.o
                                                  stm32f4_discovery.o
SDIO_SetSDIOOperation                             /home/huynhtai/STM32/SDIO_AG/stdperiph.a(stm32f4xx_sdio.o)
SDIO_SetSDIOReadWaitMode                          /home/huynhtai/STM32/SDIO_AG/stdperiph.a(stm32f4xx_sdio.o)
SDIO_StartSDIOReadWait                            /home/huynhtai/STM32/SDIO_AG/stdperiph.a(stm32f4xx_sdio.o)
SDIO_StopSDIOReadWait                             /home/huynhtai/STM32/SDIO_AG/stdperiph.a(stm32f4xx_sdio.o)
SDIO_StructInit                                   /home/huynhtai/STM32/SDIO_AG/stdperiph.a(stm32f4xx_sdio.o)
SDIO_WriteData                                    /home/huynhtai/STM32/SDIO_AG/stdperiph.a(stm32f4xx_sdio.o)
                                                  stm32f4_discovery_sdio_sd.o
SD_DeInit                                         stm32f4_discovery_sdio_sd.o
SD_Detect                                         stm32f4_discovery_sdio_sd.o
                                                  diskio.o
SD_EnableWideBusOperation                         stm32f4_discovery_sdio_sd.o
SD_Erase                                          stm32f4_discovery_sdio_sd.o
SD_GetCardInfo                                    stm32f4_discovery_sdio_sd.o
SD_GetCardStatus                                  stm32f4_discovery_sdio_sd.o
SD_GetState                                       stm32f4_discovery_sdio_sd.o
SD_GetStatus                                      stm32f4_discovery_sdio_sd.o
                                                  diskio.o
SD_GetTransferState                               stm32f4_discovery_sdio_sd.o
SD_Init                                           stm32f4_discovery_sdio_sd.o
                                                  diskio.o
SD_InitializeCards                                stm32f4_discovery_sdio_sd.o
SD_LowLevel_DMA_RxConfig                          stm32f4_discovery.o
                                                  stm32f4_discovery_sdio_sd.o
SD_LowLevel_DMA_TxConfig                          stm32f4_discovery.o
                                                  stm32f4_discovery_sdio_sd.o
SD_LowLevel_DeInit                                stm32f4_discovery.o
                                                  stm32f4_discovery_sdio_sd.o
SD_LowLevel_Init                                  stm32f4_discovery.o
                                                  stm32f4_discovery_sdio_sd.o
SD_PowerOFF                                       stm32f4_discovery_sdio_sd.o
SD_PowerON                                        stm32f4_discovery_sdio_sd.o
SD_ProcessDMAIRQ                                  stm32f4_discovery_sdio_sd.o
SD_ProcessIRQSrc                                  stm32f4_discovery_sdio_sd.o
                                                  main.o
SD_ReadBlock                                      stm32f4_discovery_sdio_sd.o
SD_ReadMultiBlocks                                stm32f4_discovery_sdio_sd.o
SD_ReadMultiBlocksFIXED                           stm32f4_discovery_sdio_sd.o
                                                  diskio.o
SD_SelectDeselect                                 stm32f4_discovery_sdio_sd.o
SD_SendSDStatus                                   stm32f4_discovery_sdio_sd.o
SD_SendStatus                                     stm32f4_discovery_sdio_sd.o
SD_StopTransfer                                   stm32f4_discovery_sdio_sd.o
SD_WaitReadOperation                              stm32f4_discovery_sdio_sd.o
                                                  diskio.o
SD_WaitWriteOperation                             stm32f4_discovery_sdio_sd.o
                                                  diskio.o
SD_WriteBlock                                     stm32f4_discovery_sdio_sd.o
SD_WriteMultiBlocks                               stm32f4_discovery_sdio_sd.o
SD_WriteMultiBlocksFIXED                          stm32f4_discovery_sdio_sd.o
                                                  diskio.o
SPI1_IRQHandler                                   startup_stm32f4xx.o
SPI2_IRQHandler                                   startup_stm32f4xx.o
SPI3_IRQHandler                                   startup_stm32f4xx.o
STM_EVAL_LEDInit                                  stm32f4_discovery.o
STM_EVAL_LEDOff                                   stm32f4_discovery.o
STM_EVAL_LEDOn                                    stm32f4_discovery.o
STM_EVAL_LEDToggle                                stm32f4_discovery.o
STM_EVAL_PBGetState                               stm32f4_discovery.o
STM_EVAL_PBInit                                   stm32f4_discovery.o
SVC_Handler                                       startup_stm32f4xx.o
SYSCFG_CompensationCellCmd                        /home/huynhtai/STM32/SDIO_AG/stdperiph.a(stm32f4xx_syscfg.o)
SYSCFG_DeInit                                     /home/huynhtai/STM32/SDIO_AG/stdperiph.a(stm32f4xx_syscfg.o)
SYSCFG_ETH_MediaInterfaceConfig                   /home/huynhtai/STM32/SDIO_AG/stdperiph.a(stm32f4xx_syscfg.o)
SYSCFG_EXTILineConfig                             /home/huynhtai/STM32/SDIO_AG/stdperiph.a(stm32f4xx_syscfg.o)
                                                  main.o
                                                  stm32f4_discovery.o
SYSCFG_GetCompensationCellStatus                  /home/huynhtai/STM32/SDIO_AG/stdperiph.a(stm32f4xx_syscfg.o)
SYSCFG_MemoryRemapConfig                          /home/huynhtai/STM32/SDIO_AG/stdperiph.a(stm32f4xx_syscfg.o)
SYSCFG_MemorySwappingBank                         /home/huynhtai/STM32/SDIO_AG/stdperiph.a(stm32f4xx_syscfg.o)
Status                                            main.o
StopCondition                                     stm32f4_discovery_sdio_sd.o
SysTick_CLKSourceConfig                           /home/huynhtai/STM32/SDIO_AG/stdperiph.a(misc.o)
SysTick_Handler                                   startup_stm32f4xx.o
SystemCoreClock                                   system_stm32f4xx.o
SystemCoreClockUpdate                             system_stm32f4xx.o
SystemInit                                        system_stm32f4xx.o
                                                  main.o
                                                  startup_stm32f4xx.o
TAMP_STAMP_IRQHandler                             startup_stm32f4xx.o
TIM1_BRK_TIM9_IRQHandler                          startup_stm32f4xx.o
TIM1_CC_IRQHandler                                startup_stm32f4xx.o
TIM1_TRG_COM_TIM11_IRQHandler                     startup_stm32f4xx.o
TIM1_UP_TIM10_IRQHandler                          startup_stm32f4xx.o
TIM2_IRQHandler                                   startup_stm32f4xx.o
TIM3_IRQHandler                                   startup_stm32f4xx.o
TIM4_IRQHandler                                   startup_stm32f4xx.o
TIM5_IRQHandler                                   startup_stm32f4xx.o
TIM6_DAC_IRQHandler                               startup_stm32f4xx.o
TIM7_IRQHandler                                   startup_stm32f4xx.o
TIM8_BRK_TIM12_IRQHandler                         startup_stm32f4xx.o
TIM8_CC_IRQHandler                                startup_stm32f4xx.o
TIM8_TRG_COM_TIM14_IRQHandler                     startup_stm32f4xx.o
TIM8_UP_TIM13_IRQHandler                          startup_stm32f4xx.o
TransferEnd                                       stm32f4_discovery_sdio_sd.o
TransferError                                     stm32f4_discovery_sdio_sd.o
TxBuffer                                          USART_DMA.o
UART4_IRQHandler                                  startup_stm32f4xx.o
UART5_IRQHandler                                  startup_stm32f4xx.o
USART1_IRQHandler                                 startup_stm32f4xx.o
USART2_IRQHandler                                 main.o
                                                  startup_stm32f4xx.o
USART3_IRQHandler                                 startup_stm32f4xx.o
USART6_IRQHandler                                 startup_stm32f4xx.o
USART_ClearFlag                                   /home/huynhtai/STM32/SDIO_AG/stdperiph.a(stm32f4xx_usart.o)
USART_ClearITPendingBit                           /home/huynhtai/STM32/SDIO_AG/stdperiph.a(stm32f4xx_usart.o)
                                                  main.o
USART_ClockInit                                   /home/huynhtai/STM32/SDIO_AG/stdperiph.a(stm32f4xx_usart.o)
USART_ClockStructInit                             /home/huynhtai/STM32/SDIO_AG/stdperiph.a(stm32f4xx_usart.o)
USART_Cmd                                         /home/huynhtai/STM32/SDIO_AG/stdperiph.a(stm32f4xx_usart.o)
                                                  USART_DMA.o
USART_DMACmd                                      /home/huynhtai/STM32/SDIO_AG/stdperiph.a(stm32f4xx_usart.o)
                                                  main.o
                                                  USART_DMA.o
USART_DMA_Init                                    USART_DMA.o
                                                  main.o
USART_DMA_Received_1Byte                          USART_DMA.o
                                                  main.o
USART_DMA_Sendbyte                                USART_DMA.o
                                                  main.o
USART_DMA_Sendstring                              USART_DMA.o
                                                  main.o
USART_DeInit                                      /home/huynhtai/STM32/SDIO_AG/stdperiph.a(stm32f4xx_usart.o)
USART_GetFlagStatus                               /home/huynhtai/STM32/SDIO_AG/stdperiph.a(stm32f4xx_usart.o)
                                                  main.o
                                                  USART_DMA.o
USART_GetITStatus                                 /home/huynhtai/STM32/SDIO_AG/stdperiph.a(stm32f4xx_usart.o)
                                                  main.o
USART_HalfDuplexCmd                               /home/huynhtai/STM32/SDIO_AG/stdperiph.a(stm32f4xx_usart.o)
USART_ITConfig                                    /home/huynhtai/STM32/SDIO_AG/stdperiph.a(stm32f4xx_usart.o)
                                                  USART_DMA.o
USART_Init                                        /home/huynhtai/STM32/SDIO_AG/stdperiph.a(stm32f4xx_usart.o)
                                                  USART_DMA.o
USART_InitStructure                               USART_DMA.o
USART_IrDACmd                                     /home/huynhtai/STM32/SDIO_AG/stdperiph.a(stm32f4xx_usart.o)
USART_IrDAConfig                                  /home/huynhtai/STM32/SDIO_AG/stdperiph.a(stm32f4xx_usart.o)
USART_LINBreakDetectLengthConfig                  /home/huynhtai/STM32/SDIO_AG/stdperiph.a(stm32f4xx_usart.o)
USART_LINCmd                                      /home/huynhtai/STM32/SDIO_AG/stdperiph.a(stm32f4xx_usart.o)
USART_OneBitMethodCmd                             /home/huynhtai/STM32/SDIO_AG/stdperiph.a(stm32f4xx_usart.o)
USART_OverSampling8Cmd                            /home/huynhtai/STM32/SDIO_AG/stdperiph.a(stm32f4xx_usart.o)
USART_ReceiveData                                 /home/huynhtai/STM32/SDIO_AG/stdperiph.a(stm32f4xx_usart.o)
USART_ReceiverWakeUpCmd                           /home/huynhtai/STM32/SDIO_AG/stdperiph.a(stm32f4xx_usart.o)
USART_SendBreak                                   /home/huynhtai/STM32/SDIO_AG/stdperiph.a(stm32f4xx_usart.o)
USART_SendData                                    /home/huynhtai/STM32/SDIO_AG/stdperiph.a(stm32f4xx_usart.o)
USART_SendString                                  /home/huynhtai/STM32/SDIO_AG/stdperiph.a(stm32f4xx_usart.o)
                                                  main.o
USART_SetAddress                                  /home/huynhtai/STM32/SDIO_AG/stdperiph.a(stm32f4xx_usart.o)
USART_SetGuardTime                                /home/huynhtai/STM32/SDIO_AG/stdperiph.a(stm32f4xx_usart.o)
USART_SetPrescaler                                /home/huynhtai/STM32/SDIO_AG/stdperiph.a(stm32f4xx_usart.o)
USART_SmartCardCmd                                /home/huynhtai/STM32/SDIO_AG/stdperiph.a(stm32f4xx_usart.o)
USART_SmartCardNACKCmd                            /home/huynhtai/STM32/SDIO_AG/stdperiph.a(stm32f4xx_usart.o)
USART_StructInit                                  /home/huynhtai/STM32/SDIO_AG/stdperiph.a(stm32f4xx_usart.o)
USART_WakeUpConfig                                /home/huynhtai/STM32/SDIO_AG/stdperiph.a(stm32f4xx_usart.o)
UsageFault_Handler                                startup_stm32f4xx.o
WWDG_IRQHandler                                   startup_stm32f4xx.o
__bss_end__                                       startup_stm32f4xx.o
__bss_start__                                     startup_stm32f4xx.o
__data_end__                                      startup_stm32f4xx.o
__data_start__                                    startup_stm32f4xx.o
__sidata                                          startup_stm32f4xx.o
_address                                          USART_DMA.o
_estack                                           startup_stm32f4xx.o
a                                                 main.o
br                                                main.o
buff                                              main.o
bw                                                main.o
clust2sect                                        ff.o
convert_from_bytes_to_power_of_two                stm32f4_discovery_sdio_sd.o
delay                                             main.o
dem                                               main.o
dir                                               main.o
disk_initialize                                   diskio.o
                                                  ff.o
disk_ioctl                                        diskio.o
                                                  ff.o
disk_read                                         diskio.o
                                                  ff.o
disk_status                                       diskio.o
                                                  ff.o
disk_write                                        diskio.o
                                                  ff.o
f_chmod                                           ff.o
f_close                                           ff.o
                                                  main.o
f_getfree                                         ff.o
f_lseek                                           ff.o
f_mkdir                                           ff.o
f_mount                                           ff.o
                                                  main.o
f_open                                            ff.o
                                                  main.o
f_opendir                                         ff.o
f_read                                            ff.o
f_readdir                                         ff.o
f_rename                                          ff.o
f_stat                                            ff.o
f_sync                                            ff.o
f_truncate                                        ff.o
f_unlink                                          ff.o
f_utime                                           ff.o
f_write                                           ff.o
file                                              main.o
fileinfo                                          main.o
filesystem                                        main.o
fno                                               main.o
g_pfnVectors                                      startup_stm32f4xx.o
get_fat                                           ff.o
get_fattime                                       diskio.o
                                                  ff.o
huart2                                            main.o
i                                                 main.o
init_GPIO                                         main.o
main                                              main.o
                                                  startup_stm32f4xx.o
memcpy                                            /home/huynhtai/Downloads/TOOLCHAIN/gcc-arm-none-eabi-5_4-2016q3/bin/../lib/gcc/arm-none-eabi/5.4.1/../../../../arm-none-eabi/lib/armv7e-m/libc_nano.a(lib_a-memcpy-stub.o)
                                                  diskio.o
msTicks                                           main.o
put_fat                                           ff.o
ret                                               main.o
size                                              USART_DMA.o
state                                             USART_DMA.o
turnOffLED                                        CortexM4asmOps.o
turnOnLED                                         CortexM4asmOps.o
