Archive member included to satisfy reference by file (symbol)

/home/huynhtai/Downloads/STM32-master/stm32f4xx_EXTI/STM32F4xx_StdPeriph_Driver/lib/stdperiph.a(stm32f4xx_gpio.o)
                              my_printf.o (GPIO_Init)
/home/huynhtai/Downloads/STM32-master/stm32f4xx_EXTI/STM32F4xx_StdPeriph_Driver/lib/stdperiph.a(misc.o)
                              main.o (NVIC_Init)
/home/huynhtai/Downloads/STM32-master/stm32f4xx_EXTI/STM32F4xx_StdPeriph_Driver/lib/stdperiph.a(stm32f4xx_usart.o)
                              my_printf.o (USART_DeInit)
/home/huynhtai/Downloads/STM32-master/stm32f4xx_EXTI/STM32F4xx_StdPeriph_Driver/lib/stdperiph.a(stm32f4xx_exti.o)
                              main.o (EXTI_Init)
/home/huynhtai/Downloads/STM32-master/stm32f4xx_EXTI/STM32F4xx_StdPeriph_Driver/lib/stdperiph.a(stm32f4xx_rcc.o)
                              /home/huynhtai/Downloads/STM32-master/stm32f4xx_EXTI/STM32F4xx_StdPeriph_Driver/lib/stdperiph.a(stm32f4xx_usart.o) (RCC_GetClocksFreq)
/home/huynhtai/Downloads/STM32-master/stm32f4xx_EXTI/STM32F4xx_StdPeriph_Driver/lib/stdperiph.a(stm32f4xx_syscfg.o)
                              main.o (SYSCFG_EXTILineConfig)
/home/huynhtai/Downloads/TOOLCHAIN/gcc-arm-none-eabi-5_4-2016q3/bin/../lib/gcc/arm-none-eabi/5.4.1/../../../../arm-none-eabi/lib/armv7e-m/fpu/libc_nano.a(lib_a-memcpy-stub.o)
                              startup_stm32f4xx.o (memcpy)
/home/huynhtai/Downloads/TOOLCHAIN/gcc-arm-none-eabi-5_4-2016q3/bin/../lib/gcc/arm-none-eabi/5.4.1/../../../../arm-none-eabi/lib/armv7e-m/fpu/libc_nano.a(lib_a-memset.o)
                              startup_stm32f4xx.o (memset)

Allocating common symbols
Common symbol       size              file

msTicks             0x4               main.o

Discarded input sections

 .group         0x00000000        0x8 my_printf.o
 .group         0x00000000        0x8 my_printf.o
 .group         0x00000000        0x8 my_printf.o
 .group         0x00000000        0x8 my_printf.o
 .group         0x00000000        0x8 my_printf.o
 .group         0x00000000        0x8 my_printf.o
 .group         0x00000000        0x8 my_printf.o
 .group         0x00000000        0x8 my_printf.o
 .group         0x00000000        0x8 my_printf.o
 .group         0x00000000        0x8 my_printf.o
 .group         0x00000000        0x8 my_printf.o
 .group         0x00000000        0x8 my_printf.o
 .group         0x00000000        0x8 my_printf.o
 .group         0x00000000        0x8 my_printf.o
 .group         0x00000000        0x8 my_printf.o
 .group         0x00000000        0x8 my_printf.o
 .group         0x00000000        0x8 my_printf.o
 .group         0x00000000        0x8 my_printf.o
 .group         0x00000000        0x8 my_printf.o
 .group         0x00000000        0x8 my_printf.o
 .group         0x00000000        0x8 my_printf.o
 .group         0x00000000        0x8 my_printf.o
 .group         0x00000000        0x8 my_printf.o
 .group         0x00000000        0x8 my_printf.o
 .group         0x00000000        0x8 my_printf.o
 .group         0x00000000        0x8 my_printf.o
 .group         0x00000000        0x8 my_printf.o
 .group         0x00000000        0x8 my_printf.o
 .group         0x00000000        0x8 my_printf.o
 .group         0x00000000        0x8 my_printf.o
 .group         0x00000000        0x8 my_printf.o
 .group         0x00000000        0x8 my_printf.o
 .group         0x00000000        0x8 my_printf.o
 .group         0x00000000        0x8 my_printf.o
 .group         0x00000000        0x8 my_printf.o
 .group         0x00000000        0x8 my_printf.o
 .group         0x00000000        0x8 my_printf.o
 .group         0x00000000        0x8 my_printf.o
 .group         0x00000000        0x8 my_printf.o
 .group         0x00000000        0x8 my_printf.o
 .group         0x00000000        0x8 my_printf.o
 .group         0x00000000        0x8 my_printf.o
 .group         0x00000000        0x8 my_printf.o
 .group         0x00000000        0x8 my_printf.o
 .group         0x00000000        0x8 my_printf.o
 .group         0x00000000        0x8 my_printf.o
 .group         0x00000000        0x8 my_printf.o
 .group         0x00000000        0x8 my_printf.o
 .group         0x00000000        0x8 my_printf.o
 .group         0x00000000        0x8 my_printf.o
 .group         0x00000000        0x8 my_printf.o
 .group         0x00000000        0x8 my_printf.o
 .group         0x00000000        0x8 my_printf.o
 .group         0x00000000        0x8 my_printf.o
 .group         0x00000000        0x8 my_printf.o
 .group         0x00000000        0x8 my_printf.o
 .group         0x00000000        0x8 my_printf.o
 .group         0x00000000        0x8 my_printf.o
 .group         0x00000000        0x8 my_printf.o
 .group         0x00000000        0x8 my_printf.o
 .group         0x00000000        0x8 my_printf.o
 .group         0x00000000        0x8 my_printf.o
 .group         0x00000000        0x8 my_printf.o
 .text          0x00000000        0x0 my_printf.o
[...]
Memory Configuration

Name             Origin             Length             Attributes
FLASH            0x08000000         0x00080000         xr
RAM              0x20000000         0x00020000         xrw
CCM              0x10000000         0x00010000         xrw
*default*        0x00000000         0xffffffff

Linker script and memory map

LOAD my_printf.o
LOAD startup_stm32f4xx.o
LOAD main.o
LOAD stm32f4xx_it.o
LOAD system_stm32f4xx.o
LOAD CortexM4asmOps.o
LOAD /home/huynhtai/Downloads/STM32-master/stm32f4xx_EXTI/STM32F4xx_StdPeriph_Driver/lib/stdperiph.a
LOAD /home/huynhtai/Downloads/STM32-master/stm32f4xx_EXTI/STM32F4xx_StdPeriph_Driver/lib/freertos.a
LOAD /home/huynhtai/Downloads/TOOLCHAIN/gcc-arm-none-eabi-5_4-2016q3/bin/../lib/gcc/arm-none-eabi/5.4.1/../../../../arm-none-eabi/lib/armv7e-m/fpu/libc_nano.a
LOAD /home/huynhtai/Downloads/TOOLCHAIN/gcc-arm-none-eabi-5_4-2016q3/bin/../lib/gcc/arm-none-eabi/5.4.1/armv7e-m/fpu/libgcc.a
LOAD /home/huynhtai/Downloads/TOOLCHAIN/gcc-arm-none-eabi-5_4-2016q3/bin/../lib/gcc/arm-none-eabi/5.4.1/../../../../arm-none-eabi/lib/armv7e-m/fpu/libnosys.a
START GROUP
LOAD /home/huynhtai/Downloads/TOOLCHAIN/gcc-arm-none-eabi-5_4-2016q3/bin/../lib/gcc/arm-none-eabi/5.4.1/armv7e-m/fpu/libgcc.a
LOAD /home/huynhtai/Downloads/TOOLCHAIN/gcc-arm-none-eabi-5_4-2016q3/bin/../lib/gcc/arm-none-eabi/5.4.1/../../../../arm-none-eabi/lib/armv7e-m/fpu/libc_nano.a
END GROUP
START GROUP
LOAD /home/huynhtai/Downloads/TOOLCHAIN/gcc-arm-none-eabi-5_4-2016q3/bin/../lib/gcc/arm-none-eabi/5.4.1/armv7e-m/fpu/libgcc.a
LOAD /home/huynhtai/Downloads/TOOLCHAIN/gcc-arm-none-eabi-5_4-2016q3/bin/../lib/gcc/arm-none-eabi/5.4.1/../../../../arm-none-eabi/lib/armv7e-m/fpu/libc_nano.a
END GROUP
                0x20020000                _estack = 0x20020000
                0x00002000                _Min_Heap_Size = 0x2000
                0x00004000                _Min_Stack_Size = 0x4000

.isr_vector     0x08000000      0x188
                0x08000000                . = ALIGN (0x4)
 *(.isr_vector)
 .isr_vector    0x08000000      0x188 startup_stm32f4xx.o
                0x08000000                g_pfnVectors
                0x08000188                . = ALIGN (0x4)

.text           0x08000188      0x450
                0x08000188                . = ALIGN (0x4)
 *(.text)
 *(.text*)
 .text.Default_Handler
                0x08000188        0x4 startup_stm32f4xx.o
                0x08000188                RTC_Alarm_IRQHandler
                0x08000188                HASH_RNG_IRQHandler
                0x08000188                EXTI2_IRQHandler
                0x08000188                TIM8_CC_IRQHandler
                0x08000188                DebugMon_Handler
                0x08000188                TIM1_CC_IRQHandler
                0x08000188                DMA2_Stream5_IRQHandler
                0x08000188                DMA1_Stream5_IRQHandler
                0x08000188                SysTick_Handler
                0x08000188                PVD_IRQHandler
                0x08000188                SDIO_IRQHandler
                0x08000188                TAMP_STAMP_IRQHandler
                0x08000188                PendSV_Handler
                0x08000188                CAN2_RX1_IRQHandler
                0x08000188                EXTI3_IRQHandler
                0x08000188                TIM8_TRG_COM_TIM14_IRQHandler
                0x08000188                TIM1_UP_TIM10_IRQHandler
                0x08000188                TIM8_UP_TIM13_IRQHandler
                0x08000188                I2C3_ER_IRQHandler
                0x08000188                EXTI0_IRQHandler
                0x08000188                I2C2_EV_IRQHandler
                0x08000188                DMA1_Stream2_IRQHandler
                0x08000188                CAN1_RX0_IRQHandler
                0x08000188                FPU_IRQHandler
                0x08000188                OTG_HS_WKUP_IRQHandler
                0x08000188                UsageFault_Handler
                0x08000188                CAN2_SCE_IRQHandler
                0x08000188                DMA2_Stream2_IRQHandler
                0x08000188                SPI1_IRQHandler
                0x08000188                TIM6_DAC_IRQHandler
                0x08000188                TIM1_BRK_TIM9_IRQHandler
                0x08000188                DCMI_IRQHandler
                0x08000188                CAN2_RX0_IRQHandler
                0x08000188                DMA2_Stream3_IRQHandler
                0x08000188                USART6_IRQHandler
                0x08000188                USART3_IRQHandler
                0x08000188                CRYP_IRQHandler
                0x08000188                CAN1_RX1_IRQHandler
                0x08000188                UART5_IRQHandler
                0x08000188                DMA2_Stream0_IRQHandler
                0x08000188                TIM4_IRQHandler
                0x08000188                I2C1_EV_IRQHandler
                0x08000188                DMA1_Stream6_IRQHandler
                0x08000188                DMA1_Stream1_IRQHandler
                0x08000188                UART4_IRQHandler
                0x08000188                TIM3_IRQHandler
                0x08000188                RCC_IRQHandler
                0x08000188                TIM8_BRK_TIM12_IRQHandler
                0x08000188                Default_Handler
                0x08000188                EXTI15_10_IRQHandler
                0x08000188                ADC_IRQHandler
                0x08000188                DMA1_Stream7_IRQHandler
                0x08000188                TIM7_IRQHandler
                0x08000188                CAN2_TX_IRQHandler
                0x08000188                TIM5_IRQHandler
                0x08000188                DMA2_Stream7_IRQHandler
                0x08000188                I2C3_EV_IRQHandler
                0x08000188                EXTI9_5_IRQHandler
                0x08000188                RTC_WKUP_IRQHandler
                0x08000188                ETH_WKUP_IRQHandler
                0x08000188                SPI2_IRQHandler
                0x08000188                OTG_HS_EP1_IN_IRQHandler
                0x08000188                MemManage_Handler
                0x08000188                DMA1_Stream0_IRQHandler
                0x08000188                CAN1_TX_IRQHandler
                0x08000188                SVC_Handler
                0x08000188                EXTI4_IRQHandler
                0x08000188                FSMC_IRQHandler
                0x08000188                ETH_IRQHandler
                0x08000188                OTG_HS_EP1_OUT_IRQHandler
                0x08000188                WWDG_IRQHandler
                0x08000188                TIM2_IRQHandler
                0x08000188                OTG_FS_WKUP_IRQHandler
                0x08000188                TIM1_TRG_COM_TIM11_IRQHandler
                0x08000188                OTG_HS_IRQHandler
                0x08000188                EXTI1_IRQHandler
                0x08000188                USART2_IRQHandler
                0x08000188                I2C2_ER_IRQHandler
                0x08000188                DMA2_Stream1_IRQHandler
                0x08000188                CAN1_SCE_IRQHandler
                0x08000188                FLASH_IRQHandler
                0x08000188                DMA2_Stream4_IRQHandler
                0x08000188                BusFault_Handler
                0x08000188                USART1_IRQHandler
                0x08000188                OTG_FS_IRQHandler
                0x08000188                SPI3_IRQHandler
                0x08000188                DMA1_Stream4_IRQHandler
                0x08000188                I2C1_ER_IRQHandler
                0x08000188                DMA2_Stream6_IRQHandler
                0x08000188                DMA1_Stream3_IRQHandler
 .text.Reset_Handler
                0x0800018c       0x60 startup_stm32f4xx.o
                0x0800018c                Reset_Handler
 .text.initialize
                0x080001ec       0xa0 main.o
                0x080001ec                initialize
 .text.startup.main
                0x0800028c       0x18 main.o
                0x0800028c                main
 .text.NMI_Handler
                0x080002a4        0x4 stm32f4xx_it.o
                0x080002a4                NMI_Handler
 .text.HardFault_Handler
                0x080002a8        0x4 stm32f4xx_it.o
                0x080002a8                HardFault_Handler
 .text.SystemInit
                0x080002ac       0xfc system_stm32f4xx.o
                0x080002ac                SystemInit
 .text.GPIO_Init
                0x080003a8       0xa8 /home/huynhtai/Downloads/STM32-master/stm32f4xx_EXTI/STM32F4xx_StdPeriph_Driver/lib/stdperiph.a(stm32f4xx_gpio.o)
                0x080003a8                GPIO_Init
 .text.GPIO_SetBits
                0x08000450        0x4 /home/huynhtai/Downloads/STM32-master/stm32f4xx_EXTI/STM32F4xx_StdPeriph_Driver/lib/stdperiph.a(stm32f4xx_gpio.o)
                0x08000450                GPIO_SetBits
 .text.NVIC_Init
                0x08000454       0x64 /home/huynhtai/Downloads/STM32-master/stm32f4xx_EXTI/STM32F4xx_StdPeriph_Driver/lib/stdperiph.a(misc.o)
                0x08000454                NVIC_Init
 .text.EXTI_Init
                0x080004b8       0x90 /home/huynhtai/Downloads/STM32-master/stm32f4xx_EXTI/STM32F4xx_StdPeriph_Driver/lib/stdperiph.a(stm32f4xx_exti.o)
                0x080004b8                EXTI_Init
 .text.RCC_AHB1PeriphClockCmd
                0x08000548       0x1c /home/huynhtai/Downloads/STM32-master/stm32f4xx_EXTI/STM32F4xx_StdPeriph_Driver/lib/stdperiph.a(stm32f4xx_rcc.o)
                0x08000548                RCC_AHB1PeriphClockCmd
 .text.RCC_APB2PeriphClockCmd
                0x08000564       0x1c /home/huynhtai/Downloads/STM32-master/stm32f4xx_EXTI/STM32F4xx_StdPeriph_Driver/lib/stdperiph.a(stm32f4xx_rcc.o)
                0x08000564                RCC_APB2PeriphClockCmd
 .text.SYSCFG_EXTILineConfig
                0x08000580       0x30 /home/huynhtai/Downloads/STM32-master/stm32f4xx_EXTI/STM32F4xx_StdPeriph_Driver/lib/stdperiph.a(stm32f4xx_syscfg.o)
                0x08000580                SYSCFG_EXTILineConfig
 .text.memcpy   0x080005b0       0x16 /home/huynhtai/Downloads/TOOLCHAIN/gcc-arm-none-eabi-5_4-2016q3/bin/../lib/gcc/arm-none-eabi/5.4.1/../../../../arm-none-eabi/lib/armv7e-m/fpu/libc_nano.a(lib_a-memcpy-stub.o)
                0x080005b0                memcpy
 .text.memset   0x080005c6       0x10 /home/huynhtai/Downloads/TOOLCHAIN/gcc-arm-none-eabi-5_4-2016q3/bin/../lib/gcc/arm-none-eabi/5.4.1/../../../../arm-none-eabi/lib/armv7e-m/fpu/libc_nano.a(lib_a-memset.o)
                0x080005c6                memset
 *(.rodata)
 *(.rodata*)
 *(.glue_7)
 .glue_7        0x080005d6        0x0 linker stubs
 *(.glue_7t)
 .glue_7t       0x080005d6        0x0 linker stubs
 *(.eh_frame)
 *(.init)
 *(.fini)
                0x080005d8                . = ALIGN (0x4)
 *fill*         0x080005d6        0x2 
                0x080005d8                _etext = .
                0x080005d8                _exit = .

.vfp11_veneer   0x080005d8        0x0
 .vfp11_veneer  0x080005d8        0x0 linker stubs

.v4_bx          0x080005d8        0x0
 .v4_bx         0x080005d8        0x0 linker stubs

.iplt           0x080005d8        0x0
 .iplt          0x080005d8        0x0 my_printf.o

.rel.dyn        0x080005d8        0x0
 .rel.iplt      0x080005d8        0x0 my_printf.o

.ARM.extab
 *(.ARM.extab* .gnu.linkonce.armextab.*)

.ARM            0x080005d8        0x0
                0x080005d8                __exidx_start = .
 *(.ARM.exidx*)
                0x080005d8                __exidx_end = .

.preinit_array  0x080005d8        0x0
                [!provide]                PROVIDE (__preinit_array_start, .)
 *(.preinit_array*)
                [!provide]                PROVIDE (__preinit_array_end, .)

.init_array     0x080005d8        0x0
                [!provide]                PROVIDE (__init_array_start, .)
 *(SORT(.init_array.*))
 *(.init_array*)
                [!provide]                PROVIDE (__init_array_end, .)

.fini_array     0x080005d8        0x0
                [!provide]                PROVIDE (__fini_array_start, .)
 *(.fini_array*)
 *(SORT(.fini_array.*))
                [!provide]                PROVIDE (__fini_array_end, .)
                0x080005d8                __sidata = .

.data           0x20000000        0x0 load address 0x080005d8
                0x20000000                . = ALIGN (0x4)
                0x20000000                _sdata = .
                0x20000000                __data_start__ = _sdata
 *(.data)
 *(.data*)
                0x20000000                . = ALIGN (0x4)
                0x20000000                _edata = .
                0x20000000                __data_end__ = _edata

.igot.plt       0x20000000        0x0
 .igot.plt      0x20000000        0x0 my_printf.o
                0x20000000                . = ALIGN (0x4)

.bss            0x20000000        0x0
                0x20000000                _sbss = .
                0x20000000                __bss_start__ = _sbss
 *(.bss)
 *(.bss*)
 *(COMMON)
                0x20000000                . = ALIGN (0x4)
                0x20000000                _ebss = .
                0x20000000                __bss_end__ = _ebss

._user_heap_stack
                0x20000000     0x6000
                0x20000000                . = ALIGN (0x4)
                [!provide]                PROVIDE (end, .)
                [!provide]                PROVIDE (_end, .)
                0x20002000                . = (. + _Min_Heap_Size)
 *fill*         0x20000000     0x2000 
                0x20006000                . = (. + _Min_Stack_Size)
 *fill*         0x20002000     0x4000 
                0x20006000                . = ALIGN (0x4)
OUTPUT(/home/huynhtai/Downloads/STM32-master/stm32f4xx_EXTI/build/blinky.elf elf32-littlearm)

.debug_info     0x00000000     0x33a0
 .debug_info    0x00000000      0x149 startup_stm32f4xx.o
 .debug_info    0x00000149      0x76a main.o
 .debug_info    0x000008b3      0x26e stm32f4xx_it.o
 .debug_info    0x00000b21      0x619 system_stm32f4xx.o
 .debug_info    0x0000113a      0x84e /home/huynhtai/Downloads/STM32-master/stm32f4xx_EXTI/STM32F4xx_StdPeriph_Driver/lib/stdperiph.a(stm32f4xx_gpio.o)
 .debug_info    0x00001988      0x546 /home/huynhtai/Downloads/STM32-master/stm32f4xx_EXTI/STM32F4xx_StdPeriph_Driver/lib/stdperiph.a(misc.o)
 .debug_info    0x00001ece      0x31c /home/huynhtai/Downloads/STM32-master/stm32f4xx_EXTI/STM32F4xx_StdPeriph_Driver/lib/stdperiph.a(stm32f4xx_exti.o)
 .debug_info    0x000021ea      0xed5 /home/huynhtai/Downloads/STM32-master/stm32f4xx_EXTI/STM32F4xx_StdPeriph_Driver/lib/stdperiph.a(stm32f4xx_rcc.o)
 .debug_info    0x000030bf      0x2e1 /home/huynhtai/Downloads/STM32-master/stm32f4xx_EXTI/STM32F4xx_StdPeriph_Driver/lib/stdperiph.a(stm32f4xx_syscfg.o)

.debug_abbrev   0x00000000      0xe0f
 .debug_abbrev  0x00000000       0xf1 startup_stm32f4xx.o
 .debug_abbrev  0x000000f1      0x1a1 main.o
 .debug_abbrev  0x00000292      0x159 stm32f4xx_it.o
 .debug_abbrev  0x000003eb      0x14a system_stm32f4xx.o
 .debug_abbrev  0x00000535      0x1f8 /home/huynhtai/Downloads/STM32-master/stm32f4xx_EXTI/STM32F4xx_StdPeriph_Driver/lib/stdperiph.a(stm32f4xx_gpio.o)
 .debug_abbrev  0x0000072d      0x15b /home/huynhtai/Downloads/STM32-master/stm32f4xx_EXTI/STM32F4xx_StdPeriph_Driver/lib/stdperiph.a(misc.o)
 .debug_abbrev  0x00000888      0x1ad /home/huynhtai/Downloads/STM32-master/stm32f4xx_EXTI/STM32F4xx_StdPeriph_Driver/lib/stdperiph.a(stm32f4xx_exti.o)
 .debug_abbrev  0x00000a35      0x273 /home/huynhtai/Downloads/STM32-master/stm32f4xx_EXTI/STM32F4xx_StdPeriph_Driver/lib/stdperiph.a(stm32f4xx_rcc.o)
 .debug_abbrev  0x00000ca8      0x167 /home/huynhtai/Downloads/STM32-master/stm32f4xx_EXTI/STM32F4xx_StdPeriph_Driver/lib/stdperiph.a(stm32f4xx_syscfg.o)

.debug_aranges  0x00000000      0x3d8
 .debug_aranges
                0x00000000       0x28 startup_stm32f4xx.o
 .debug_aranges
                0x00000028       0x28 main.o
 .debug_aranges
                0x00000050       0x48 stm32f4xx_it.o
 .debug_aranges
                0x00000098       0x28 system_stm32f4xx.o
 .debug_aranges
                0x000000c0       0x88 /home/huynhtai/Downloads/STM32-master/stm32f4xx_EXTI/STM32F4xx_StdPeriph_Driver/lib/stdperiph.a(stm32f4xx_gpio.o)
 .debug_aranges
                0x00000148       0x40 /home/huynhtai/Downloads/STM32-master/stm32f4xx_EXTI/STM32F4xx_StdPeriph_Driver/lib/stdperiph.a(misc.o)
 .debug_aranges
                0x00000188       0x48 /home/huynhtai/Downloads/STM32-master/stm32f4xx_EXTI/STM32F4xx_StdPeriph_Driver/lib/stdperiph.a(stm32f4xx_exti.o)
 .debug_aranges
                0x000001d0      0x1b8 /home/huynhtai/Downloads/STM32-master/stm32f4xx_EXTI/STM32F4xx_StdPeriph_Driver/lib/stdperiph.a(stm32f4xx_rcc.o)
 .debug_aranges
                0x00000388       0x50 /home/huynhtai/Downloads/STM32-master/stm32f4xx_EXTI/STM32F4xx_StdPeriph_Driver/lib/stdperiph.a(stm32f4xx_syscfg.o)

.debug_ranges   0x00000000      0x380
 .debug_ranges  0x00000000       0x18 startup_stm32f4xx.o
 .debug_ranges  0x00000018       0x18 main.o
 .debug_ranges  0x00000030       0x38 stm32f4xx_it.o
 .debug_ranges  0x00000068       0x30 system_stm32f4xx.o
 .debug_ranges  0x00000098       0x78 /home/huynhtai/Downloads/STM32-master/stm32f4xx_EXTI/STM32F4xx_StdPeriph_Driver/lib/stdperiph.a(stm32f4xx_gpio.o)
 .debug_ranges  0x00000110       0x30 /home/huynhtai/Downloads/STM32-master/stm32f4xx_EXTI/STM32F4xx_StdPeriph_Driver/lib/stdperiph.a(misc.o)
 .debug_ranges  0x00000140       0x38 /home/huynhtai/Downloads/STM32-master/stm32f4xx_EXTI/STM32F4xx_StdPeriph_Driver/lib/stdperiph.a(stm32f4xx_exti.o)
 .debug_ranges  0x00000178      0x1c8 /home/huynhtai/Downloads/STM32-master/stm32f4xx_EXTI/STM32F4xx_StdPeriph_Driver/lib/stdperiph.a(stm32f4xx_rcc.o)
 .debug_ranges  0x00000340       0x40 /home/huynhtai/Downloads/STM32-master/stm32f4xx_EXTI/STM32F4xx_StdPeriph_Driver/lib/stdperiph.a(stm32f4xx_syscfg.o)

.debug_macro    0x00000000     0x1c33
 .debug_macro   0x00000000       0x11 startup_stm32f4xx.o
 .debug_macro   0x00000011      0x2f2 main.o
 .debug_macro   0x00000303      0x1c3 stm32f4xx_it.o
 .debug_macro   0x000004c6       0x87 stm32f4xx_it.o
 .debug_macro   0x0000054d       0x44 stm32f4xx_it.o
 .debug_macro   0x00000591      0x1d9 system_stm32f4xx.o
 .debug_macro   0x0000076a      0x1c3 /home/huynhtai/Downloads/STM32-master/stm32f4xx_EXTI/STM32F4xx_StdPeriph_Driver/lib/stdperiph.a(stm32f4xx_gpio.o)
 .debug_macro   0x0000092d      0x2b6 /home/huynhtai/Downloads/STM32-master/stm32f4xx_EXTI/STM32F4xx_StdPeriph_Driver/lib/stdperiph.a(stm32f4xx_gpio.o)
 .debug_macro   0x00000be3      0x1c5 /home/huynhtai/Downloads/STM32-master/stm32f4xx_EXTI/STM32F4xx_StdPeriph_Driver/lib/stdperiph.a(misc.o)
 .debug_macro   0x00000da8       0x7c /home/huynhtai/Downloads/STM32-master/stm32f4xx_EXTI/STM32F4xx_StdPeriph_Driver/lib/stdperiph.a(misc.o)
 .debug_macro   0x00000e24      0x1c5 /home/huynhtai/Downloads/STM32-master/stm32f4xx_EXTI/STM32F4xx_StdPeriph_Driver/lib/stdperiph.a(stm32f4xx_exti.o)
 .debug_macro   0x00000fe9       0xa8 /home/huynhtai/Downloads/STM32-master/stm32f4xx_EXTI/STM32F4xx_StdPeriph_Driver/lib/stdperiph.a(stm32f4xx_exti.o)
 .debug_macro   0x00001091      0x289 /home/huynhtai/Downloads/STM32-master/stm32f4xx_EXTI/STM32F4xx_StdPeriph_Driver/lib/stdperiph.a(stm32f4xx_rcc.o)
 .debug_macro   0x0000131a      0x629 /home/huynhtai/Downloads/STM32-master/stm32f4xx_EXTI/STM32F4xx_StdPeriph_Driver/lib/stdperiph.a(stm32f4xx_rcc.o)
 .debug_macro   0x00001943      0x1ff /home/huynhtai/Downloads/STM32-master/stm32f4xx_EXTI/STM32F4xx_StdPeriph_Driver/lib/stdperiph.a(stm32f4xx_syscfg.o)
 .debug_macro   0x00001b42       0xf1 /home/huynhtai/Downloads/STM32-master/stm32f4xx_EXTI/STM32F4xx_StdPeriph_Driver/lib/stdperiph.a(stm32f4xx_syscfg.o)

.debug_line     0x00000000     0x2fb3
 .debug_line    0x00000000       0x60 startup_stm32f4xx.o
 .debug_line    0x00000060      0x5e9 main.o
 .debug_line    0x00000649      0x514 stm32f4xx_it.o
 .debug_line    0x00000b5d      0x525 system_stm32f4xx.o
 .debug_line    0x00001082      0x65e /home/huynhtai/Downloads/STM32-master/stm32f4xx_EXTI/STM32F4xx_StdPeriph_Driver/lib/stdperiph.a(stm32f4xx_gpio.o)
 .debug_line    0x000016e0      0x52e /home/huynhtai/Downloads/STM32-master/stm32f4xx_EXTI/STM32F4xx_StdPeriph_Driver/lib/stdperiph.a(misc.o)
 .debug_line    0x00001c0e      0x54f /home/huynhtai/Downloads/STM32-master/stm32f4xx_EXTI/STM32F4xx_StdPeriph_Driver/lib/stdperiph.a(stm32f4xx_exti.o)
 .debug_line    0x0000215d      0x911 /home/huynhtai/Downloads/STM32-master/stm32f4xx_EXTI/STM32F4xx_StdPeriph_Driver/lib/stdperiph.a(stm32f4xx_rcc.o)
 .debug_line    0x00002a6e      0x545 /home/huynhtai/Downloads/STM32-master/stm32f4xx_EXTI/STM32F4xx_StdPeriph_Driver/lib/stdperiph.a(stm32f4xx_syscfg.o)

.debug_str      0x00000000    0x630f8
 .debug_str     0x00000000     0x259b startup_stm32f4xx.o
                               0x25ad (size before relaxing)
 .debug_str     0x0000259b    0x5f587 main.o
                              0x61ced (size before relaxing)
 .debug_str     0x00061b22       0xc2 stm32f4xx_it.o
                              0x5d974 (size before relaxing)
 .debug_str     0x00061be4      0x23d system_stm32f4xx.o
                              0x5daeb (size before relaxing)
 .debug_str     0x00061e21      0x17d /home/huynhtai/Downloads/STM32-master/stm32f4xx_EXTI/STM32F4xx_StdPeriph_Driver/lib/stdperiph.a(stm32f4xx_gpio.o)
                              0x5dbc0 (size before relaxing)
 .debug_str     0x00061f9e      0x162 /home/huynhtai/Downloads/STM32-master/stm32f4xx_EXTI/STM32F4xx_StdPeriph_Driver/lib/stdperiph.a(misc.o)
                              0x5daf3 (size before relaxing)
 .debug_str     0x00062100       0xb4 /home/huynhtai/Downloads/STM32-master/stm32f4xx_EXTI/STM32F4xx_StdPeriph_Driver/lib/stdperiph.a(stm32f4xx_exti.o)
                              0x5da55 (size before relaxing)
 .debug_str     0x000621b4      0xc0a /home/huynhtai/Downloads/STM32-master/stm32f4xx_EXTI/STM32F4xx_StdPeriph_Driver/lib/stdperiph.a(stm32f4xx_rcc.o)
                              0x5e665 (size before relaxing)
 .debug_str     0x00062dbe      0x33a /home/huynhtai/Downloads/STM32-master/stm32f4xx_EXTI/STM32F4xx_StdPeriph_Driver/lib/stdperiph.a(stm32f4xx_syscfg.o)
                              0x5dc1b (size before relaxing)

.comment        0x00000000       0x6e
 .comment       0x00000000       0x6e startup_stm32f4xx.o
                                 0x6f (size before relaxing)
 .comment       0x0000006e       0x6f main.o
 .comment       0x0000006e       0x6f stm32f4xx_it.o
 .comment       0x0000006e       0x6f system_stm32f4xx.o
 .comment       0x0000006e       0x6f /home/huynhtai/Downloads/STM32-master/stm32f4xx_EXTI/STM32F4xx_StdPeriph_Driver/lib/stdperiph.a(stm32f4xx_gpio.o)
 .comment       0x0000006e       0x6f /home/huynhtai/Downloads/STM32-master/stm32f4xx_EXTI/STM32F4xx_StdPeriph_Driver/lib/stdperiph.a(misc.o)
 .comment       0x0000006e       0x6f /home/huynhtai/Downloads/STM32-master/stm32f4xx_EXTI/STM32F4xx_StdPeriph_Driver/lib/stdperiph.a(stm32f4xx_exti.o)
 .comment       0x0000006e       0x6f /home/huynhtai/Downloads/STM32-master/stm32f4xx_EXTI/STM32F4xx_StdPeriph_Driver/lib/stdperiph.a(stm32f4xx_rcc.o)
 .comment       0x0000006e       0x6f /home/huynhtai/Downloads/STM32-master/stm32f4xx_EXTI/STM32F4xx_StdPeriph_Driver/lib/stdperiph.a(stm32f4xx_syscfg.o)

.ARM.attributes
                0x00000000       0x37
 .ARM.attributes
                0x00000000       0x39 startup_stm32f4xx.o
 .ARM.attributes
                0x00000039       0x39 main.o
 .ARM.attributes
                0x00000072       0x39 stm32f4xx_it.o
 .ARM.attributes
                0x000000ab       0x39 system_stm32f4xx.o
 .ARM.attributes
                0x000000e4       0x39 /home/huynhtai/Downloads/STM32-master/stm32f4xx_EXTI/STM32F4xx_StdPeriph_Driver/lib/stdperiph.a(stm32f4xx_gpio.o)
 .ARM.attributes
                0x0000011d       0x39 /home/huynhtai/Downloads/STM32-master/stm32f4xx_EXTI/STM32F4xx_StdPeriph_Driver/lib/stdperiph.a(misc.o)
 .ARM.attributes
                0x00000156       0x39 /home/huynhtai/Downloads/STM32-master/stm32f4xx_EXTI/STM32F4xx_StdPeriph_Driver/lib/stdperiph.a(stm32f4xx_exti.o)
 .ARM.attributes
                0x0000018f       0x39 /home/huynhtai/Downloads/STM32-master/stm32f4xx_EXTI/STM32F4xx_StdPeriph_Driver/lib/stdperiph.a(stm32f4xx_rcc.o)
 .ARM.attributes
                0x000001c8       0x39 /home/huynhtai/Downloads/STM32-master/stm32f4xx_EXTI/STM32F4xx_StdPeriph_Driver/lib/stdperiph.a(stm32f4xx_syscfg.o)
 .ARM.attributes
                0x00000201       0x34 /home/huynhtai/Downloads/TOOLCHAIN/gcc-arm-none-eabi-5_4-2016q3/bin/../lib/gcc/arm-none-eabi/5.4.1/../../../../arm-none-eabi/lib/armv7e-m/fpu/libc_nano.a(lib_a-memcpy-stub.o)
 .ARM.attributes
                0x00000235       0x34 /home/huynhtai/Downloads/TOOLCHAIN/gcc-arm-none-eabi-5_4-2016q3/bin/../lib/gcc/arm-none-eabi/5.4.1/../../../../arm-none-eabi/lib/armv7e-m/fpu/libc_nano.a(lib_a-memset.o)

.debug_frame    0x00000000      0x864
 .debug_frame   0x00000000       0x40 startup_stm32f4xx.o
 .debug_frame   0x00000040       0x4c main.o
 .debug_frame   0x0000008c       0xbc stm32f4xx_it.o
 .debug_frame   0x00000148       0x3c system_stm32f4xx.o
 .debug_frame   0x00000184      0x170 /home/huynhtai/Downloads/STM32-master/stm32f4xx_EXTI/STM32F4xx_StdPeriph_Driver/lib/stdperiph.a(stm32f4xx_gpio.o)
 .debug_frame   0x000002f4       0x70 /home/huynhtai/Downloads/STM32-master/stm32f4xx_EXTI/STM32F4xx_StdPeriph_Driver/lib/stdperiph.a(misc.o)
 .debug_frame   0x00000364       0xa4 /home/huynhtai/Downloads/STM32-master/stm32f4xx_EXTI/STM32F4xx_StdPeriph_Driver/lib/stdperiph.a(stm32f4xx_exti.o)
 .debug_frame   0x00000408      0x37c /home/huynhtai/Downloads/STM32-master/stm32f4xx_EXTI/STM32F4xx_StdPeriph_Driver/lib/stdperiph.a(stm32f4xx_rcc.o)
 .debug_frame   0x00000784       0x98 /home/huynhtai/Downloads/STM32-master/stm32f4xx_EXTI/STM32F4xx_StdPeriph_Driver/lib/stdperiph.a(stm32f4xx_syscfg.o)
 .debug_frame   0x0000081c       0x28 /home/huynhtai/Downloads/TOOLCHAIN/gcc-arm-none-eabi-5_4-2016q3/bin/../lib/gcc/arm-none-eabi/5.4.1/../../../../arm-none-eabi/lib/armv7e-m/fpu/libc_nano.a(lib_a-memcpy-stub.o)
 .debug_frame   0x00000844       0x20 /home/huynhtai/Downloads/TOOLCHAIN/gcc-arm-none-eabi-5_4-2016q3/bin/../lib/gcc/arm-none-eabi/5.4.1/../../../../arm-none-eabi/lib/armv7e-m/fpu/libc_nano.a(lib_a-memset.o)

.debug_loc      0x00000000     0x1535
 .debug_loc     0x00000000      0x13b system_stm32f4xx.o
 .debug_loc     0x0000013b      0x39b /home/huynhtai/Downloads/STM32-master/stm32f4xx_EXTI/STM32F4xx_StdPeriph_Driver/lib/stdperiph.a(stm32f4xx_gpio.o)
 .debug_loc     0x000004d6      0x17c /home/huynhtai/Downloads/STM32-master/stm32f4xx_EXTI/STM32F4xx_StdPeriph_Driver/lib/stdperiph.a(misc.o)
 .debug_loc     0x00000652      0x127 /home/huynhtai/Downloads/STM32-master/stm32f4xx_EXTI/STM32F4xx_StdPeriph_Driver/lib/stdperiph.a(stm32f4xx_exti.o)
 .debug_loc     0x00000779      0xd16 /home/huynhtai/Downloads/STM32-master/stm32f4xx_EXTI/STM32F4xx_StdPeriph_Driver/lib/stdperiph.a(stm32f4xx_rcc.o)
 .debug_loc     0x0000148f       0xa6 /home/huynhtai/Downloads/STM32-master/stm32f4xx_EXTI/STM32F4xx_StdPeriph_Driver/lib/stdperiph.a(stm32f4xx_syscfg.o)

Cross Reference Table

Symbol                                            File
ADC_IRQHandler                                    startup_stm32f4xx.o
AHBPrescTable                                     system_stm32f4xx.o
BusFault_Handler                                  startup_stm32f4xx.o
CAN1_RX0_IRQHandler                               startup_stm32f4xx.o
CAN1_RX1_IRQHandler                               startup_stm32f4xx.o
CAN1_SCE_IRQHandler                               startup_stm32f4xx.o
CAN1_TX_IRQHandler                                startup_stm32f4xx.o
CAN2_RX0_IRQHandler                               startup_stm32f4xx.o
CAN2_RX1_IRQHandler                               startup_stm32f4xx.o
CAN2_SCE_IRQHandler                               startup_stm32f4xx.o
CAN2_TX_IRQHandler                                startup_stm32f4xx.o
CRYP_IRQHandler                                   startup_stm32f4xx.o
DCMI_IRQHandler                                   startup_stm32f4xx.o
DMA1_Stream0_IRQHandler                           startup_stm32f4xx.o
DMA1_Stream1_IRQHandler                           startup_stm32f4xx.o
DMA1_Stream2_IRQHandler                           startup_stm32f4xx.o
DMA1_Stream3_IRQHandler                           startup_stm32f4xx.o
DMA1_Stream4_IRQHandler                           startup_stm32f4xx.o
DMA1_Stream5_IRQHandler                           startup_stm32f4xx.o
DMA1_Stream6_IRQHandler                           startup_stm32f4xx.o
DMA1_Stream7_IRQHandler                           startup_stm32f4xx.o
DMA2_Stream0_IRQHandler                           startup_stm32f4xx.o
DMA2_Stream1_IRQHandler                           startup_stm32f4xx.o
DMA2_Stream2_IRQHandler                           startup_stm32f4xx.o
DMA2_Stream3_IRQHandler                           startup_stm32f4xx.o
DMA2_Stream4_IRQHandler                           startup_stm32f4xx.o
DMA2_Stream5_IRQHandler                           startup_stm32f4xx.o
DMA2_Stream6_IRQHandler                           startup_stm32f4xx.o
DMA2_Stream7_IRQHandler                           startup_stm32f4xx.o
DebugMon_Handler                                  startup_stm32f4xx.o
Default_Handler                                   startup_stm32f4xx.o
ETH_IRQHandler                                    startup_stm32f4xx.o
ETH_WKUP_IRQHandler                               startup_stm32f4xx.o
EXTI0_IRQHandler                                  startup_stm32f4xx.o
EXTI15_10_IRQHandler                              startup_stm32f4xx.o
EXTI1_IRQHandler                                  startup_stm32f4xx.o
EXTI2_IRQHandler                                  startup_stm32f4xx.o
EXTI3_IRQHandler                                  startup_stm32f4xx.o
EXTI4_IRQHandler                                  startup_stm32f4xx.o
EXTI9_5_IRQHandler                                startup_stm32f4xx.o
EXTI_ClearFlag                                    /home/huynhtai/Downloads/STM32-master/stm32f4xx_EXTI/STM32F4xx_StdPeriph_Driver/lib/stdperiph.a(stm32f4xx_exti.o)
EXTI_ClearITPendingBit                            /home/huynhtai/Downloads/STM32-master/stm32f4xx_EXTI/STM32F4xx_StdPeriph_Driver/lib/stdperiph.a(stm32f4xx_exti.o)
                                                  stm32f4xx_it.o
EXTI_DeInit                                       /home/huynhtai/Downloads/STM32-master/stm32f4xx_EXTI/STM32F4xx_StdPeriph_Driver/lib/stdperiph.a(stm32f4xx_exti.o)
EXTI_GenerateSWInterrupt                          /home/huynhtai/Downloads/STM32-master/stm32f4xx_EXTI/STM32F4xx_StdPeriph_Driver/lib/stdperiph.a(stm32f4xx_exti.o)
EXTI_GetFlagStatus                                /home/huynhtai/Downloads/STM32-master/stm32f4xx_EXTI/STM32F4xx_StdPeriph_Driver/lib/stdperiph.a(stm32f4xx_exti.o)
EXTI_GetITStatus                                  /home/huynhtai/Downloads/STM32-master/stm32f4xx_EXTI/STM32F4xx_StdPeriph_Driver/lib/stdperiph.a(stm32f4xx_exti.o)
                                                  stm32f4xx_it.o
EXTI_Init                                         /home/huynhtai/Downloads/STM32-master/stm32f4xx_EXTI/STM32F4xx_StdPeriph_Driver/lib/stdperiph.a(stm32f4xx_exti.o)
                                                  main.o
EXTI_StructInit                                   /home/huynhtai/Downloads/STM32-master/stm32f4xx_EXTI/STM32F4xx_StdPeriph_Driver/lib/stdperiph.a(stm32f4xx_exti.o)
FLASH_IRQHandler                                  startup_stm32f4xx.o
FPU_IRQHandler                                    startup_stm32f4xx.o
FSMC_IRQHandler                                   startup_stm32f4xx.o
GPIO_DeInit                                       /home/huynhtai/Downloads/STM32-master/stm32f4xx_EXTI/STM32F4xx_StdPeriph_Driver/lib/stdperiph.a(stm32f4xx_gpio.o)
GPIO_Init                                         /home/huynhtai/Downloads/STM32-master/stm32f4xx_EXTI/STM32F4xx_StdPeriph_Driver/lib/stdperiph.a(stm32f4xx_gpio.o)
                                                  main.o
                                                  my_printf.o
GPIO_PinAFConfig                                  /home/huynhtai/Downloads/STM32-master/stm32f4xx_EXTI/STM32F4xx_StdPeriph_Driver/lib/stdperiph.a(stm32f4xx_gpio.o)
                                                  my_printf.o
GPIO_PinLockConfig                                /home/huynhtai/Downloads/STM32-master/stm32f4xx_EXTI/STM32F4xx_StdPeriph_Driver/lib/stdperiph.a(stm32f4xx_gpio.o)
GPIO_ReadInputData                                /home/huynhtai/Downloads/STM32-master/stm32f4xx_EXTI/STM32F4xx_StdPeriph_Driver/lib/stdperiph.a(stm32f4xx_gpio.o)
GPIO_ReadInputDataBit                             /home/huynhtai/Downloads/STM32-master/stm32f4xx_EXTI/STM32F4xx_StdPeriph_Driver/lib/stdperiph.a(stm32f4xx_gpio.o)
GPIO_ReadOutputData                               /home/huynhtai/Downloads/STM32-master/stm32f4xx_EXTI/STM32F4xx_StdPeriph_Driver/lib/stdperiph.a(stm32f4xx_gpio.o)
GPIO_ReadOutputDataBit                            /home/huynhtai/Downloads/STM32-master/stm32f4xx_EXTI/STM32F4xx_StdPeriph_Driver/lib/stdperiph.a(stm32f4xx_gpio.o)
GPIO_ResetBits                                    /home/huynhtai/Downloads/STM32-master/stm32f4xx_EXTI/STM32F4xx_StdPeriph_Driver/lib/stdperiph.a(stm32f4xx_gpio.o)
GPIO_SetBits                                      /home/huynhtai/Downloads/STM32-master/stm32f4xx_EXTI/STM32F4xx_StdPeriph_Driver/lib/stdperiph.a(stm32f4xx_gpio.o)
                                                  main.o
GPIO_StructInit                                   /home/huynhtai/Downloads/STM32-master/stm32f4xx_EXTI/STM32F4xx_StdPeriph_Driver/lib/stdperiph.a(stm32f4xx_gpio.o)
GPIO_ToggleBits                                   /home/huynhtai/Downloads/STM32-master/stm32f4xx_EXTI/STM32F4xx_StdPeriph_Driver/lib/stdperiph.a(stm32f4xx_gpio.o)
                                                  stm32f4xx_it.o
GPIO_Write                                        /home/huynhtai/Downloads/STM32-master/stm32f4xx_EXTI/STM32F4xx_StdPeriph_Driver/lib/stdperiph.a(stm32f4xx_gpio.o)
GPIO_WriteBit                                     /home/huynhtai/Downloads/STM32-master/stm32f4xx_EXTI/STM32F4xx_StdPeriph_Driver/lib/stdperiph.a(stm32f4xx_gpio.o)
HASH_RNG_IRQHandler                               startup_stm32f4xx.o
HardFault_Handler                                 stm32f4xx_it.o
                                                  startup_stm32f4xx.o
I2C1_ER_IRQHandler                                startup_stm32f4xx.o
I2C1_EV_IRQHandler                                startup_stm32f4xx.o
I2C2_ER_IRQHandler                                startup_stm32f4xx.o
I2C2_EV_IRQHandler                                startup_stm32f4xx.o
I2C3_ER_IRQHandler                                startup_stm32f4xx.o
I2C3_EV_IRQHandler                                startup_stm32f4xx.o
MemManage_Handler                                 startup_stm32f4xx.o
NMI_Handler                                       stm32f4xx_it.o
                                                  startup_stm32f4xx.o
NVIC_Init                                         /home/huynhtai/Downloads/STM32-master/stm32f4xx_EXTI/STM32F4xx_StdPeriph_Driver/lib/stdperiph.a(misc.o)
                                                  main.o
NVIC_PriorityGroupConfig                          /home/huynhtai/Downloads/STM32-master/stm32f4xx_EXTI/STM32F4xx_StdPeriph_Driver/lib/stdperiph.a(misc.o)
NVIC_SetVectorTable                               /home/huynhtai/Downloads/STM32-master/stm32f4xx_EXTI/STM32F4xx_StdPeriph_Driver/lib/stdperiph.a(misc.o)
NVIC_SystemLPConfig                               /home/huynhtai/Downloads/STM32-master/stm32f4xx_EXTI/STM32F4xx_StdPeriph_Driver/lib/stdperiph.a(misc.o)
OTG_FS_IRQHandler                                 startup_stm32f4xx.o
OTG_FS_WKUP_IRQHandler                            startup_stm32f4xx.o
OTG_HS_EP1_IN_IRQHandler                          startup_stm32f4xx.o
OTG_HS_EP1_OUT_IRQHandler                         startup_stm32f4xx.o
OTG_HS_IRQHandler                                 startup_stm32f4xx.o
OTG_HS_WKUP_IRQHandler                            startup_stm32f4xx.o
PVD_IRQHandler                                    startup_stm32f4xx.o
PendSV_Handler                                    startup_stm32f4xx.o
RCC_AHB1PeriphClockCmd                            /home/huynhtai/Downloads/STM32-master/stm32f4xx_EXTI/STM32F4xx_StdPeriph_Driver/lib/stdperiph.a(stm32f4xx_rcc.o)
                                                  main.o
                                                  my_printf.o
RCC_AHB1PeriphClockLPModeCmd                      /home/huynhtai/Downloads/STM32-master/stm32f4xx_EXTI/STM32F4xx_StdPeriph_Driver/lib/stdperiph.a(stm32f4xx_rcc.o)
RCC_AHB1PeriphResetCmd                            /home/huynhtai/Downloads/STM32-master/stm32f4xx_EXTI/STM32F4xx_StdPeriph_Driver/lib/stdperiph.a(stm32f4xx_rcc.o)
                                                  /home/huynhtai/Downloads/STM32-master/stm32f4xx_EXTI/STM32F4xx_StdPeriph_Driver/lib/stdperiph.a(stm32f4xx_gpio.o)
RCC_AHB2PeriphClockCmd                            /home/huynhtai/Downloads/STM32-master/stm32f4xx_EXTI/STM32F4xx_StdPeriph_Driver/lib/stdperiph.a(stm32f4xx_rcc.o)
RCC_AHB2PeriphClockLPModeCmd                      /home/huynhtai/Downloads/STM32-master/stm32f4xx_EXTI/STM32F4xx_StdPeriph_Driver/lib/stdperiph.a(stm32f4xx_rcc.o)
RCC_AHB2PeriphResetCmd                            /home/huynhtai/Downloads/STM32-master/stm32f4xx_EXTI/STM32F4xx_StdPeriph_Driver/lib/stdperiph.a(stm32f4xx_rcc.o)
RCC_AHB3PeriphClockCmd                            /home/huynhtai/Downloads/STM32-master/stm32f4xx_EXTI/STM32F4xx_StdPeriph_Driver/lib/stdperiph.a(stm32f4xx_rcc.o)
RCC_AHB3PeriphClockLPModeCmd                      /home/huynhtai/Downloads/STM32-master/stm32f4xx_EXTI/STM32F4xx_StdPeriph_Driver/lib/stdperiph.a(stm32f4xx_rcc.o)
RCC_AHB3PeriphResetCmd                            /home/huynhtai/Downloads/STM32-master/stm32f4xx_EXTI/STM32F4xx_StdPeriph_Driver/lib/stdperiph.a(stm32f4xx_rcc.o)
RCC_APB1PeriphClockCmd                            /home/huynhtai/Downloads/STM32-master/stm32f4xx_EXTI/STM32F4xx_StdPeriph_Driver/lib/stdperiph.a(stm32f4xx_rcc.o)
                                                  my_printf.o
RCC_APB1PeriphClockLPModeCmd                      /home/huynhtai/Downloads/STM32-master/stm32f4xx_EXTI/STM32F4xx_StdPeriph_Driver/lib/stdperiph.a(stm32f4xx_rcc.o)
RCC_APB1PeriphResetCmd                            /home/huynhtai/Downloads/STM32-master/stm32f4xx_EXTI/STM32F4xx_StdPeriph_Driver/lib/stdperiph.a(stm32f4xx_rcc.o)
                                                  /home/huynhtai/Downloads/STM32-master/stm32f4xx_EXTI/STM32F4xx_StdPeriph_Driver/lib/stdperiph.a(stm32f4xx_usart.o)
RCC_APB2PeriphClockCmd                            /home/huynhtai/Downloads/STM32-master/stm32f4xx_EXTI/STM32F4xx_StdPeriph_Driver/lib/stdperiph.a(stm32f4xx_rcc.o)
                                                  main.o
                                                  my_printf.o
RCC_APB2PeriphClockLPModeCmd                      /home/huynhtai/Downloads/STM32-master/stm32f4xx_EXTI/STM32F4xx_StdPeriph_Driver/lib/stdperiph.a(stm32f4xx_rcc.o)
RCC_APB2PeriphResetCmd                            /home/huynhtai/Downloads/STM32-master/stm32f4xx_EXTI/STM32F4xx_StdPeriph_Driver/lib/stdperiph.a(stm32f4xx_rcc.o)
                                                  /home/huynhtai/Downloads/STM32-master/stm32f4xx_EXTI/STM32F4xx_StdPeriph_Driver/lib/stdperiph.a(stm32f4xx_syscfg.o)
                                                  /home/huynhtai/Downloads/STM32-master/stm32f4xx_EXTI/STM32F4xx_StdPeriph_Driver/lib/stdperiph.a(stm32f4xx_usart.o)
RCC_AdjustHSICalibrationValue                     /home/huynhtai/Downloads/STM32-master/stm32f4xx_EXTI/STM32F4xx_StdPeriph_Driver/lib/stdperiph.a(stm32f4xx_rcc.o)
RCC_BackupResetCmd                                /home/huynhtai/Downloads/STM32-master/stm32f4xx_EXTI/STM32F4xx_StdPeriph_Driver/lib/stdperiph.a(stm32f4xx_rcc.o)
RCC_ClearFlag                                     /home/huynhtai/Downloads/STM32-master/stm32f4xx_EXTI/STM32F4xx_StdPeriph_Driver/lib/stdperiph.a(stm32f4xx_rcc.o)
RCC_ClearITPendingBit                             /home/huynhtai/Downloads/STM32-master/stm32f4xx_EXTI/STM32F4xx_StdPeriph_Driver/lib/stdperiph.a(stm32f4xx_rcc.o)
RCC_ClockSecuritySystemCmd                        /home/huynhtai/Downloads/STM32-master/stm32f4xx_EXTI/STM32F4xx_StdPeriph_Driver/lib/stdperiph.a(stm32f4xx_rcc.o)
RCC_DeInit                                        /home/huynhtai/Downloads/STM32-master/stm32f4xx_EXTI/STM32F4xx_StdPeriph_Driver/lib/stdperiph.a(stm32f4xx_rcc.o)
RCC_GetClocksFreq                                 /home/huynhtai/Downloads/STM32-master/stm32f4xx_EXTI/STM32F4xx_StdPeriph_Driver/lib/stdperiph.a(stm32f4xx_rcc.o)
                                                  /home/huynhtai/Downloads/STM32-master/stm32f4xx_EXTI/STM32F4xx_StdPeriph_Driver/lib/stdperiph.a(stm32f4xx_usart.o)
RCC_GetFlagStatus                                 /home/huynhtai/Downloads/STM32-master/stm32f4xx_EXTI/STM32F4xx_StdPeriph_Driver/lib/stdperiph.a(stm32f4xx_rcc.o)
RCC_GetITStatus                                   /home/huynhtai/Downloads/STM32-master/stm32f4xx_EXTI/STM32F4xx_StdPeriph_Driver/lib/stdperiph.a(stm32f4xx_rcc.o)
RCC_GetSYSCLKSource                               /home/huynhtai/Downloads/STM32-master/stm32f4xx_EXTI/STM32F4xx_StdPeriph_Driver/lib/stdperiph.a(stm32f4xx_rcc.o)
RCC_HCLKConfig                                    /home/huynhtai/Downloads/STM32-master/stm32f4xx_EXTI/STM32F4xx_StdPeriph_Driver/lib/stdperiph.a(stm32f4xx_rcc.o)
RCC_HSEConfig                                     /home/huynhtai/Downloads/STM32-master/stm32f4xx_EXTI/STM32F4xx_StdPeriph_Driver/lib/stdperiph.a(stm32f4xx_rcc.o)
RCC_HSICmd                                        /home/huynhtai/Downloads/STM32-master/stm32f4xx_EXTI/STM32F4xx_StdPeriph_Driver/lib/stdperiph.a(stm32f4xx_rcc.o)
RCC_I2SCLKConfig                                  /home/huynhtai/Downloads/STM32-master/stm32f4xx_EXTI/STM32F4xx_StdPeriph_Driver/lib/stdperiph.a(stm32f4xx_rcc.o)
RCC_IRQHandler                                    startup_stm32f4xx.o
RCC_ITConfig                                      /home/huynhtai/Downloads/STM32-master/stm32f4xx_EXTI/STM32F4xx_StdPeriph_Driver/lib/stdperiph.a(stm32f4xx_rcc.o)
RCC_LSEConfig                                     /home/huynhtai/Downloads/STM32-master/stm32f4xx_EXTI/STM32F4xx_StdPeriph_Driver/lib/stdperiph.a(stm32f4xx_rcc.o)
RCC_LSICmd                                        /home/huynhtai/Downloads/STM32-master/stm32f4xx_EXTI/STM32F4xx_StdPeriph_Driver/lib/stdperiph.a(stm32f4xx_rcc.o)
RCC_LTDCCLKDivConfig                              /home/huynhtai/Downloads/STM32-master/stm32f4xx_EXTI/STM32F4xx_StdPeriph_Driver/lib/stdperiph.a(stm32f4xx_rcc.o)
RCC_MCO1Config                                    /home/huynhtai/Downloads/STM32-master/stm32f4xx_EXTI/STM32F4xx_StdPeriph_Driver/lib/stdperiph.a(stm32f4xx_rcc.o)
RCC_MCO2Config                                    /home/huynhtai/Downloads/STM32-master/stm32f4xx_EXTI/STM32F4xx_StdPeriph_Driver/lib/stdperiph.a(stm32f4xx_rcc.o)
RCC_PCLK1Config                                   /home/huynhtai/Downloads/STM32-master/stm32f4xx_EXTI/STM32F4xx_StdPeriph_Driver/lib/stdperiph.a(stm32f4xx_rcc.o)
RCC_PCLK2Config                                   /home/huynhtai/Downloads/STM32-master/stm32f4xx_EXTI/STM32F4xx_StdPeriph_Driver/lib/stdperiph.a(stm32f4xx_rcc.o)
RCC_PLLCmd                                        /home/huynhtai/Downloads/STM32-master/stm32f4xx_EXTI/STM32F4xx_StdPeriph_Driver/lib/stdperiph.a(stm32f4xx_rcc.o)
RCC_PLLConfig                                     /home/huynhtai/Downloads/STM32-master/stm32f4xx_EXTI/STM32F4xx_StdPeriph_Driver/lib/stdperiph.a(stm32f4xx_rcc.o)
RCC_PLLI2SCmd                                     /home/huynhtai/Downloads/STM32-master/stm32f4xx_EXTI/STM32F4xx_StdPeriph_Driver/lib/stdperiph.a(stm32f4xx_rcc.o)
RCC_PLLI2SConfig                                  /home/huynhtai/Downloads/STM32-master/stm32f4xx_EXTI/STM32F4xx_StdPeriph_Driver/lib/stdperiph.a(stm32f4xx_rcc.o)
RCC_PLLSAICmd                                     /home/huynhtai/Downloads/STM32-master/stm32f4xx_EXTI/STM32F4xx_StdPeriph_Driver/lib/stdperiph.a(stm32f4xx_rcc.o)
RCC_PLLSAIConfig                                  /home/huynhtai/Downloads/STM32-master/stm32f4xx_EXTI/STM32F4xx_StdPeriph_Driver/lib/stdperiph.a(stm32f4xx_rcc.o)
RCC_RTCCLKCmd                                     /home/huynhtai/Downloads/STM32-master/stm32f4xx_EXTI/STM32F4xx_StdPeriph_Driver/lib/stdperiph.a(stm32f4xx_rcc.o)
RCC_RTCCLKConfig                                  /home/huynhtai/Downloads/STM32-master/stm32f4xx_EXTI/STM32F4xx_StdPeriph_Driver/lib/stdperiph.a(stm32f4xx_rcc.o)
RCC_SAIBlockACLKConfig                            /home/huynhtai/Downloads/STM32-master/stm32f4xx_EXTI/STM32F4xx_StdPeriph_Driver/lib/stdperiph.a(stm32f4xx_rcc.o)
RCC_SAIBlockBCLKConfig                            /home/huynhtai/Downloads/STM32-master/stm32f4xx_EXTI/STM32F4xx_StdPeriph_Driver/lib/stdperiph.a(stm32f4xx_rcc.o)
RCC_SAIPLLI2SClkDivConfig                         /home/huynhtai/Downloads/STM32-master/stm32f4xx_EXTI/STM32F4xx_StdPeriph_Driver/lib/stdperiph.a(stm32f4xx_rcc.o)
RCC_SAIPLLSAIClkDivConfig                         /home/huynhtai/Downloads/STM32-master/stm32f4xx_EXTI/STM32F4xx_StdPeriph_Driver/lib/stdperiph.a(stm32f4xx_rcc.o)
RCC_SYSCLKConfig                                  /home/huynhtai/Downloads/STM32-master/stm32f4xx_EXTI/STM32F4xx_StdPeriph_Driver/lib/stdperiph.a(stm32f4xx_rcc.o)
RCC_TIMCLKPresConfig                              /home/huynhtai/Downloads/STM32-master/stm32f4xx_EXTI/STM32F4xx_StdPeriph_Driver/lib/stdperiph.a(stm32f4xx_rcc.o)
RCC_WaitForHSEStartUp                             /home/huynhtai/Downloads/STM32-master/stm32f4xx_EXTI/STM32F4xx_StdPeriph_Driver/lib/stdperiph.a(stm32f4xx_rcc.o)
RTC_Alarm_IRQHandler                              startup_stm32f4xx.o
RTC_WKUP_IRQHandler                               startup_stm32f4xx.o
Reset_Handler                                     startup_stm32f4xx.o
SDIO_IRQHandler                                   startup_stm32f4xx.o
SPI1_IRQHandler                                   startup_stm32f4xx.o
SPI2_IRQHandler                                   startup_stm32f4xx.o
SPI3_IRQHandler                                   startup_stm32f4xx.o
SVC_Handler                                       startup_stm32f4xx.o
SYSCFG_CompensationCellCmd                        /home/huynhtai/Downloads/STM32-master/stm32f4xx_EXTI/STM32F4xx_StdPeriph_Driver/lib/stdperiph.a(stm32f4xx_syscfg.o)
SYSCFG_DeInit                                     /home/huynhtai/Downloads/STM32-master/stm32f4xx_EXTI/STM32F4xx_StdPeriph_Driver/lib/stdperiph.a(stm32f4xx_syscfg.o)
SYSCFG_ETH_MediaInterfaceConfig                   /home/huynhtai/Downloads/STM32-master/stm32f4xx_EXTI/STM32F4xx_StdPeriph_Driver/lib/stdperiph.a(stm32f4xx_syscfg.o)
SYSCFG_EXTILineConfig                             /home/huynhtai/Downloads/STM32-master/stm32f4xx_EXTI/STM32F4xx_StdPeriph_Driver/lib/stdperiph.a(stm32f4xx_syscfg.o)
                                                  main.o
SYSCFG_GetCompensationCellStatus                  /home/huynhtai/Downloads/STM32-master/stm32f4xx_EXTI/STM32F4xx_StdPeriph_Driver/lib/stdperiph.a(stm32f4xx_syscfg.o)
SYSCFG_MemoryRemapConfig                          /home/huynhtai/Downloads/STM32-master/stm32f4xx_EXTI/STM32F4xx_StdPeriph_Driver/lib/stdperiph.a(stm32f4xx_syscfg.o)
SYSCFG_MemorySwappingBank                         /home/huynhtai/Downloads/STM32-master/stm32f4xx_EXTI/STM32F4xx_StdPeriph_Driver/lib/stdperiph.a(stm32f4xx_syscfg.o)
SysTick_CLKSourceConfig                           /home/huynhtai/Downloads/STM32-master/stm32f4xx_EXTI/STM32F4xx_StdPeriph_Driver/lib/stdperiph.a(misc.o)
SysTick_Handler                                   startup_stm32f4xx.o
SystemCoreClock                                   system_stm32f4xx.o
SystemCoreClockUpdate                             system_stm32f4xx.o
SystemInit                                        system_stm32f4xx.o
                                                  startup_stm32f4xx.o
TAMP_STAMP_IRQHandler                             startup_stm32f4xx.o
TIM1_BRK_TIM9_IRQHandler                          startup_stm32f4xx.o
TIM1_CC_IRQHandler                                startup_stm32f4xx.o
TIM1_TRG_COM_TIM11_IRQHandler                     startup_stm32f4xx.o
TIM1_UP_TIM10_IRQHandler                          startup_stm32f4xx.o
TIM2_IRQHandler                                   startup_stm32f4xx.o
TIM3_IRQHandler                                   startup_stm32f4xx.o
TIM4_IRQHandler                                   startup_stm32f4xx.o
TIM5_IRQHandler                                   startup_stm32f4xx.o
TIM6_DAC_IRQHandler                               startup_stm32f4xx.o
TIM7_IRQHandler                                   startup_stm32f4xx.o
TIM8_BRK_TIM12_IRQHandler                         startup_stm32f4xx.o
TIM8_CC_IRQHandler                                startup_stm32f4xx.o
TIM8_TRG_COM_TIM14_IRQHandler                     startup_stm32f4xx.o
TIM8_UP_TIM13_IRQHandler                          startup_stm32f4xx.o
UART4_IRQHandler                                  startup_stm32f4xx.o
UART5_IRQHandler                                  startup_stm32f4xx.o
USART1_IRQHandler                                 startup_stm32f4xx.o
USART2_IRQHandler                                 startup_stm32f4xx.o
USART3_IRQHandler                                 startup_stm32f4xx.o
USART6_IRQHandler                                 startup_stm32f4xx.o
USART_ClearFlag                                   /home/huynhtai/Downloads/STM32-master/stm32f4xx_EXTI/STM32F4xx_StdPeriph_Driver/lib/stdperiph.a(stm32f4xx_usart.o)
USART_ClearITPendingBit                           /home/huynhtai/Downloads/STM32-master/stm32f4xx_EXTI/STM32F4xx_StdPeriph_Driver/lib/stdperiph.a(stm32f4xx_usart.o)
USART_ClockInit                                   /home/huynhtai/Downloads/STM32-master/stm32f4xx_EXTI/STM32F4xx_StdPeriph_Driver/lib/stdperiph.a(stm32f4xx_usart.o)
USART_ClockStructInit                             /home/huynhtai/Downloads/STM32-master/stm32f4xx_EXTI/STM32F4xx_StdPeriph_Driver/lib/stdperiph.a(stm32f4xx_usart.o)
USART_Cmd                                         /home/huynhtai/Downloads/STM32-master/stm32f4xx_EXTI/STM32F4xx_StdPeriph_Driver/lib/stdperiph.a(stm32f4xx_usart.o)
                                                  my_printf.o
USART_DMACmd                                      /home/huynhtai/Downloads/STM32-master/stm32f4xx_EXTI/STM32F4xx_StdPeriph_Driver/lib/stdperiph.a(stm32f4xx_usart.o)
                                                  my_printf.o
USART_DeInit                                      /home/huynhtai/Downloads/STM32-master/stm32f4xx_EXTI/STM32F4xx_StdPeriph_Driver/lib/stdperiph.a(stm32f4xx_usart.o)
                                                  my_printf.o
USART_GetFlagStatus                               /home/huynhtai/Downloads/STM32-master/stm32f4xx_EXTI/STM32F4xx_StdPeriph_Driver/lib/stdperiph.a(stm32f4xx_usart.o)
USART_GetITStatus                                 /home/huynhtai/Downloads/STM32-master/stm32f4xx_EXTI/STM32F4xx_StdPeriph_Driver/lib/stdperiph.a(stm32f4xx_usart.o)
USART_HalfDuplexCmd                               /home/huynhtai/Downloads/STM32-master/stm32f4xx_EXTI/STM32F4xx_StdPeriph_Driver/lib/stdperiph.a(stm32f4xx_usart.o)
USART_ITConfig                                    /home/huynhtai/Downloads/STM32-master/stm32f4xx_EXTI/STM32F4xx_StdPeriph_Driver/lib/stdperiph.a(stm32f4xx_usart.o)
                                                  my_printf.o
USART_Init                                        /home/huynhtai/Downloads/STM32-master/stm32f4xx_EXTI/STM32F4xx_StdPeriph_Driver/lib/stdperiph.a(stm32f4xx_usart.o)
                                                  my_printf.o
USART_IrDACmd                                     /home/huynhtai/Downloads/STM32-master/stm32f4xx_EXTI/STM32F4xx_StdPeriph_Driver/lib/stdperiph.a(stm32f4xx_usart.o)
USART_IrDAConfig                                  /home/huynhtai/Downloads/STM32-master/stm32f4xx_EXTI/STM32F4xx_StdPeriph_Driver/lib/stdperiph.a(stm32f4xx_usart.o)
USART_LINBreakDetectLengthConfig                  /home/huynhtai/Downloads/STM32-master/stm32f4xx_EXTI/STM32F4xx_StdPeriph_Driver/lib/stdperiph.a(stm32f4xx_usart.o)
                                                  my_printf.o
USART_LINCmd                                      /home/huynhtai/Downloads/STM32-master/stm32f4xx_EXTI/STM32F4xx_StdPeriph_Driver/lib/stdperiph.a(stm32f4xx_usart.o)
                                                  my_printf.o
USART_OneBitMethodCmd                             /home/huynhtai/Downloads/STM32-master/stm32f4xx_EXTI/STM32F4xx_StdPeriph_Driver/lib/stdperiph.a(stm32f4xx_usart.o)
USART_OverSampling8Cmd                            /home/huynhtai/Downloads/STM32-master/stm32f4xx_EXTI/STM32F4xx_StdPeriph_Driver/lib/stdperiph.a(stm32f4xx_usart.o)
USART_ReceiveData                                 /home/huynhtai/Downloads/STM32-master/stm32f4xx_EXTI/STM32F4xx_StdPeriph_Driver/lib/stdperiph.a(stm32f4xx_usart.o)
USART_ReceiverWakeUpCmd                           /home/huynhtai/Downloads/STM32-master/stm32f4xx_EXTI/STM32F4xx_StdPeriph_Driver/lib/stdperiph.a(stm32f4xx_usart.o)
USART_SendBreak                                   /home/huynhtai/Downloads/STM32-master/stm32f4xx_EXTI/STM32F4xx_StdPeriph_Driver/lib/stdperiph.a(stm32f4xx_usart.o)
USART_SendData                                    /home/huynhtai/Downloads/STM32-master/stm32f4xx_EXTI/STM32F4xx_StdPeriph_Driver/lib/stdperiph.a(stm32f4xx_usart.o)
                                                  my_printf.o
USART_SendString                                  /home/huynhtai/Downloads/STM32-master/stm32f4xx_EXTI/STM32F4xx_StdPeriph_Driver/lib/stdperiph.a(stm32f4xx_usart.o)
                                                  my_printf.o
USART_SetAddress                                  /home/huynhtai/Downloads/STM32-master/stm32f4xx_EXTI/STM32F4xx_StdPeriph_Driver/lib/stdperiph.a(stm32f4xx_usart.o)
USART_SetGuardTime                                /home/huynhtai/Downloads/STM32-master/stm32f4xx_EXTI/STM32F4xx_StdPeriph_Driver/lib/stdperiph.a(stm32f4xx_usart.o)
USART_SetPrescaler                                /home/huynhtai/Downloads/STM32-master/stm32f4xx_EXTI/STM32F4xx_StdPeriph_Driver/lib/stdperiph.a(stm32f4xx_usart.o)
USART_SmartCardCmd                                /home/huynhtai/Downloads/STM32-master/stm32f4xx_EXTI/STM32F4xx_StdPeriph_Driver/lib/stdperiph.a(stm32f4xx_usart.o)
USART_SmartCardNACKCmd                            /home/huynhtai/Downloads/STM32-master/stm32f4xx_EXTI/STM32F4xx_StdPeriph_Driver/lib/stdperiph.a(stm32f4xx_usart.o)
USART_StructInit                                  /home/huynhtai/Downloads/STM32-master/stm32f4xx_EXTI/STM32F4xx_StdPeriph_Driver/lib/stdperiph.a(stm32f4xx_usart.o)
USART_WakeUpConfig                                /home/huynhtai/Downloads/STM32-master/stm32f4xx_EXTI/STM32F4xx_StdPeriph_Driver/lib/stdperiph.a(stm32f4xx_usart.o)
UsageFault_Handler                                startup_stm32f4xx.o
WWDG_IRQHandler                                   startup_stm32f4xx.o
__bss_end__                                       startup_stm32f4xx.o
__bss_start__                                     startup_stm32f4xx.o
__data_end__                                      startup_stm32f4xx.o
__data_start__                                    startup_stm32f4xx.o
__sidata                                          startup_stm32f4xx.o
_estack                                           startup_stm32f4xx.o
g_pfnVectors                                      startup_stm32f4xx.o
initialize                                        main.o
main                                              main.o
                                                  startup_stm32f4xx.o
memcpy                                            /home/huynhtai/Downloads/TOOLCHAIN/gcc-arm-none-eabi-5_4-2016q3/bin/../lib/gcc/arm-none-eabi/5.4.1/../../../../arm-none-eabi/lib/armv7e-m/fpu/libc_nano.a(lib_a-memcpy-stub.o)
                                                  startup_stm32f4xx.o
memset                                            /home/huynhtai/Downloads/TOOLCHAIN/gcc-arm-none-eabi-5_4-2016q3/bin/../lib/gcc/arm-none-eabi/5.4.1/../../../../arm-none-eabi/lib/armv7e-m/fpu/libc_nano.a(lib_a-memset.o)
                                                  startup_stm32f4xx.o
msTicks                                           main.o
my_printf                                         my_printf.o
my_printf_config                                  my_printf.o
print_int                                         my_printf.o
turnOffLED                                        CortexM4asmOps.o
turnOnLED                                         CortexM4asmOps.o
