Archive member included to satisfy reference by file (symbol)

/home/huynhtai/STM32/USART_DMA_FLASH_IWDG/stdperiph.a(stm32f4xx_gpio.o)
                              main.o (GPIO_Init)
/home/huynhtai/STM32/USART_DMA_FLASH_IWDG/stdperiph.a(stm32f4xx_iwdg.o)
                              main.o (IWDG_WriteAccessCmd)
/home/huynhtai/STM32/USART_DMA_FLASH_IWDG/stdperiph.a(stm32f4xx_flash.o)
                              EEPROM.o (FLASH_Unlock)
/home/huynhtai/STM32/USART_DMA_FLASH_IWDG/stdperiph.a(misc.o)
                              main.o (NVIC_Init)
/home/huynhtai/STM32/USART_DMA_FLASH_IWDG/stdperiph.a(stm32f4xx_dma.o)
                              main.o (DMA_DeInit)
/home/huynhtai/STM32/USART_DMA_FLASH_IWDG/stdperiph.a(stm32f4xx_usart.o)
                              main.o (USART_Init)
/home/huynhtai/STM32/USART_DMA_FLASH_IWDG/stdperiph.a(stm32f4xx_exti.o)
                              main.o (EXTI_Init)
/home/huynhtai/STM32/USART_DMA_FLASH_IWDG/stdperiph.a(stm32f4xx_rcc.o)
                              /home/huynhtai/STM32/USART_DMA_FLASH_IWDG/stdperiph.a(stm32f4xx_usart.o) (RCC_GetClocksFreq)
/home/huynhtai/STM32/USART_DMA_FLASH_IWDG/stdperiph.a(stm32f4xx_syscfg.o)
                              main.o (SYSCFG_EXTILineConfig)

Allocating common symbols
Common symbol       size              file

DMA_InitStructure1  0x3c              main.o
RxBuffer            0x1f              main.o
msTicks             0x4               main.o

Discarded input sections

 .text          0x00000000       0x5c EEPROM.o
 .data          0x00000000        0x0 EEPROM.o
 .bss           0x00000000        0x0 EEPROM.o
 .debug_info    0x00000000      0x273 EEPROM.o
 .debug_abbrev  0x00000000      0x10d EEPROM.o
 .debug_loc     0x00000000      0x14b EEPROM.o
 .debug_aranges
                0x00000000       0x20 EEPROM.o
 .debug_line    0x00000000      0x170 EEPROM.o
 .debug_str     0x00000000      0x2bf EEPROM.o
 .comment       0x00000000       0x6f EEPROM.o
 .debug_frame   0x00000000       0x70 EEPROM.o
 .ARM.attributes
                0x00000000       0x33 EEPROM.o
 .data          0x00000000        0x0 startup_stm32f4xx.o
 .bss           0x00000000        0x0 startup_stm32f4xx.o
 .bss           0x00000000        0x2 main.o
 .data          0x00000000        0x0 stm32f4xx_it.o
 .bss           0x00000000        0x0 stm32f4xx_it.o
 .bss           0x00000000        0x0 system_stm32f4xx.o
 .text          0x00000000       0x18 CortexM4asmOps.o
 .data          0x00000000        0x0 CortexM4asmOps.o
 .bss           0x00000000        0x0 CortexM4asmOps.o
 .ARM.attributes
                0x00000000       0x14 CortexM4asmOps.o
 .data          0x00000000        0x0 /home/huynhtai/STM32/USART_DMA_FLASH_IWDG/stdperiph.a(stm32f4xx_gpio.o)
 .bss           0x00000000        0x0 /home/huynhtai/STM32/USART_DMA_FLASH_IWDG/stdperiph.a(stm32f4xx_gpio.o)
 .data          0x00000000        0x0 /home/huynhtai/STM32/USART_DMA_FLASH_IWDG/stdperiph.a(stm32f4xx_iwdg.o)
 .bss           0x00000000        0x0 /home/huynhtai/STM32/USART_DMA_FLASH_IWDG/stdperiph.a(stm32f4xx_iwdg.o)
 .text          0x00000000      0x55c /home/huynhtai/STM32/USART_DMA_FLASH_IWDG/stdperiph.a(stm32f4xx_flash.o)
 .data          0x00000000        0x0 /home/huynhtai/STM32/USART_DMA_FLASH_IWDG/stdperiph.a(stm32f4xx_flash.o)
 .bss           0x00000000        0x0 /home/huynhtai/STM32/USART_DMA_FLASH_IWDG/stdperiph.a(stm32f4xx_flash.o)
 .debug_info    0x00000000      0x9f0 /home/huynhtai/STM32/USART_DMA_FLASH_IWDG/stdperiph.a(stm32f4xx_flash.o)
 .debug_abbrev  0x00000000      0x21c /home/huynhtai/STM32/USART_DMA_FLASH_IWDG/stdperiph.a(stm32f4xx_flash.o)
 .debug_loc     0x00000000      0x836 /home/huynhtai/STM32/USART_DMA_FLASH_IWDG/stdperiph.a(stm32f4xx_flash.o)
 .debug_aranges
                0x00000000       0x20 /home/huynhtai/STM32/USART_DMA_FLASH_IWDG/stdperiph.a(stm32f4xx_flash.o)
 .debug_line    0x00000000      0x2fa /home/huynhtai/STM32/USART_DMA_FLASH_IWDG/stdperiph.a(stm32f4xx_flash.o)
 .debug_str     0x00000000      0x654 /home/huynhtai/STM32/USART_DMA_FLASH_IWDG/stdperiph.a(stm32f4xx_flash.o)
 .comment       0x00000000       0x6f /home/huynhtai/STM32/USART_DMA_FLASH_IWDG/stdperiph.a(stm32f4xx_flash.o)
 .debug_frame   0x00000000      0x338 /home/huynhtai/STM32/USART_DMA_FLASH_IWDG/stdperiph.a(stm32f4xx_flash.o)
 .ARM.attributes
                0x00000000       0x33 /home/huynhtai/STM32/USART_DMA_FLASH_IWDG/stdperiph.a(stm32f4xx_flash.o)
 .data          0x00000000        0x0 /home/huynhtai/STM32/USART_DMA_FLASH_IWDG/stdperiph.a(misc.o)
 .bss           0x00000000        0x0 /home/huynhtai/STM32/USART_DMA_FLASH_IWDG/stdperiph.a(misc.o)
 .data          0x00000000        0x0 /home/huynhtai/STM32/USART_DMA_FLASH_IWDG/stdperiph.a(stm32f4xx_dma.o)
 .bss           0x00000000        0x0 /home/huynhtai/STM32/USART_DMA_FLASH_IWDG/stdperiph.a(stm32f4xx_dma.o)
 .data          0x00000000        0x0 /home/huynhtai/STM32/USART_DMA_FLASH_IWDG/stdperiph.a(stm32f4xx_usart.o)
 .bss           0x00000000        0x0 /home/huynhtai/STM32/USART_DMA_FLASH_IWDG/stdperiph.a(stm32f4xx_usart.o)
 .data          0x00000000        0x0 /home/huynhtai/STM32/USART_DMA_FLASH_IWDG/stdperiph.a(stm32f4xx_exti.o)
 .bss           0x00000000        0x0 /home/huynhtai/STM32/USART_DMA_FLASH_IWDG/stdperiph.a(stm32f4xx_exti.o)
 .bss           0x00000000        0x0 /home/huynhtai/STM32/USART_DMA_FLASH_IWDG/stdperiph.a(stm32f4xx_rcc.o)
 .data          0x00000000        0x0 /home/huynhtai/STM32/USART_DMA_FLASH_IWDG/stdperiph.a(stm32f4xx_syscfg.o)
 .bss           0x00000000        0x0 /home/huynhtai/STM32/USART_DMA_FLASH_IWDG/stdperiph.a(stm32f4xx_syscfg.o)

Memory Configuration

Name             Origin             Length             Attributes
FLASH            0x08000000         0x00080000         xr
RAM              0x20000000         0x00020000         xrw
CCM              0x10000000         0x00010000         xrw
*default*        0x00000000         0xffffffff

Linker script and memory map

LOAD EEPROM.o
LOAD startup_stm32f4xx.o
LOAD main.o
LOAD stm32f4xx_it.o
LOAD system_stm32f4xx.o
LOAD CortexM4asmOps.o
LOAD /home/huynhtai/STM32/USART_DMA_FLASH_IWDG/stdperiph.a
LOAD /home/huynhtai/Downloads/TOOLCHAIN/gcc-arm-none-eabi-5_4-2016q3/bin/../lib/gcc/arm-none-eabi/5.4.1/../../../../arm-none-eabi/lib/armv7e-m/libc_nano.a
LOAD /home/huynhtai/Downloads/TOOLCHAIN/gcc-arm-none-eabi-5_4-2016q3/bin/../lib/gcc/arm-none-eabi/5.4.1/armv7e-m/libgcc.a
LOAD /home/huynhtai/Downloads/TOOLCHAIN/gcc-arm-none-eabi-5_4-2016q3/bin/../lib/gcc/arm-none-eabi/5.4.1/../../../../arm-none-eabi/lib/armv7e-m/libnosys.a
LOAD /home/huynhtai/Downloads/TOOLCHAIN/gcc-arm-none-eabi-5_4-2016q3/bin/../lib/gcc/arm-none-eabi/5.4.1/../../../../arm-none-eabi/lib/armv7e-m/libm.a
START GROUP
LOAD /home/huynhtai/Downloads/TOOLCHAIN/gcc-arm-none-eabi-5_4-2016q3/bin/../lib/gcc/arm-none-eabi/5.4.1/armv7e-m/libgcc.a
LOAD /home/huynhtai/Downloads/TOOLCHAIN/gcc-arm-none-eabi-5_4-2016q3/bin/../lib/gcc/arm-none-eabi/5.4.1/../../../../arm-none-eabi/lib/armv7e-m/libc_nano.a
END GROUP
START GROUP
LOAD /home/huynhtai/Downloads/TOOLCHAIN/gcc-arm-none-eabi-5_4-2016q3/bin/../lib/gcc/arm-none-eabi/5.4.1/armv7e-m/libgcc.a
LOAD /home/huynhtai/Downloads/TOOLCHAIN/gcc-arm-none-eabi-5_4-2016q3/bin/../lib/gcc/arm-none-eabi/5.4.1/../../../../arm-none-eabi/lib/armv7e-m/libc_nano.a
END GROUP
                0x20020000                _estack = 0x20020000
                0x00000000                _Min_Heap_Size = 0x0
                0x00000400                _Min_Stack_Size = 0x400

.isr_vector     0x08000000      0x188
                0x08000000                . = ALIGN (0x4)
 *(.isr_vector)
 .isr_vector    0x08000000      0x188 startup_stm32f4xx.o
                0x08000000                g_pfnVectors
                0x08000188                . = ALIGN (0x4)

.text           0x08000188     0x18f4
                0x08000188                . = ALIGN (0x4)
 *(.text)
 .text          0x08000188       0x74 startup_stm32f4xx.o
                0x08000188                RTC_Alarm_IRQHandler
                0x08000188                HASH_RNG_IRQHandler
                0x08000188                EXTI2_IRQHandler
                0x08000188                TIM8_CC_IRQHandler
                0x08000188                DebugMon_Handler
                0x08000188                TIM1_CC_IRQHandler
                0x08000188                DMA2_Stream5_IRQHandler
                0x08000188                SysTick_Handler
                0x08000188                PVD_IRQHandler
                0x08000188                SDIO_IRQHandler
                0x08000188                TAMP_STAMP_IRQHandler
                0x08000188                PendSV_Handler
                0x08000188                CAN2_RX1_IRQHandler
                0x08000188                EXTI3_IRQHandler
                0x08000188                TIM8_TRG_COM_TIM14_IRQHandler
                0x08000188                TIM1_UP_TIM10_IRQHandler
                0x08000188                TIM8_UP_TIM13_IRQHandler
                0x08000188                I2C3_ER_IRQHandler
                0x08000188                I2C2_EV_IRQHandler
                0x08000188                DMA1_Stream2_IRQHandler
                0x08000188                CAN1_RX0_IRQHandler
                0x08000188                FPU_IRQHandler
                0x08000188                OTG_HS_WKUP_IRQHandler
                0x08000188                UsageFault_Handler
                0x08000188                CAN2_SCE_IRQHandler
                0x08000188                DMA2_Stream2_IRQHandler
                0x08000188                SPI1_IRQHandler
                0x08000188                TIM6_DAC_IRQHandler
                0x08000188                TIM1_BRK_TIM9_IRQHandler
                0x08000188                DCMI_IRQHandler
                0x08000188                CAN2_RX0_IRQHandler
                0x08000188                DMA2_Stream3_IRQHandler
                0x08000188                USART6_IRQHandler
                0x08000188                USART3_IRQHandler
                0x08000188                CRYP_IRQHandler
                0x08000188                CAN1_RX1_IRQHandler
                0x08000188                UART5_IRQHandler
                0x08000188                DMA2_Stream0_IRQHandler
                0x08000188                TIM4_IRQHandler
                0x08000188                I2C1_EV_IRQHandler
                0x08000188                DMA1_Stream1_IRQHandler
                0x08000188                UART4_IRQHandler
                0x08000188                TIM3_IRQHandler
                0x08000188                RCC_IRQHandler
                0x08000188                TIM8_BRK_TIM12_IRQHandler
                0x08000188                Default_Handler
                0x08000188                EXTI15_10_IRQHandler
                0x08000188                ADC_IRQHandler
                0x08000188                DMA1_Stream7_IRQHandler
                0x08000188                TIM7_IRQHandler
                0x08000188                CAN2_TX_IRQHandler
                0x08000188                TIM5_IRQHandler
                0x08000188                DMA2_Stream7_IRQHandler
                0x08000188                I2C3_EV_IRQHandler
                0x08000188                EXTI9_5_IRQHandler
                0x08000188                RTC_WKUP_IRQHandler
                0x08000188                ETH_WKUP_IRQHandler
                0x08000188                SPI2_IRQHandler
                0x08000188                OTG_HS_EP1_IN_IRQHandler
                0x08000188                MemManage_Handler
                0x08000188                DMA1_Stream0_IRQHandler
                0x08000188                CAN1_TX_IRQHandler
                0x08000188                SVC_Handler
                0x08000188                EXTI4_IRQHandler
                0x08000188                FSMC_IRQHandler
                0x08000188                ETH_IRQHandler
                0x08000188                OTG_HS_EP1_OUT_IRQHandler
                0x08000188                WWDG_IRQHandler
                0x08000188                TIM2_IRQHandler
                0x08000188                OTG_FS_WKUP_IRQHandler
                0x08000188                TIM1_TRG_COM_TIM11_IRQHandler
                0x08000188                OTG_HS_IRQHandler
                0x08000188                EXTI1_IRQHandler
                0x08000188                I2C2_ER_IRQHandler
                0x08000188                DMA2_Stream1_IRQHandler
                0x08000188                CAN1_SCE_IRQHandler
                0x08000188                FLASH_IRQHandler
                0x08000188                DMA2_Stream4_IRQHandler
                0x08000188                BusFault_Handler
                0x08000188                USART1_IRQHandler
                0x08000188                OTG_FS_IRQHandler
                0x08000188                SPI3_IRQHandler
                0x08000188                DMA1_Stream4_IRQHandler
                0x08000188                I2C1_ER_IRQHandler
                0x08000188                DMA2_Stream6_IRQHandler
                0x08000188                DMA1_Stream3_IRQHandler
                0x0800018c                Reset_Handler
 .text          0x080001fc      0x40c main.o
                0x080001fc                delay
                0x08000214                init_GPIO
                0x080004a0                DMA1_Stream5_IRQHandler
                0x080004e0                DMA1_Stream6_IRQHandler
                0x08000560                EXTI0_IRQHandler
                0x080005a0                USART2_IRQHandler
 .text          0x08000608       0x24 stm32f4xx_it.o
                0x08000608                NMI_Handler
                0x0800060c                HardFault_Handler
 .text          0x0800062c      0x160 system_stm32f4xx.o
                0x0800062c                SystemInit
                0x08000718                SystemCoreClockUpdate
 .text          0x0800078c      0x2a8 /home/huynhtai/STM32/USART_DMA_FLASH_IWDG/stdperiph.a(stm32f4xx_gpio.o)
                0x0800078c                GPIO_DeInit
                0x080008e8                GPIO_Init
                0x0800098c                GPIO_StructInit
                0x080009a0                GPIO_PinLockConfig
                0x080009c4                GPIO_ReadInputDataBit
                0x080009d0                GPIO_ReadInputData
                0x080009d8                GPIO_ReadOutputDataBit
                0x080009e4                GPIO_ReadOutputData
                0x080009ec                GPIO_SetBits
                0x080009f0                GPIO_ResetBits
                0x080009f4                GPIO_WriteBit
                0x08000a00                GPIO_Write
                0x08000a04                GPIO_ToggleBits
                0x08000a0c                GPIO_PinAFConfig
 .text          0x08000a34       0x58 /home/huynhtai/STM32/USART_DMA_FLASH_IWDG/stdperiph.a(stm32f4xx_iwdg.o)
                0x08000a34                IWDG_WriteAccessCmd
                0x08000a40                IWDG_SetPrescaler
                0x08000a4c                IWDG_SetReload
                0x08000a58                IWDG_ReloadCounter
                0x08000a68                IWDG_Enable
                0x08000a78                IWDG_GetFlagStatus
 .text          0x08000a8c       0xbc /home/huynhtai/STM32/USART_DMA_FLASH_IWDG/stdperiph.a(misc.o)
                0x08000a8c                NVIC_PriorityGroupConfig
                0x08000aa0                NVIC_Init
                0x08000b04                NVIC_SetVectorTable
                0x08000b18                NVIC_SystemLPConfig
                0x08000b30                SysTick_CLKSourceConfig
 .text          0x08000b48      0x33c /home/huynhtai/STM32/USART_DMA_FLASH_IWDG/stdperiph.a(stm32f4xx_dma.o)
                0x08000b48                DMA_DeInit
                0x08000c70                DMA_Init
                0x08000cc8                DMA_StructInit
                0x08000cec                DMA_Cmd
                0x08000d00                DMA_PeriphIncOffsetSizeConfig
                0x08000d14                DMA_FlowControllerConfig
                0x08000d28                DMA_SetCurrDataCounter
                0x08000d2c                DMA_GetCurrDataCounter
                0x08000d34                DMA_DoubleBufferModeConfig
                0x08000d4c                DMA_DoubleBufferModeCmd
                0x08000d60                DMA_MemoryTargetConfig
                0x08000d6c                DMA_GetCurrentMemoryTarget
                0x08000d74                DMA_GetCmdStatus
                0x08000d7c                DMA_GetFIFOStatus
                0x08000d84                DMA_GetFlagStatus
                0x08000dbc                DMA_ITConfig
                0x08000dfc                DMA_GetITStatus
                0x08000e4c                DMA_ClearITPendingBit
                0x08000e80                DMA_ClearFlag
 .text          0x08000e84      0x4a4 /home/huynhtai/STM32/USART_DMA_FLASH_IWDG/stdperiph.a(stm32f4xx_usart.o)
                0x08000e84                USART_DeInit
                0x08000f90                USART_Init
                0x08001054                USART_StructInit
                0x0800106c                USART_ClockInit
                0x08001090                USART_ClockStructInit
                0x0800109c                USART_Cmd
                0x080010b8                USART_SetPrescaler
                0x080010cc                USART_OverSampling8Cmd
                0x080010e8                USART_OneBitMethodCmd
                0x08001104                USART_SendData
                0x0800111c                USART_SendString
                0x08001140                USART_ReceiveData
                0x08001148                USART_SetAddress
                0x08001160                USART_ReceiverWakeUpCmd
                0x0800117c                USART_WakeUpConfig
                0x08001194                USART_LINBreakDetectLengthConfig
                0x080011ac                USART_LINCmd
                0x080011c8                USART_SendBreak
                0x080011d4                USART_HalfDuplexCmd
                0x080011f0                USART_SetGuardTime
                0x08001204                USART_SmartCardCmd
                0x08001220                USART_SmartCardNACKCmd
                0x0800123c                USART_IrDAConfig
                0x08001254                USART_IrDACmd
                0x08001270                USART_DMACmd
                0x08001284                USART_ITConfig
                0x080012bc                USART_GetFlagStatus
                0x080012c8                USART_ClearFlag
                0x080012d0                USART_GetITStatus
                0x08001318                USART_ClearITPendingBit
 .text          0x08001328       0xe8 /home/huynhtai/STM32/USART_DMA_FLASH_IWDG/stdperiph.a(stm32f4xx_exti.o)
                0x08001328                EXTI_DeInit
                0x08001344                EXTI_Init
                0x080013c0                EXTI_StructInit
                0x080013d0                EXTI_GenerateSWInterrupt
                0x080013e0                EXTI_ClearFlag
                0x080013ec                EXTI_GetITStatus
                0x08001400                EXTI_GetFlagStatus
                0x08001404                EXTI_ClearITPendingBit
 .text          0x08001410      0x580 /home/huynhtai/STM32/USART_DMA_FLASH_IWDG/stdperiph.a(stm32f4xx_rcc.o)
                0x08001410                RCC_DeInit
                0x08001460                RCC_HSEConfig
                0x08001470                RCC_WaitForHSEStartUp
                0x080014a4                RCC_AdjustHSICalibrationValue
                0x080014b8                RCC_HSICmd
                0x080014c4                RCC_LSEConfig
                0x080014e4                RCC_LSICmd
                0x080014f0                RCC_PLLConfig
                0x08001514                RCC_PLLCmd
                0x08001520                RCC_PLLI2SConfig
                0x08001534                RCC_PLLI2SCmd
                0x08001540                RCC_PLLSAIConfig
                0x08001558                RCC_PLLSAICmd
                0x08001564                RCC_ClockSecuritySystemCmd
                0x08001570                RCC_MCO1Config
                0x08001584                RCC_MCO2Config
                0x08001598                RCC_SYSCLKConfig
                0x080015ac                RCC_GetSYSCLKSource
                0x080015bc                RCC_HCLKConfig
                0x080015d0                RCC_PCLK1Config
                0x080015e4                RCC_PCLK2Config
                0x080015f8                RCC_GetClocksFreq
                0x08001690                RCC_RTCCLKConfig
                0x080016c0                RCC_RTCCLKCmd
                0x080016cc                RCC_BackupResetCmd
                0x080016d8                RCC_I2SCLKConfig
                0x080016e4                RCC_SAIPLLI2SClkDivConfig
                0x080016fc                RCC_SAIPLLSAIClkDivConfig
                0x08001718                RCC_SAIBlockACLKConfig
                0x08001730                RCC_SAIBlockBCLKConfig
                0x08001748                RCC_LTDCCLKDivConfig
                0x08001760                RCC_TIMCLKPresConfig
                0x0800176c                RCC_AHB1PeriphClockCmd
                0x08001788                RCC_AHB2PeriphClockCmd
                0x080017a4                RCC_AHB3PeriphClockCmd
                0x080017c0                RCC_APB1PeriphClockCmd
                0x080017dc                RCC_APB2PeriphClockCmd
                0x080017f8                RCC_AHB1PeriphResetCmd
                0x08001814                RCC_AHB2PeriphResetCmd
                0x08001830                RCC_AHB3PeriphResetCmd
                0x0800184c                RCC_APB1PeriphResetCmd
                0x08001868                RCC_APB2PeriphResetCmd
                0x08001884                RCC_AHB1PeriphClockLPModeCmd
                0x080018a0                RCC_AHB2PeriphClockLPModeCmd
                0x080018bc                RCC_AHB3PeriphClockLPModeCmd
                0x080018d8                RCC_APB1PeriphClockLPModeCmd
                0x080018f4                RCC_APB2PeriphClockLPModeCmd
                0x08001910                RCC_ITConfig
                0x0800192c                RCC_GetFlagStatus
                0x08001960                RCC_ClearFlag
                0x08001970                RCC_GetITStatus
                0x08001984                RCC_ClearITPendingBit
 .text          0x08001990       0x88 /home/huynhtai/STM32/USART_DMA_FLASH_IWDG/stdperiph.a(stm32f4xx_syscfg.o)
                0x08001990                SYSCFG_DeInit
                0x080019ac                SYSCFG_MemoryRemapConfig
                0x080019b8                SYSCFG_MemorySwappingBank
                0x080019c4                SYSCFG_EXTILineConfig
                0x080019f0                SYSCFG_ETH_MediaInterfaceConfig
                0x080019fc                SYSCFG_CompensationCellCmd
                0x08001a08                SYSCFG_GetCompensationCellStatus
 *(.text*)
 .text.startup  0x08001a18       0x64 main.o
                0x08001a18                main
 *(.rodata)
 *(.rodata*)
 *(.glue_7)
 .glue_7        0x08001a7c        0x0 linker stubs
 *(.glue_7t)
 .glue_7t       0x08001a7c        0x0 linker stubs
 *(.eh_frame)
 *(.init)
 *(.fini)
                0x08001a7c                . = ALIGN (0x4)
                0x08001a7c                _etext = .
                0x08001a7c                _exit = .

.vfp11_veneer   0x08001a7c        0x0
 .vfp11_veneer  0x08001a7c        0x0 linker stubs

.v4_bx          0x08001a7c        0x0
 .v4_bx         0x08001a7c        0x0 linker stubs

.iplt           0x08001a7c        0x0
 .iplt          0x08001a7c        0x0 EEPROM.o

.rel.dyn        0x08001a7c        0x0
 .rel.iplt      0x08001a7c        0x0 EEPROM.o

.ARM.extab
 *(.ARM.extab* .gnu.linkonce.armextab.*)

.ARM            0x08001a7c        0x0
                0x08001a7c                __exidx_start = .
 *(.ARM.exidx*)
                0x08001a7c                __exidx_end = .

.preinit_array  0x08001a7c        0x0
                [!provide]                PROVIDE (__preinit_array_start, .)
 *(.preinit_array*)
                [!provide]                PROVIDE (__preinit_array_end, .)

.init_array     0x08001a7c        0x0
                [!provide]                PROVIDE (__init_array_start, .)
 *(SORT(.init_array.*))
 *(.init_array*)
                [!provide]                PROVIDE (__init_array_end, .)

.fini_array     0x08001a7c        0x0
                [!provide]                PROVIDE (__fini_array_start, .)
 *(.fini_array*)
 *(SORT(.fini_array.*))
                [!provide]                PROVIDE (__fini_array_end, .)
                0x08001a7c                __sidata = .

.data           0x20000000       0x50 load address 0x08001a7c
                0x20000000                . = ALIGN (0x4)
                0x20000000                _sdata = .
                0x20000000                __data_start__ = _sdata
 *(.data)
 .data          0x20000000       0x2a main.o
                0x20000000                RxBuffer1
                0x20000020                huart2
                0x20000024                Address
                0x20000028                a
 *fill*         0x2000002a        0x2 
 .data          0x2000002c       0x14 system_stm32f4xx.o
                0x2000002c                AHBPrescTable
                0x2000003c                SystemCoreClock
 .data          0x20000040       0x10 /home/huynhtai/STM32/USART_DMA_FLASH_IWDG/stdperiph.a(stm32f4xx_rcc.o)
 *(.data*)
                0x20000050                . = ALIGN (0x4)
                0x20000050                _edata = .
                0x20000050                __data_end__ = _edata

.igot.plt       0x20000050        0x0 load address 0x08001acc
 .igot.plt      0x20000050        0x0 EEPROM.o
                0x20000050                . = ALIGN (0x4)

.bss            0x20000050       0x60 load address 0x08001acc
                0x20000050                _sbss = .
                0x20000050                __bss_start__ = _sbss
 *(.bss)
 *(.bss*)
 *(COMMON)
 COMMON         0x20000050       0x60 main.o
                0x20000050                DMA_InitStructure1
                0x2000008c                RxBuffer
                0x200000ac                msTicks
                0x200000b0                . = ALIGN (0x4)
                0x200000b0                _ebss = .
                0x200000b0                __bss_end__ = _ebss

._user_heap_stack
                0x200000b0      0x400 load address 0x08001b2c
                0x200000b0                . = ALIGN (0x4)
                [!provide]                PROVIDE (end, .)
                [!provide]                PROVIDE (_end, .)
                0x200000b0                . = (. + _Min_Heap_Size)
                0x200004b0                . = (. + _Min_Stack_Size)
 *fill*         0x200000b0      0x400 
                0x200004b0                . = ALIGN (0x4)
OUTPUT(/home/huynhtai/STM32/USART_DMA_FLASH_IWDG/build/blinky.elf elf32-littlearm)

.debug_info     0x00000000     0x5243
 .debug_info    0x00000000      0x11f startup_stm32f4xx.o
 .debug_info    0x0000011f     0x126d main.o
 .debug_info    0x0000138c       0xf5 stm32f4xx_it.o
 .debug_info    0x00001481      0x615 system_stm32f4xx.o
 .debug_info    0x00001a96      0x84a /home/huynhtai/STM32/USART_DMA_FLASH_IWDG/stdperiph.a(stm32f4xx_gpio.o)
 .debug_info    0x000022e0      0x211 /home/huynhtai/STM32/USART_DMA_FLASH_IWDG/stdperiph.a(stm32f4xx_iwdg.o)
 .debug_info    0x000024f1      0x542 /home/huynhtai/STM32/USART_DMA_FLASH_IWDG/stdperiph.a(misc.o)
 .debug_info    0x00002a33      0x702 /home/huynhtai/STM32/USART_DMA_FLASH_IWDG/stdperiph.a(stm32f4xx_dma.o)
 .debug_info    0x00003135      0xc5b /home/huynhtai/STM32/USART_DMA_FLASH_IWDG/stdperiph.a(stm32f4xx_usart.o)
 .debug_info    0x00003d90      0x305 /home/huynhtai/STM32/USART_DMA_FLASH_IWDG/stdperiph.a(stm32f4xx_exti.o)
 .debug_info    0x00004095      0xed1 /home/huynhtai/STM32/USART_DMA_FLASH_IWDG/stdperiph.a(stm32f4xx_rcc.o)
 .debug_info    0x00004f66      0x2dd /home/huynhtai/STM32/USART_DMA_FLASH_IWDG/stdperiph.a(stm32f4xx_syscfg.o)

.debug_abbrev   0x00000000     0x12f7
 .debug_abbrev  0x00000000       0xca startup_stm32f4xx.o
 .debug_abbrev  0x000000ca      0x2a8 main.o
 .debug_abbrev  0x00000372       0x88 stm32f4xx_it.o
 .debug_abbrev  0x000003fa      0x147 system_stm32f4xx.o
 .debug_abbrev  0x00000541      0x1f5 /home/huynhtai/STM32/USART_DMA_FLASH_IWDG/stdperiph.a(stm32f4xx_gpio.o)
 .debug_abbrev  0x00000736      0x114 /home/huynhtai/STM32/USART_DMA_FLASH_IWDG/stdperiph.a(stm32f4xx_iwdg.o)
 .debug_abbrev  0x0000084a      0x158 /home/huynhtai/STM32/USART_DMA_FLASH_IWDG/stdperiph.a(misc.o)
 .debug_abbrev  0x000009a2      0x177 /home/huynhtai/STM32/USART_DMA_FLASH_IWDG/stdperiph.a(stm32f4xx_dma.o)
 .debug_abbrev  0x00000b19      0x25a /home/huynhtai/STM32/USART_DMA_FLASH_IWDG/stdperiph.a(stm32f4xx_usart.o)
 .debug_abbrev  0x00000d73      0x1b0 /home/huynhtai/STM32/USART_DMA_FLASH_IWDG/stdperiph.a(stm32f4xx_exti.o)
 .debug_abbrev  0x00000f23      0x270 /home/huynhtai/STM32/USART_DMA_FLASH_IWDG/stdperiph.a(stm32f4xx_rcc.o)
 .debug_abbrev  0x00001193      0x164 /home/huynhtai/STM32/USART_DMA_FLASH_IWDG/stdperiph.a(stm32f4xx_syscfg.o)

.debug_loc      0x00000000     0x258e
 .debug_loc     0x00000000       0x3e startup_stm32f4xx.o
 .debug_loc     0x0000003e      0x149 main.o
 .debug_loc     0x00000187      0x13b system_stm32f4xx.o
 .debug_loc     0x000002c2      0x3d2 /home/huynhtai/STM32/USART_DMA_FLASH_IWDG/stdperiph.a(stm32f4xx_gpio.o)
 .debug_loc     0x00000694       0x62 /home/huynhtai/STM32/USART_DMA_FLASH_IWDG/stdperiph.a(stm32f4xx_iwdg.o)
 .debug_loc     0x000006f6      0x17c /home/huynhtai/STM32/USART_DMA_FLASH_IWDG/stdperiph.a(misc.o)
 .debug_loc     0x00000872      0x424 /home/huynhtai/STM32/USART_DMA_FLASH_IWDG/stdperiph.a(stm32f4xx_dma.o)
 .debug_loc     0x00000c96      0xa0f /home/huynhtai/STM32/USART_DMA_FLASH_IWDG/stdperiph.a(stm32f4xx_usart.o)
 .debug_loc     0x000016a5      0x12d /home/huynhtai/STM32/USART_DMA_FLASH_IWDG/stdperiph.a(stm32f4xx_exti.o)
 .debug_loc     0x000017d2      0xd16 /home/huynhtai/STM32/USART_DMA_FLASH_IWDG/stdperiph.a(stm32f4xx_rcc.o)
 .debug_loc     0x000024e8       0xa6 /home/huynhtai/STM32/USART_DMA_FLASH_IWDG/stdperiph.a(stm32f4xx_syscfg.o)

.debug_aranges  0x00000000      0x188
 .debug_aranges
                0x00000000       0x20 startup_stm32f4xx.o
 .debug_aranges
                0x00000020       0x28 main.o
 .debug_aranges
                0x00000048       0x20 stm32f4xx_it.o
 .debug_aranges
                0x00000068       0x20 system_stm32f4xx.o
 .debug_aranges
                0x00000088       0x20 /home/huynhtai/STM32/USART_DMA_FLASH_IWDG/stdperiph.a(stm32f4xx_gpio.o)
 .debug_aranges
                0x000000a8       0x20 /home/huynhtai/STM32/USART_DMA_FLASH_IWDG/stdperiph.a(stm32f4xx_iwdg.o)
 .debug_aranges
                0x000000c8       0x20 /home/huynhtai/STM32/USART_DMA_FLASH_IWDG/stdperiph.a(misc.o)
 .debug_aranges
                0x000000e8       0x20 /home/huynhtai/STM32/USART_DMA_FLASH_IWDG/stdperiph.a(stm32f4xx_dma.o)
 .debug_aranges
                0x00000108       0x20 /home/huynhtai/STM32/USART_DMA_FLASH_IWDG/stdperiph.a(stm32f4xx_usart.o)
 .debug_aranges
                0x00000128       0x20 /home/huynhtai/STM32/USART_DMA_FLASH_IWDG/stdperiph.a(stm32f4xx_exti.o)
 .debug_aranges
                0x00000148       0x20 /home/huynhtai/STM32/USART_DMA_FLASH_IWDG/stdperiph.a(stm32f4xx_rcc.o)
 .debug_aranges
                0x00000168       0x20 /home/huynhtai/STM32/USART_DMA_FLASH_IWDG/stdperiph.a(stm32f4xx_syscfg.o)

.debug_line     0x00000000     0x1941
 .debug_line    0x00000000       0x64 startup_stm32f4xx.o
 .debug_line    0x00000064      0x34b main.o
 .debug_line    0x000003af      0x15f stm32f4xx_it.o
 .debug_line    0x0000050e      0x1c8 system_stm32f4xx.o
 .debug_line    0x000006d6      0x288 /home/huynhtai/STM32/USART_DMA_FLASH_IWDG/stdperiph.a(stm32f4xx_gpio.o)
 .debug_line    0x0000095e      0x182 /home/huynhtai/STM32/USART_DMA_FLASH_IWDG/stdperiph.a(stm32f4xx_iwdg.o)
 .debug_line    0x00000ae0      0x19c /home/huynhtai/STM32/USART_DMA_FLASH_IWDG/stdperiph.a(misc.o)
 .debug_line    0x00000c7c      0x2c9 /home/huynhtai/STM32/USART_DMA_FLASH_IWDG/stdperiph.a(stm32f4xx_dma.o)
 .debug_line    0x00000f45      0x36a /home/huynhtai/STM32/USART_DMA_FLASH_IWDG/stdperiph.a(stm32f4xx_usart.o)
 .debug_line    0x000012af      0x1c3 /home/huynhtai/STM32/USART_DMA_FLASH_IWDG/stdperiph.a(stm32f4xx_exti.o)
 .debug_line    0x00001472      0x329 /home/huynhtai/STM32/USART_DMA_FLASH_IWDG/stdperiph.a(stm32f4xx_rcc.o)
 .debug_line    0x0000179b      0x1a6 /home/huynhtai/STM32/USART_DMA_FLASH_IWDG/stdperiph.a(stm32f4xx_syscfg.o)

.debug_str      0x00000000     0x202a
 .debug_str     0x00000000      0x14b startup_stm32f4xx.o
                                0x15d (size before relaxing)
 .debug_str     0x0000014b      0xd25 main.o
                                0xe52 (size before relaxing)
 .debug_str     0x00000e70       0x67 stm32f4xx_it.o
                                0x1b0 (size before relaxing)
 .debug_str     0x00000ed7      0x1c0 system_stm32f4xx.o
                                0x3b2 (size before relaxing)
 .debug_str     0x00001097      0x13e /home/huynhtai/STM32/USART_DMA_FLASH_IWDG/stdperiph.a(stm32f4xx_gpio.o)
                                0x4a3 (size before relaxing)
 .debug_str     0x000011d5       0x7e /home/huynhtai/STM32/USART_DMA_FLASH_IWDG/stdperiph.a(stm32f4xx_iwdg.o)
                                0x258 (size before relaxing)
 .debug_str     0x00001253      0x11d /home/huynhtai/STM32/USART_DMA_FLASH_IWDG/stdperiph.a(misc.o)
                                0x3ac (size before relaxing)
 .debug_str     0x00001370      0x1e9 /home/huynhtai/STM32/USART_DMA_FLASH_IWDG/stdperiph.a(stm32f4xx_dma.o)
                                0x520 (size before relaxing)
 .debug_str     0x00001559      0x3b0 /home/huynhtai/STM32/USART_DMA_FLASH_IWDG/stdperiph.a(stm32f4xx_usart.o)
                                0x6d1 (size before relaxing)
 .debug_str     0x00001909       0x77 /home/huynhtai/STM32/USART_DMA_FLASH_IWDG/stdperiph.a(stm32f4xx_exti.o)
                                0x316 (size before relaxing)
 .debug_str     0x00001980      0x578 /home/huynhtai/STM32/USART_DMA_FLASH_IWDG/stdperiph.a(stm32f4xx_rcc.o)
                                0x981 (size before relaxing)
 .debug_str     0x00001ef8      0x132 /home/huynhtai/STM32/USART_DMA_FLASH_IWDG/stdperiph.a(stm32f4xx_syscfg.o)
                                0x311 (size before relaxing)

.comment        0x00000000       0x6e
 .comment       0x00000000       0x6e startup_stm32f4xx.o
                                 0x6f (size before relaxing)
 .comment       0x0000006e       0x6f main.o
 .comment       0x0000006e       0x6f stm32f4xx_it.o
 .comment       0x0000006e       0x6f system_stm32f4xx.o
 .comment       0x0000006e       0x6f /home/huynhtai/STM32/USART_DMA_FLASH_IWDG/stdperiph.a(stm32f4xx_gpio.o)
 .comment       0x0000006e       0x6f /home/huynhtai/STM32/USART_DMA_FLASH_IWDG/stdperiph.a(stm32f4xx_iwdg.o)
 .comment       0x0000006e       0x6f /home/huynhtai/STM32/USART_DMA_FLASH_IWDG/stdperiph.a(misc.o)
 .comment       0x0000006e       0x6f /home/huynhtai/STM32/USART_DMA_FLASH_IWDG/stdperiph.a(stm32f4xx_dma.o)
 .comment       0x0000006e       0x6f /home/huynhtai/STM32/USART_DMA_FLASH_IWDG/stdperiph.a(stm32f4xx_usart.o)
 .comment       0x0000006e       0x6f /home/huynhtai/STM32/USART_DMA_FLASH_IWDG/stdperiph.a(stm32f4xx_exti.o)
 .comment       0x0000006e       0x6f /home/huynhtai/STM32/USART_DMA_FLASH_IWDG/stdperiph.a(stm32f4xx_rcc.o)
 .comment       0x0000006e       0x6f /home/huynhtai/STM32/USART_DMA_FLASH_IWDG/stdperiph.a(stm32f4xx_syscfg.o)

.ARM.attributes
                0x00000000       0x31
 .ARM.attributes
                0x00000000       0x33 startup_stm32f4xx.o
 .ARM.attributes
                0x00000033       0x33 main.o
 .ARM.attributes
                0x00000066       0x33 stm32f4xx_it.o
 .ARM.attributes
                0x00000099       0x33 system_stm32f4xx.o
 .ARM.attributes
                0x000000cc       0x33 /home/huynhtai/STM32/USART_DMA_FLASH_IWDG/stdperiph.a(stm32f4xx_gpio.o)
 .ARM.attributes
                0x000000ff       0x33 /home/huynhtai/STM32/USART_DMA_FLASH_IWDG/stdperiph.a(stm32f4xx_iwdg.o)
 .ARM.attributes
                0x00000132       0x33 /home/huynhtai/STM32/USART_DMA_FLASH_IWDG/stdperiph.a(misc.o)
 .ARM.attributes
                0x00000165       0x33 /home/huynhtai/STM32/USART_DMA_FLASH_IWDG/stdperiph.a(stm32f4xx_dma.o)
 .ARM.attributes
                0x00000198       0x33 /home/huynhtai/STM32/USART_DMA_FLASH_IWDG/stdperiph.a(stm32f4xx_usart.o)
 .ARM.attributes
                0x000001cb       0x33 /home/huynhtai/STM32/USART_DMA_FLASH_IWDG/stdperiph.a(stm32f4xx_exti.o)
 .ARM.attributes
                0x000001fe       0x33 /home/huynhtai/STM32/USART_DMA_FLASH_IWDG/stdperiph.a(stm32f4xx_rcc.o)
 .ARM.attributes
                0x00000231       0x33 /home/huynhtai/STM32/USART_DMA_FLASH_IWDG/stdperiph.a(stm32f4xx_syscfg.o)

.debug_frame    0x00000000      0xd50
 .debug_frame   0x00000000       0x40 startup_stm32f4xx.o
 .debug_frame   0x00000040       0xec main.o
 .debug_frame   0x0000012c       0xa0 stm32f4xx_it.o
 .debug_frame   0x000001cc       0x3c system_stm32f4xx.o
 .debug_frame   0x00000208      0x174 /home/huynhtai/STM32/USART_DMA_FLASH_IWDG/stdperiph.a(stm32f4xx_gpio.o)
 .debug_frame   0x0000037c       0x70 /home/huynhtai/STM32/USART_DMA_FLASH_IWDG/stdperiph.a(stm32f4xx_iwdg.o)
 .debug_frame   0x000003ec       0x70 /home/huynhtai/STM32/USART_DMA_FLASH_IWDG/stdperiph.a(misc.o)
 .debug_frame   0x0000045c      0x1a8 /home/huynhtai/STM32/USART_DMA_FLASH_IWDG/stdperiph.a(stm32f4xx_dma.o)
 .debug_frame   0x00000604      0x284 /home/huynhtai/STM32/USART_DMA_FLASH_IWDG/stdperiph.a(stm32f4xx_usart.o)
 .debug_frame   0x00000888       0xb4 /home/huynhtai/STM32/USART_DMA_FLASH_IWDG/stdperiph.a(stm32f4xx_exti.o)
 .debug_frame   0x0000093c      0x37c /home/huynhtai/STM32/USART_DMA_FLASH_IWDG/stdperiph.a(stm32f4xx_rcc.o)
 .debug_frame   0x00000cb8       0x98 /home/huynhtai/STM32/USART_DMA_FLASH_IWDG/stdperiph.a(stm32f4xx_syscfg.o)

.debug_ranges   0x00000000       0x80
 .debug_ranges  0x00000000       0x18 main.o
 .debug_ranges  0x00000018       0x18 system_stm32f4xx.o
 .debug_ranges  0x00000030       0x30 /home/huynhtai/STM32/USART_DMA_FLASH_IWDG/stdperiph.a(stm32f4xx_usart.o)
 .debug_ranges  0x00000060       0x20 /home/huynhtai/STM32/USART_DMA_FLASH_IWDG/stdperiph.a(stm32f4xx_rcc.o)

Cross Reference Table

Symbol                                            File
ADC_IRQHandler                                    startup_stm32f4xx.o
AHBPrescTable                                     system_stm32f4xx.o
Address                                           main.o
BusFault_Handler                                  startup_stm32f4xx.o
CAN1_RX0_IRQHandler                               startup_stm32f4xx.o
CAN1_RX1_IRQHandler                               startup_stm32f4xx.o
CAN1_SCE_IRQHandler                               startup_stm32f4xx.o
CAN1_TX_IRQHandler                                startup_stm32f4xx.o
CAN2_RX0_IRQHandler                               startup_stm32f4xx.o
CAN2_RX1_IRQHandler                               startup_stm32f4xx.o
CAN2_SCE_IRQHandler                               startup_stm32f4xx.o
CAN2_TX_IRQHandler                                startup_stm32f4xx.o
CRYP_IRQHandler                                   startup_stm32f4xx.o
DCMI_IRQHandler                                   startup_stm32f4xx.o
DMA1_Stream0_IRQHandler                           startup_stm32f4xx.o
DMA1_Stream1_IRQHandler                           startup_stm32f4xx.o
DMA1_Stream2_IRQHandler                           startup_stm32f4xx.o
DMA1_Stream3_IRQHandler                           startup_stm32f4xx.o
DMA1_Stream4_IRQHandler                           startup_stm32f4xx.o
DMA1_Stream5_IRQHandler                           main.o
                                                  startup_stm32f4xx.o
DMA1_Stream6_IRQHandler                           main.o
                                                  startup_stm32f4xx.o
DMA1_Stream7_IRQHandler                           startup_stm32f4xx.o
DMA2_Stream0_IRQHandler                           startup_stm32f4xx.o
DMA2_Stream1_IRQHandler                           startup_stm32f4xx.o
DMA2_Stream2_IRQHandler                           startup_stm32f4xx.o
DMA2_Stream3_IRQHandler                           startup_stm32f4xx.o
DMA2_Stream4_IRQHandler                           startup_stm32f4xx.o
DMA2_Stream5_IRQHandler                           startup_stm32f4xx.o
DMA2_Stream6_IRQHandler                           startup_stm32f4xx.o
DMA2_Stream7_IRQHandler                           startup_stm32f4xx.o
DMA_ClearFlag                                     /home/huynhtai/STM32/USART_DMA_FLASH_IWDG/stdperiph.a(stm32f4xx_dma.o)
DMA_ClearITPendingBit                             /home/huynhtai/STM32/USART_DMA_FLASH_IWDG/stdperiph.a(stm32f4xx_dma.o)
                                                  main.o
DMA_Cmd                                           /home/huynhtai/STM32/USART_DMA_FLASH_IWDG/stdperiph.a(stm32f4xx_dma.o)
                                                  main.o
DMA_DeInit                                        /home/huynhtai/STM32/USART_DMA_FLASH_IWDG/stdperiph.a(stm32f4xx_dma.o)
                                                  main.o
DMA_DoubleBufferModeCmd                           /home/huynhtai/STM32/USART_DMA_FLASH_IWDG/stdperiph.a(stm32f4xx_dma.o)
DMA_DoubleBufferModeConfig                        /home/huynhtai/STM32/USART_DMA_FLASH_IWDG/stdperiph.a(stm32f4xx_dma.o)
DMA_FlowControllerConfig                          /home/huynhtai/STM32/USART_DMA_FLASH_IWDG/stdperiph.a(stm32f4xx_dma.o)
DMA_GetCmdStatus                                  /home/huynhtai/STM32/USART_DMA_FLASH_IWDG/stdperiph.a(stm32f4xx_dma.o)
DMA_GetCurrDataCounter                            /home/huynhtai/STM32/USART_DMA_FLASH_IWDG/stdperiph.a(stm32f4xx_dma.o)
DMA_GetCurrentMemoryTarget                        /home/huynhtai/STM32/USART_DMA_FLASH_IWDG/stdperiph.a(stm32f4xx_dma.o)
DMA_GetFIFOStatus                                 /home/huynhtai/STM32/USART_DMA_FLASH_IWDG/stdperiph.a(stm32f4xx_dma.o)
DMA_GetFlagStatus                                 /home/huynhtai/STM32/USART_DMA_FLASH_IWDG/stdperiph.a(stm32f4xx_dma.o)
DMA_GetITStatus                                   /home/huynhtai/STM32/USART_DMA_FLASH_IWDG/stdperiph.a(stm32f4xx_dma.o)
                                                  main.o
DMA_ITConfig                                      /home/huynhtai/STM32/USART_DMA_FLASH_IWDG/stdperiph.a(stm32f4xx_dma.o)
                                                  main.o
DMA_Init                                          /home/huynhtai/STM32/USART_DMA_FLASH_IWDG/stdperiph.a(stm32f4xx_dma.o)
                                                  main.o
DMA_InitStructure1                                main.o
DMA_MemoryTargetConfig                            /home/huynhtai/STM32/USART_DMA_FLASH_IWDG/stdperiph.a(stm32f4xx_dma.o)
DMA_PeriphIncOffsetSizeConfig                     /home/huynhtai/STM32/USART_DMA_FLASH_IWDG/stdperiph.a(stm32f4xx_dma.o)
DMA_SetCurrDataCounter                            /home/huynhtai/STM32/USART_DMA_FLASH_IWDG/stdperiph.a(stm32f4xx_dma.o)
DMA_StructInit                                    /home/huynhtai/STM32/USART_DMA_FLASH_IWDG/stdperiph.a(stm32f4xx_dma.o)
DebugMon_Handler                                  startup_stm32f4xx.o
Default_Handler                                   startup_stm32f4xx.o
EEPROM_DeInit                                     EEPROM.o
EEPROM_Init                                       EEPROM.o
EEPROM_ReadByte                                   EEPROM.o
EEPROM_WriteByte                                  EEPROM.o
ETH_IRQHandler                                    startup_stm32f4xx.o
ETH_WKUP_IRQHandler                               startup_stm32f4xx.o
EXTI0_IRQHandler                                  main.o
                                                  startup_stm32f4xx.o
EXTI15_10_IRQHandler                              startup_stm32f4xx.o
EXTI1_IRQHandler                                  startup_stm32f4xx.o
EXTI2_IRQHandler                                  startup_stm32f4xx.o
EXTI3_IRQHandler                                  startup_stm32f4xx.o
EXTI4_IRQHandler                                  startup_stm32f4xx.o
EXTI9_5_IRQHandler                                startup_stm32f4xx.o
EXTI_ClearFlag                                    /home/huynhtai/STM32/USART_DMA_FLASH_IWDG/stdperiph.a(stm32f4xx_exti.o)
EXTI_ClearITPendingBit                            /home/huynhtai/STM32/USART_DMA_FLASH_IWDG/stdperiph.a(stm32f4xx_exti.o)
                                                  main.o
EXTI_DeInit                                       /home/huynhtai/STM32/USART_DMA_FLASH_IWDG/stdperiph.a(stm32f4xx_exti.o)
EXTI_GenerateSWInterrupt                          /home/huynhtai/STM32/USART_DMA_FLASH_IWDG/stdperiph.a(stm32f4xx_exti.o)
EXTI_GetFlagStatus                                /home/huynhtai/STM32/USART_DMA_FLASH_IWDG/stdperiph.a(stm32f4xx_exti.o)
EXTI_GetITStatus                                  /home/huynhtai/STM32/USART_DMA_FLASH_IWDG/stdperiph.a(stm32f4xx_exti.o)
                                                  main.o
EXTI_Init                                         /home/huynhtai/STM32/USART_DMA_FLASH_IWDG/stdperiph.a(stm32f4xx_exti.o)
                                                  main.o
EXTI_StructInit                                   /home/huynhtai/STM32/USART_DMA_FLASH_IWDG/stdperiph.a(stm32f4xx_exti.o)
FLASH_ClearFlag                                   /home/huynhtai/STM32/USART_DMA_FLASH_IWDG/stdperiph.a(stm32f4xx_flash.o)
                                                  EEPROM.o
FLASH_DataCacheCmd                                /home/huynhtai/STM32/USART_DMA_FLASH_IWDG/stdperiph.a(stm32f4xx_flash.o)
FLASH_DataCacheReset                              /home/huynhtai/STM32/USART_DMA_FLASH_IWDG/stdperiph.a(stm32f4xx_flash.o)
FLASH_EraseAllBank1Sectors                        /home/huynhtai/STM32/USART_DMA_FLASH_IWDG/stdperiph.a(stm32f4xx_flash.o)
FLASH_EraseAllBank2Sectors                        /home/huynhtai/STM32/USART_DMA_FLASH_IWDG/stdperiph.a(stm32f4xx_flash.o)
FLASH_EraseAllSectors                             /home/huynhtai/STM32/USART_DMA_FLASH_IWDG/stdperiph.a(stm32f4xx_flash.o)
FLASH_EraseSector                                 /home/huynhtai/STM32/USART_DMA_FLASH_IWDG/stdperiph.a(stm32f4xx_flash.o)
                                                  EEPROM.o
FLASH_GetFlagStatus                               /home/huynhtai/STM32/USART_DMA_FLASH_IWDG/stdperiph.a(stm32f4xx_flash.o)
FLASH_GetStatus                                   /home/huynhtai/STM32/USART_DMA_FLASH_IWDG/stdperiph.a(stm32f4xx_flash.o)
FLASH_IRQHandler                                  startup_stm32f4xx.o
FLASH_ITConfig                                    /home/huynhtai/STM32/USART_DMA_FLASH_IWDG/stdperiph.a(stm32f4xx_flash.o)
FLASH_InstructionCacheCmd                         /home/huynhtai/STM32/USART_DMA_FLASH_IWDG/stdperiph.a(stm32f4xx_flash.o)
FLASH_InstructionCacheReset                       /home/huynhtai/STM32/USART_DMA_FLASH_IWDG/stdperiph.a(stm32f4xx_flash.o)
FLASH_Lock                                        /home/huynhtai/STM32/USART_DMA_FLASH_IWDG/stdperiph.a(stm32f4xx_flash.o)
                                                  EEPROM.o
FLASH_OB_BORConfig                                /home/huynhtai/STM32/USART_DMA_FLASH_IWDG/stdperiph.a(stm32f4xx_flash.o)
FLASH_OB_BootConfig                               /home/huynhtai/STM32/USART_DMA_FLASH_IWDG/stdperiph.a(stm32f4xx_flash.o)
FLASH_OB_GetBOR                                   /home/huynhtai/STM32/USART_DMA_FLASH_IWDG/stdperiph.a(stm32f4xx_flash.o)
FLASH_OB_GetPCROP                                 /home/huynhtai/STM32/USART_DMA_FLASH_IWDG/stdperiph.a(stm32f4xx_flash.o)
FLASH_OB_GetPCROP1                                /home/huynhtai/STM32/USART_DMA_FLASH_IWDG/stdperiph.a(stm32f4xx_flash.o)
FLASH_OB_GetRDP                                   /home/huynhtai/STM32/USART_DMA_FLASH_IWDG/stdperiph.a(stm32f4xx_flash.o)
FLASH_OB_GetUser                                  /home/huynhtai/STM32/USART_DMA_FLASH_IWDG/stdperiph.a(stm32f4xx_flash.o)
FLASH_OB_GetWRP                                   /home/huynhtai/STM32/USART_DMA_FLASH_IWDG/stdperiph.a(stm32f4xx_flash.o)
FLASH_OB_GetWRP1                                  /home/huynhtai/STM32/USART_DMA_FLASH_IWDG/stdperiph.a(stm32f4xx_flash.o)
FLASH_OB_Launch                                   /home/huynhtai/STM32/USART_DMA_FLASH_IWDG/stdperiph.a(stm32f4xx_flash.o)
FLASH_OB_Lock                                     /home/huynhtai/STM32/USART_DMA_FLASH_IWDG/stdperiph.a(stm32f4xx_flash.o)
FLASH_OB_PCROP1Config                             /home/huynhtai/STM32/USART_DMA_FLASH_IWDG/stdperiph.a(stm32f4xx_flash.o)
FLASH_OB_PCROPConfig                              /home/huynhtai/STM32/USART_DMA_FLASH_IWDG/stdperiph.a(stm32f4xx_flash.o)
FLASH_OB_PCROPSelectionConfig                     /home/huynhtai/STM32/USART_DMA_FLASH_IWDG/stdperiph.a(stm32f4xx_flash.o)
FLASH_OB_RDPConfig                                /home/huynhtai/STM32/USART_DMA_FLASH_IWDG/stdperiph.a(stm32f4xx_flash.o)
FLASH_OB_Unlock                                   /home/huynhtai/STM32/USART_DMA_FLASH_IWDG/stdperiph.a(stm32f4xx_flash.o)
FLASH_OB_UserConfig                               /home/huynhtai/STM32/USART_DMA_FLASH_IWDG/stdperiph.a(stm32f4xx_flash.o)
FLASH_OB_WRP1Config                               /home/huynhtai/STM32/USART_DMA_FLASH_IWDG/stdperiph.a(stm32f4xx_flash.o)
FLASH_OB_WRPConfig                                /home/huynhtai/STM32/USART_DMA_FLASH_IWDG/stdperiph.a(stm32f4xx_flash.o)
FLASH_PrefetchBufferCmd                           /home/huynhtai/STM32/USART_DMA_FLASH_IWDG/stdperiph.a(stm32f4xx_flash.o)
FLASH_ProgramByte                                 /home/huynhtai/STM32/USART_DMA_FLASH_IWDG/stdperiph.a(stm32f4xx_flash.o)
FLASH_ProgramDoubleWord                           /home/huynhtai/STM32/USART_DMA_FLASH_IWDG/stdperiph.a(stm32f4xx_flash.o)
FLASH_ProgramHalfWord                             /home/huynhtai/STM32/USART_DMA_FLASH_IWDG/stdperiph.a(stm32f4xx_flash.o)
                                                  EEPROM.o
FLASH_ProgramWord                                 /home/huynhtai/STM32/USART_DMA_FLASH_IWDG/stdperiph.a(stm32f4xx_flash.o)
FLASH_SetLatency                                  /home/huynhtai/STM32/USART_DMA_FLASH_IWDG/stdperiph.a(stm32f4xx_flash.o)
FLASH_Unlock                                      /home/huynhtai/STM32/USART_DMA_FLASH_IWDG/stdperiph.a(stm32f4xx_flash.o)
                                                  EEPROM.o
FLASH_WaitForLastOperation                        /home/huynhtai/STM32/USART_DMA_FLASH_IWDG/stdperiph.a(stm32f4xx_flash.o)
FPU_IRQHandler                                    startup_stm32f4xx.o
FSMC_IRQHandler                                   startup_stm32f4xx.o
GPIO_DeInit                                       /home/huynhtai/STM32/USART_DMA_FLASH_IWDG/stdperiph.a(stm32f4xx_gpio.o)
GPIO_Init                                         /home/huynhtai/STM32/USART_DMA_FLASH_IWDG/stdperiph.a(stm32f4xx_gpio.o)
                                                  main.o
GPIO_PinAFConfig                                  /home/huynhtai/STM32/USART_DMA_FLASH_IWDG/stdperiph.a(stm32f4xx_gpio.o)
                                                  main.o
GPIO_PinLockConfig                                /home/huynhtai/STM32/USART_DMA_FLASH_IWDG/stdperiph.a(stm32f4xx_gpio.o)
GPIO_ReadInputData                                /home/huynhtai/STM32/USART_DMA_FLASH_IWDG/stdperiph.a(stm32f4xx_gpio.o)
GPIO_ReadInputDataBit                             /home/huynhtai/STM32/USART_DMA_FLASH_IWDG/stdperiph.a(stm32f4xx_gpio.o)
GPIO_ReadOutputData                               /home/huynhtai/STM32/USART_DMA_FLASH_IWDG/stdperiph.a(stm32f4xx_gpio.o)
GPIO_ReadOutputDataBit                            /home/huynhtai/STM32/USART_DMA_FLASH_IWDG/stdperiph.a(stm32f4xx_gpio.o)
GPIO_ResetBits                                    /home/huynhtai/STM32/USART_DMA_FLASH_IWDG/stdperiph.a(stm32f4xx_gpio.o)
GPIO_SetBits                                      /home/huynhtai/STM32/USART_DMA_FLASH_IWDG/stdperiph.a(stm32f4xx_gpio.o)
GPIO_StructInit                                   /home/huynhtai/STM32/USART_DMA_FLASH_IWDG/stdperiph.a(stm32f4xx_gpio.o)
GPIO_ToggleBits                                   /home/huynhtai/STM32/USART_DMA_FLASH_IWDG/stdperiph.a(stm32f4xx_gpio.o)
                                                  main.o
GPIO_Write                                        /home/huynhtai/STM32/USART_DMA_FLASH_IWDG/stdperiph.a(stm32f4xx_gpio.o)
GPIO_WriteBit                                     /home/huynhtai/STM32/USART_DMA_FLASH_IWDG/stdperiph.a(stm32f4xx_gpio.o)
                                                  main.o
HASH_RNG_IRQHandler                               startup_stm32f4xx.o
HardFault_Handler                                 stm32f4xx_it.o
                                                  startup_stm32f4xx.o
I2C1_ER_IRQHandler                                startup_stm32f4xx.o
I2C1_EV_IRQHandler                                startup_stm32f4xx.o
I2C2_ER_IRQHandler                                startup_stm32f4xx.o
I2C2_EV_IRQHandler                                startup_stm32f4xx.o
I2C3_ER_IRQHandler                                startup_stm32f4xx.o
I2C3_EV_IRQHandler                                startup_stm32f4xx.o
IWDG_Enable                                       /home/huynhtai/STM32/USART_DMA_FLASH_IWDG/stdperiph.a(stm32f4xx_iwdg.o)
IWDG_GetFlagStatus                                /home/huynhtai/STM32/USART_DMA_FLASH_IWDG/stdperiph.a(stm32f4xx_iwdg.o)
IWDG_ReloadCounter                                /home/huynhtai/STM32/USART_DMA_FLASH_IWDG/stdperiph.a(stm32f4xx_iwdg.o)
IWDG_SetPrescaler                                 /home/huynhtai/STM32/USART_DMA_FLASH_IWDG/stdperiph.a(stm32f4xx_iwdg.o)
                                                  main.o
IWDG_SetReload                                    /home/huynhtai/STM32/USART_DMA_FLASH_IWDG/stdperiph.a(stm32f4xx_iwdg.o)
                                                  main.o
IWDG_WriteAccessCmd                               /home/huynhtai/STM32/USART_DMA_FLASH_IWDG/stdperiph.a(stm32f4xx_iwdg.o)
                                                  main.o
MemManage_Handler                                 startup_stm32f4xx.o
NMI_Handler                                       stm32f4xx_it.o
                                                  startup_stm32f4xx.o
NVIC_Init                                         /home/huynhtai/STM32/USART_DMA_FLASH_IWDG/stdperiph.a(misc.o)
                                                  main.o
NVIC_PriorityGroupConfig                          /home/huynhtai/STM32/USART_DMA_FLASH_IWDG/stdperiph.a(misc.o)
NVIC_SetVectorTable                               /home/huynhtai/STM32/USART_DMA_FLASH_IWDG/stdperiph.a(misc.o)
NVIC_SystemLPConfig                               /home/huynhtai/STM32/USART_DMA_FLASH_IWDG/stdperiph.a(misc.o)
OTG_FS_IRQHandler                                 startup_stm32f4xx.o
OTG_FS_WKUP_IRQHandler                            startup_stm32f4xx.o
OTG_HS_EP1_IN_IRQHandler                          startup_stm32f4xx.o
OTG_HS_EP1_OUT_IRQHandler                         startup_stm32f4xx.o
OTG_HS_IRQHandler                                 startup_stm32f4xx.o
OTG_HS_WKUP_IRQHandler                            startup_stm32f4xx.o
PVD_IRQHandler                                    startup_stm32f4xx.o
PendSV_Handler                                    startup_stm32f4xx.o
RCC_AHB1PeriphClockCmd                            /home/huynhtai/STM32/USART_DMA_FLASH_IWDG/stdperiph.a(stm32f4xx_rcc.o)
                                                  main.o
RCC_AHB1PeriphClockLPModeCmd                      /home/huynhtai/STM32/USART_DMA_FLASH_IWDG/stdperiph.a(stm32f4xx_rcc.o)
RCC_AHB1PeriphResetCmd                            /home/huynhtai/STM32/USART_DMA_FLASH_IWDG/stdperiph.a(stm32f4xx_rcc.o)
                                                  /home/huynhtai/STM32/USART_DMA_FLASH_IWDG/stdperiph.a(stm32f4xx_gpio.o)
RCC_AHB2PeriphClockCmd                            /home/huynhtai/STM32/USART_DMA_FLASH_IWDG/stdperiph.a(stm32f4xx_rcc.o)
RCC_AHB2PeriphClockLPModeCmd                      /home/huynhtai/STM32/USART_DMA_FLASH_IWDG/stdperiph.a(stm32f4xx_rcc.o)
RCC_AHB2PeriphResetCmd                            /home/huynhtai/STM32/USART_DMA_FLASH_IWDG/stdperiph.a(stm32f4xx_rcc.o)
RCC_AHB3PeriphClockCmd                            /home/huynhtai/STM32/USART_DMA_FLASH_IWDG/stdperiph.a(stm32f4xx_rcc.o)
RCC_AHB3PeriphClockLPModeCmd                      /home/huynhtai/STM32/USART_DMA_FLASH_IWDG/stdperiph.a(stm32f4xx_rcc.o)
RCC_AHB3PeriphResetCmd                            /home/huynhtai/STM32/USART_DMA_FLASH_IWDG/stdperiph.a(stm32f4xx_rcc.o)
RCC_APB1PeriphClockCmd                            /home/huynhtai/STM32/USART_DMA_FLASH_IWDG/stdperiph.a(stm32f4xx_rcc.o)
                                                  main.o
RCC_APB1PeriphClockLPModeCmd                      /home/huynhtai/STM32/USART_DMA_FLASH_IWDG/stdperiph.a(stm32f4xx_rcc.o)
RCC_APB1PeriphResetCmd                            /home/huynhtai/STM32/USART_DMA_FLASH_IWDG/stdperiph.a(stm32f4xx_rcc.o)
                                                  /home/huynhtai/STM32/USART_DMA_FLASH_IWDG/stdperiph.a(stm32f4xx_usart.o)
RCC_APB2PeriphClockCmd                            /home/huynhtai/STM32/USART_DMA_FLASH_IWDG/stdperiph.a(stm32f4xx_rcc.o)
                                                  main.o
RCC_APB2PeriphClockLPModeCmd                      /home/huynhtai/STM32/USART_DMA_FLASH_IWDG/stdperiph.a(stm32f4xx_rcc.o)
RCC_APB2PeriphResetCmd                            /home/huynhtai/STM32/USART_DMA_FLASH_IWDG/stdperiph.a(stm32f4xx_rcc.o)
                                                  /home/huynhtai/STM32/USART_DMA_FLASH_IWDG/stdperiph.a(stm32f4xx_syscfg.o)
                                                  /home/huynhtai/STM32/USART_DMA_FLASH_IWDG/stdperiph.a(stm32f4xx_usart.o)
RCC_AdjustHSICalibrationValue                     /home/huynhtai/STM32/USART_DMA_FLASH_IWDG/stdperiph.a(stm32f4xx_rcc.o)
RCC_BackupResetCmd                                /home/huynhtai/STM32/USART_DMA_FLASH_IWDG/stdperiph.a(stm32f4xx_rcc.o)
RCC_ClearFlag                                     /home/huynhtai/STM32/USART_DMA_FLASH_IWDG/stdperiph.a(stm32f4xx_rcc.o)
RCC_ClearITPendingBit                             /home/huynhtai/STM32/USART_DMA_FLASH_IWDG/stdperiph.a(stm32f4xx_rcc.o)
RCC_ClockSecuritySystemCmd                        /home/huynhtai/STM32/USART_DMA_FLASH_IWDG/stdperiph.a(stm32f4xx_rcc.o)
RCC_DeInit                                        /home/huynhtai/STM32/USART_DMA_FLASH_IWDG/stdperiph.a(stm32f4xx_rcc.o)
RCC_GetClocksFreq                                 /home/huynhtai/STM32/USART_DMA_FLASH_IWDG/stdperiph.a(stm32f4xx_rcc.o)
                                                  /home/huynhtai/STM32/USART_DMA_FLASH_IWDG/stdperiph.a(stm32f4xx_usart.o)
RCC_GetFlagStatus                                 /home/huynhtai/STM32/USART_DMA_FLASH_IWDG/stdperiph.a(stm32f4xx_rcc.o)
RCC_GetITStatus                                   /home/huynhtai/STM32/USART_DMA_FLASH_IWDG/stdperiph.a(stm32f4xx_rcc.o)
RCC_GetSYSCLKSource                               /home/huynhtai/STM32/USART_DMA_FLASH_IWDG/stdperiph.a(stm32f4xx_rcc.o)
RCC_HCLKConfig                                    /home/huynhtai/STM32/USART_DMA_FLASH_IWDG/stdperiph.a(stm32f4xx_rcc.o)
RCC_HSEConfig                                     /home/huynhtai/STM32/USART_DMA_FLASH_IWDG/stdperiph.a(stm32f4xx_rcc.o)
RCC_HSICmd                                        /home/huynhtai/STM32/USART_DMA_FLASH_IWDG/stdperiph.a(stm32f4xx_rcc.o)
RCC_I2SCLKConfig                                  /home/huynhtai/STM32/USART_DMA_FLASH_IWDG/stdperiph.a(stm32f4xx_rcc.o)
RCC_IRQHandler                                    startup_stm32f4xx.o
RCC_ITConfig                                      /home/huynhtai/STM32/USART_DMA_FLASH_IWDG/stdperiph.a(stm32f4xx_rcc.o)
RCC_LSEConfig                                     /home/huynhtai/STM32/USART_DMA_FLASH_IWDG/stdperiph.a(stm32f4xx_rcc.o)
RCC_LSICmd                                        /home/huynhtai/STM32/USART_DMA_FLASH_IWDG/stdperiph.a(stm32f4xx_rcc.o)
RCC_LTDCCLKDivConfig                              /home/huynhtai/STM32/USART_DMA_FLASH_IWDG/stdperiph.a(stm32f4xx_rcc.o)
RCC_MCO1Config                                    /home/huynhtai/STM32/USART_DMA_FLASH_IWDG/stdperiph.a(stm32f4xx_rcc.o)
RCC_MCO2Config                                    /home/huynhtai/STM32/USART_DMA_FLASH_IWDG/stdperiph.a(stm32f4xx_rcc.o)
RCC_PCLK1Config                                   /home/huynhtai/STM32/USART_DMA_FLASH_IWDG/stdperiph.a(stm32f4xx_rcc.o)
RCC_PCLK2Config                                   /home/huynhtai/STM32/USART_DMA_FLASH_IWDG/stdperiph.a(stm32f4xx_rcc.o)
RCC_PLLCmd                                        /home/huynhtai/STM32/USART_DMA_FLASH_IWDG/stdperiph.a(stm32f4xx_rcc.o)
RCC_PLLConfig                                     /home/huynhtai/STM32/USART_DMA_FLASH_IWDG/stdperiph.a(stm32f4xx_rcc.o)
RCC_PLLI2SCmd                                     /home/huynhtai/STM32/USART_DMA_FLASH_IWDG/stdperiph.a(stm32f4xx_rcc.o)
RCC_PLLI2SConfig                                  /home/huynhtai/STM32/USART_DMA_FLASH_IWDG/stdperiph.a(stm32f4xx_rcc.o)
RCC_PLLSAICmd                                     /home/huynhtai/STM32/USART_DMA_FLASH_IWDG/stdperiph.a(stm32f4xx_rcc.o)
RCC_PLLSAIConfig                                  /home/huynhtai/STM32/USART_DMA_FLASH_IWDG/stdperiph.a(stm32f4xx_rcc.o)
RCC_RTCCLKCmd                                     /home/huynhtai/STM32/USART_DMA_FLASH_IWDG/stdperiph.a(stm32f4xx_rcc.o)
RCC_RTCCLKConfig                                  /home/huynhtai/STM32/USART_DMA_FLASH_IWDG/stdperiph.a(stm32f4xx_rcc.o)
RCC_SAIBlockACLKConfig                            /home/huynhtai/STM32/USART_DMA_FLASH_IWDG/stdperiph.a(stm32f4xx_rcc.o)
RCC_SAIBlockBCLKConfig                            /home/huynhtai/STM32/USART_DMA_FLASH_IWDG/stdperiph.a(stm32f4xx_rcc.o)
RCC_SAIPLLI2SClkDivConfig                         /home/huynhtai/STM32/USART_DMA_FLASH_IWDG/stdperiph.a(stm32f4xx_rcc.o)
RCC_SAIPLLSAIClkDivConfig                         /home/huynhtai/STM32/USART_DMA_FLASH_IWDG/stdperiph.a(stm32f4xx_rcc.o)
RCC_SYSCLKConfig                                  /home/huynhtai/STM32/USART_DMA_FLASH_IWDG/stdperiph.a(stm32f4xx_rcc.o)
RCC_TIMCLKPresConfig                              /home/huynhtai/STM32/USART_DMA_FLASH_IWDG/stdperiph.a(stm32f4xx_rcc.o)
RCC_WaitForHSEStartUp                             /home/huynhtai/STM32/USART_DMA_FLASH_IWDG/stdperiph.a(stm32f4xx_rcc.o)
RTC_Alarm_IRQHandler                              startup_stm32f4xx.o
RTC_WKUP_IRQHandler                               startup_stm32f4xx.o
Reset_Handler                                     startup_stm32f4xx.o
RxBuffer                                          main.o
RxBuffer1                                         main.o
SDIO_IRQHandler                                   startup_stm32f4xx.o
SPI1_IRQHandler                                   startup_stm32f4xx.o
SPI2_IRQHandler                                   startup_stm32f4xx.o
SPI3_IRQHandler                                   startup_stm32f4xx.o
SVC_Handler                                       startup_stm32f4xx.o
SYSCFG_CompensationCellCmd                        /home/huynhtai/STM32/USART_DMA_FLASH_IWDG/stdperiph.a(stm32f4xx_syscfg.o)
SYSCFG_DeInit                                     /home/huynhtai/STM32/USART_DMA_FLASH_IWDG/stdperiph.a(stm32f4xx_syscfg.o)
SYSCFG_ETH_MediaInterfaceConfig                   /home/huynhtai/STM32/USART_DMA_FLASH_IWDG/stdperiph.a(stm32f4xx_syscfg.o)
SYSCFG_EXTILineConfig                             /home/huynhtai/STM32/USART_DMA_FLASH_IWDG/stdperiph.a(stm32f4xx_syscfg.o)
                                                  main.o
SYSCFG_GetCompensationCellStatus                  /home/huynhtai/STM32/USART_DMA_FLASH_IWDG/stdperiph.a(stm32f4xx_syscfg.o)
SYSCFG_MemoryRemapConfig                          /home/huynhtai/STM32/USART_DMA_FLASH_IWDG/stdperiph.a(stm32f4xx_syscfg.o)
SYSCFG_MemorySwappingBank                         /home/huynhtai/STM32/USART_DMA_FLASH_IWDG/stdperiph.a(stm32f4xx_syscfg.o)
SysTick_CLKSourceConfig                           /home/huynhtai/STM32/USART_DMA_FLASH_IWDG/stdperiph.a(misc.o)
SysTick_Handler                                   startup_stm32f4xx.o
SystemCoreClock                                   system_stm32f4xx.o
SystemCoreClockUpdate                             system_stm32f4xx.o
SystemInit                                        system_stm32f4xx.o
                                                  main.o
                                                  startup_stm32f4xx.o
TAMP_STAMP_IRQHandler                             startup_stm32f4xx.o
TIM1_BRK_TIM9_IRQHandler                          startup_stm32f4xx.o
TIM1_CC_IRQHandler                                startup_stm32f4xx.o
TIM1_TRG_COM_TIM11_IRQHandler                     startup_stm32f4xx.o
TIM1_UP_TIM10_IRQHandler                          startup_stm32f4xx.o
TIM2_IRQHandler                                   startup_stm32f4xx.o
TIM3_IRQHandler                                   startup_stm32f4xx.o
TIM4_IRQHandler                                   startup_stm32f4xx.o
TIM5_IRQHandler                                   startup_stm32f4xx.o
TIM6_DAC_IRQHandler                               startup_stm32f4xx.o
TIM7_IRQHandler                                   startup_stm32f4xx.o
TIM8_BRK_TIM12_IRQHandler                         startup_stm32f4xx.o
TIM8_CC_IRQHandler                                startup_stm32f4xx.o
TIM8_TRG_COM_TIM14_IRQHandler                     startup_stm32f4xx.o
TIM8_UP_TIM13_IRQHandler                          startup_stm32f4xx.o
UART4_IRQHandler                                  startup_stm32f4xx.o
UART5_IRQHandler                                  startup_stm32f4xx.o
USART1_IRQHandler                                 startup_stm32f4xx.o
USART2_IRQHandler                                 main.o
                                                  startup_stm32f4xx.o
USART3_IRQHandler                                 startup_stm32f4xx.o
USART6_IRQHandler                                 startup_stm32f4xx.o
USART_ClearFlag                                   /home/huynhtai/STM32/USART_DMA_FLASH_IWDG/stdperiph.a(stm32f4xx_usart.o)
USART_ClearITPendingBit                           /home/huynhtai/STM32/USART_DMA_FLASH_IWDG/stdperiph.a(stm32f4xx_usart.o)
                                                  main.o
USART_ClockInit                                   /home/huynhtai/STM32/USART_DMA_FLASH_IWDG/stdperiph.a(stm32f4xx_usart.o)
USART_ClockStructInit                             /home/huynhtai/STM32/USART_DMA_FLASH_IWDG/stdperiph.a(stm32f4xx_usart.o)
USART_Cmd                                         /home/huynhtai/STM32/USART_DMA_FLASH_IWDG/stdperiph.a(stm32f4xx_usart.o)
                                                  main.o
USART_DMACmd                                      /home/huynhtai/STM32/USART_DMA_FLASH_IWDG/stdperiph.a(stm32f4xx_usart.o)
                                                  main.o
USART_DeInit                                      /home/huynhtai/STM32/USART_DMA_FLASH_IWDG/stdperiph.a(stm32f4xx_usart.o)
USART_GetFlagStatus                               /home/huynhtai/STM32/USART_DMA_FLASH_IWDG/stdperiph.a(stm32f4xx_usart.o)
                                                  main.o
USART_GetITStatus                                 /home/huynhtai/STM32/USART_DMA_FLASH_IWDG/stdperiph.a(stm32f4xx_usart.o)
                                                  main.o
USART_HalfDuplexCmd                               /home/huynhtai/STM32/USART_DMA_FLASH_IWDG/stdperiph.a(stm32f4xx_usart.o)
USART_ITConfig                                    /home/huynhtai/STM32/USART_DMA_FLASH_IWDG/stdperiph.a(stm32f4xx_usart.o)
                                                  main.o
USART_Init                                        /home/huynhtai/STM32/USART_DMA_FLASH_IWDG/stdperiph.a(stm32f4xx_usart.o)
                                                  main.o
USART_IrDACmd                                     /home/huynhtai/STM32/USART_DMA_FLASH_IWDG/stdperiph.a(stm32f4xx_usart.o)
USART_IrDAConfig                                  /home/huynhtai/STM32/USART_DMA_FLASH_IWDG/stdperiph.a(stm32f4xx_usart.o)
USART_LINBreakDetectLengthConfig                  /home/huynhtai/STM32/USART_DMA_FLASH_IWDG/stdperiph.a(stm32f4xx_usart.o)
USART_LINCmd                                      /home/huynhtai/STM32/USART_DMA_FLASH_IWDG/stdperiph.a(stm32f4xx_usart.o)
USART_OneBitMethodCmd                             /home/huynhtai/STM32/USART_DMA_FLASH_IWDG/stdperiph.a(stm32f4xx_usart.o)
USART_OverSampling8Cmd                            /home/huynhtai/STM32/USART_DMA_FLASH_IWDG/stdperiph.a(stm32f4xx_usart.o)
USART_ReceiveData                                 /home/huynhtai/STM32/USART_DMA_FLASH_IWDG/stdperiph.a(stm32f4xx_usart.o)
USART_ReceiverWakeUpCmd                           /home/huynhtai/STM32/USART_DMA_FLASH_IWDG/stdperiph.a(stm32f4xx_usart.o)
USART_SendBreak                                   /home/huynhtai/STM32/USART_DMA_FLASH_IWDG/stdperiph.a(stm32f4xx_usart.o)
USART_SendData                                    /home/huynhtai/STM32/USART_DMA_FLASH_IWDG/stdperiph.a(stm32f4xx_usart.o)
USART_SendString                                  /home/huynhtai/STM32/USART_DMA_FLASH_IWDG/stdperiph.a(stm32f4xx_usart.o)
USART_SetAddress                                  /home/huynhtai/STM32/USART_DMA_FLASH_IWDG/stdperiph.a(stm32f4xx_usart.o)
USART_SetGuardTime                                /home/huynhtai/STM32/USART_DMA_FLASH_IWDG/stdperiph.a(stm32f4xx_usart.o)
USART_SetPrescaler                                /home/huynhtai/STM32/USART_DMA_FLASH_IWDG/stdperiph.a(stm32f4xx_usart.o)
USART_SmartCardCmd                                /home/huynhtai/STM32/USART_DMA_FLASH_IWDG/stdperiph.a(stm32f4xx_usart.o)
USART_SmartCardNACKCmd                            /home/huynhtai/STM32/USART_DMA_FLASH_IWDG/stdperiph.a(stm32f4xx_usart.o)
USART_StructInit                                  /home/huynhtai/STM32/USART_DMA_FLASH_IWDG/stdperiph.a(stm32f4xx_usart.o)
USART_WakeUpConfig                                /home/huynhtai/STM32/USART_DMA_FLASH_IWDG/stdperiph.a(stm32f4xx_usart.o)
UsageFault_Handler                                startup_stm32f4xx.o
WWDG_IRQHandler                                   startup_stm32f4xx.o
__bss_end__                                       startup_stm32f4xx.o
__bss_start__                                     startup_stm32f4xx.o
__data_end__                                      startup_stm32f4xx.o
__data_start__                                    startup_stm32f4xx.o
__sidata                                          startup_stm32f4xx.o
_estack                                           startup_stm32f4xx.o
a                                                 main.o
delay                                             main.o
dem                                               main.o
g_pfnVectors                                      startup_stm32f4xx.o
huart2                                            main.o
i                                                 main.o
init_GPIO                                         main.o
main                                              main.o
                                                  startup_stm32f4xx.o
msTicks                                           main.o
turnOffLED                                        CortexM4asmOps.o
turnOnLED                                         CortexM4asmOps.o
